 emerald3_3

 Timestamp is 65cb2905 (Tue Feb 13 19:02:05 2024)

 Preferred load address is 10000000

 Start         Length     Name                   Class
 0001:00000000 00000010H .text$di                CODE
 0001:00000010 0001aadfH .text$mn                CODE
 0001:0001aaef 000000bbH .text$x                 CODE
 0002:00000000 0000012cH .idata$5                DATA
 0002:0000012c 00000008H .00cfg                  DATA
 0002:00000134 00000004H .CRT$XCA                DATA
 0002:00000138 00000004H .CRT$XCU                DATA
 0002:0000013c 00000004H .CRT$XCZ                DATA
 0002:00000140 00000004H .CRT$XIA                DATA
 0002:00000144 00000010H .CRT$XIC                DATA
 0002:00000154 00000004H .CRT$XIZ                DATA
 0002:00000158 00000004H .CRT$XPA                DATA
 0002:0000015c 00000008H .CRT$XPX                DATA
 0002:00000164 00000004H .CRT$XPXA               DATA
 0002:00000168 00000004H .CRT$XPZ                DATA
 0002:0000016c 00000004H .CRT$XTA                DATA
 0002:00000170 00000010H .CRT$XTZ                DATA
 0002:00000174 00000000H .gfids$y                DATA
 0002:00000180 000071c0H .rdata                  DATA
 0002:00007340 00000000H .rdata$CastGuardVftablesA DATA
 0002:00007340 00000000H .rdata$CastGuardVftablesC DATA
 0002:00007340 000000dcH .rdata$r                DATA
 0002:0000741c 00000028H .rdata$sxdata           DATA
 0002:00007444 00000110H .rdata$voltmd           DATA
 0002:00007554 0000036cH .rdata$zzzdbg           DATA
 0002:000078c0 00000004H .rtc$IAA                DATA
 0002:000078c4 00000004H .rtc$IZZ                DATA
 0002:000078c8 00000004H .rtc$TAA                DATA
 0002:000078cc 00000004H .rtc$TZZ                DATA
 0002:000078d0 00000730H .xdata$x                DATA
 0002:00008000 000000c8H .edata                  DATA
 0002:000080c8 00000028H .idata$2                DATA
 0002:000080f0 00000014H .idata$3                DATA
 0002:00008104 0000012cH .idata$4                DATA
 0002:00008230 00000554H .idata$6                DATA
 0003:00000000 00000dc0H .data                   DATA
 0003:00000dc0 0000003cH .data$r                 DATA
 0003:00000dfc 0000001cH .data$rs                DATA
 0003:00000e18 00570b78H .bss                    DATA
 0004:00000000 00000060H .rsrc$01                DATA
 0004:00000060 00000180H .rsrc$02                DATA

  Address         Publics by Value              Rva+Base       Lib:Object

 0000:00000000       ___AbsoluteZero            00000000     <absolute>
 0000:00000000       ___arm64x_extra_rfe_table  00000000     <absolute>
 0000:00000000       ___arm64x_extra_rfe_table_size 00000000     <absolute>
 0000:00000000       ___arm64x_native_entrypoint 00000000     <absolute>
 0000:00000000       ___arm64x_redirection_metadata 00000000     <absolute>
 0000:00000000       ___arm64x_redirection_metadata_count 00000000     <absolute>
 0000:00000000       ___dynamic_value_reloc_table 00000000     <absolute>
 0000:00000000       ___enclave_config          00000000     <absolute>
 0000:00000000       ___guard_check_icall_a64n_fptr 00000000     <absolute>
 0000:00000000       ___guard_eh_cont_count     00000000     <absolute>
 0000:00000000       ___guard_eh_cont_table     00000000     <absolute>
 0000:00000000       ___guard_fids_count        00000000     <absolute>
 0000:00000000       ___guard_fids_table        00000000     <absolute>
 0000:00000000       ___guard_iat_count         00000000     <absolute>
 0000:00000000       ___guard_iat_table         00000000     <absolute>
 0000:00000000       ___guard_longjmp_count     00000000     <absolute>
 0000:00000000       ___guard_longjmp_table     00000000     <absolute>
 0000:00000000       ___hybrid_auxiliary_delayload_iat 00000000     <absolute>
 0000:00000000       ___hybrid_auxiliary_delayload_iat_copy 00000000     <absolute>
 0000:00000000       ___hybrid_auxiliary_iat    00000000     <absolute>
 0000:00000000       ___hybrid_auxiliary_iat_copy 00000000     <absolute>
 0000:00000000       ___hybrid_code_map         00000000     <absolute>
 0000:00000000       ___hybrid_code_map_count   00000000     <absolute>
 0000:00000000       ___hybrid_image_info_bitfield 00000000     <absolute>
 0000:00000000       ___x64_code_ranges_to_entry_points 00000000     <absolute>
 0000:00000000       ___x64_code_ranges_to_entry_points_count 00000000     <absolute>
 0000:00000000       __except_list              00000000     <absolute>
 0000:0000000a       ___safe_se_handler_count   0000000a     <absolute>
 0000:00000100       ___guard_flags             00000100     <absolute>
 0000:00000000       ___ImageBase               10000000     <linker-defined>
 0001:00000010       ?GetArtifactRecord@@YAPAUART_RECORD@@H@Z 10001010 f   heroes.obj
 0001:00000030       ?GetHeroRecord@@YAPADH@Z   10001030 f   heroes.obj
 0001:00000050       ?CleanBegin@@YAXXZ         10001050 f   CleanBegin.obj
 0001:000001a0       ?FileExists@@YAHPBD@Z      100011a0 f i config.obj
 0001:000001d0       ?LoadArtifactConfig@@YAXH@Z 100011d0 f   config.obj
 0001:000002b0       ?LoadConfigs@@YGXPAUTEvent@@@Z 100012b0 f   config.obj
 0001:00000420       ?ParseByte@@YAXPAD00@Z     10001420 f   config.obj
 0001:00000490       ?ParseInt@@YAXPAD0PAH@Z    10001490 f   config.obj
 0001:00000500       ?ParseStr2@@YAXPAD0AAPAD10AAH@Z 10001500 f   config.obj
 0001:000005c0       ?ParseStr@@YAHPAD0QAD@Z    100015c0 f   config.obj
 0001:00000740       ?ParseTuple@@YAHPAD0QAH@Z  10001740 f   config.obj
 0001:00000850       ?strpbrk@@YAPADQADQBD@Z    10001850 f i config.obj
 0001:00000870       ?strstr@@YAPADQADQBD@Z     10001870 f i config.obj
 0001:00000890       _ConfigureArt              10001890 f   config.obj
 0001:00001700       ___local_stdio_printf_options 10002700 f i config.obj
 0001:00001710       __vsnprintf_l              10002710 f i config.obj
 0001:00001760       __vsprintf_l               10002760 f i config.obj
 0001:00001780       _sprintf                   10002780 f i config.obj
 0001:000017c0       ?DebugWindow@@YAXXZ        100027c0 f   DebugWindow.obj
 0001:00001ab0       ?GetPatcher@@YAPAVPatcher@@XZ 10002ab0 f i dllmain.obj
 0001:00001b10       ?Lock@@YGXPAUTEvent@@@Z    10002b10 f   dllmain.obj
 0001:00001b30       ?RestoreData@@YGXPAUTEvent@@@Z 10002b30 f   dllmain.obj
 0001:00001b60       ?StoreData@@YGXPAUTEvent@@@Z 10002b60 f   dllmain.obj
 0001:00001b90       ?Unlock@@YGXPAUTEvent@@@Z  10002b90 f   dllmain.obj
 0001:00001bb0       ?Z_OnAfterCreateWindow@@YGXPAUTEvent@@@Z 10002bb0 f   dllmain.obj
 0001:00001bd0       ?Z_OnAfterErmInstructions@@YGXPAUTEvent@@@Z 10002bd0 f   dllmain.obj
 0001:00001be0       ?Z_OnAfterWog@@YGXPAUTEvent@@@Z 10002be0 f   dllmain.obj
 0001:00001c10       _DllMain@12                10002c10 f   dllmain.obj
 0001:00001fb0       ?NewHasArtifact@@YGHPAVHiHook@@PAUHERO@@H@Z 10002fb0 f   duplicate.obj
 0001:00002150       ?NewHasArtifactInBP@@YGHPAVHiHook@@PAUHERO@@H@Z 10003150 f   duplicate.obj
 0001:00002290       ?ArtTypesHook@@YGHPAVLoHook@@PAUHookContext@@@Z 10003290 f   emerald.obj
 0001:000022d0       ?CastArtifactSummon@@YAXHHHH@Z 100032d0 f   emerald.obj
 0001:000025a0       ?Emerald@@YGXPAUTEvent@@@Z 100035a0 f   emerald.obj
 0001:00003080       ?EmeraldStrings2@@YGXPAUTEvent@@@Z 10004080 f   emerald.obj
 0001:00003100       _CastArtifactSpell         10004100 f   emerald.obj
 0001:000031a0       _ExecErmSequence           100041a0 f   emerald.obj
 0001:000032c0       ?BattleStartHook@@YGHPAVLoHook@@PAUHookContext@@@Z 100042c0 f   events.obj
 0001:00003660       ?OnBattleEnd@@YGXPAUTEvent@@@Z 10004660 f   events.obj
 0001:00003800       ?OnBattleStart@@YGXPAUTEvent@@@Z 10004800 f   events.obj
 0001:000039e0       ?OnCreatureParamInit@@YGHPAVHiHook@@PAUHERO@@HPAUMONSTER_PROP@@@Z 100049e0 f   events.obj
 0001:00003e20       ?OnEquip@@YGXPAUTEvent@@@Z 10004e20 f   events.obj
 0001:00003e80       ?OnNewDay@@YGXPAUTEvent@@@Z 10004e80 f   events.obj
 0001:000041c0       ?OnUnequip@@YGXPAUTEvent@@@Z 100051c0 f   events.obj
 0001:00004210       ??0GAMEDATA2@@QAE@XZ       10005210 f i External.obj
 0001:00004230       ?LuckTextHook@@YGHPAVLoHook@@PAUHookContext@@@Z 10005230 f   luckmorale.obj
 0001:00004560       ?LuckValueHook@@YGHPAVLoHook@@PAUHookContext@@@Z 10005560 f   luckmorale.obj
 0001:000047b0       ?MoraleTextHook@@YGHPAVLoHook@@PAUHookContext@@@Z 100057b0 f   luckmorale.obj
 0001:00004af0       ?MoraleValueHook@@YGHPAVLoHook@@PAUHookContext@@@Z 10005af0 f   luckmorale.obj
 0001:00004d40       ?AbsorbDamage@@YANHHH@Z    10005d40 f   properties.obj
 0001:00004d60       ?BattleStartAction@@YAXHH@Z 10005d60 f   properties.obj
 0001:00004db0       ?CalculateAttackBonus@@YAHHH@Z 10005db0 f   properties.obj
 0001:00004dc0       ?CalculateDefenceBonus@@YAHHH@Z 10005dc0 f   properties.obj
 0001:00004dd0       ?CalculateDmgHighBonus@@YAHHH@Z 10005dd0 f   properties.obj
 0001:00004de0       ?CalculateDmgLowBonus@@YAHHH@Z 10005de0 f   properties.obj
 0001:00004df0       ?CalculateHealthBonus@@YAHHH@Z 10005df0 f   properties.obj
 0001:00004e00       ?CalculateShotsBonus@@YAHHH@Z 10005e00 f   properties.obj
 0001:00004e10       ?CalculateSpeedBonus@@YAHHH@Z 10005e10 f   properties.obj
 0001:00004e20       ?CalculateSpellsBonus@@YAHHH@Z 10005e20 f   properties.obj
 0001:00004e30       ?GetLuckBonus@@YAHHH@Z     10005e30 f   properties.obj
 0001:00004e40       ?GetLuckBonusFromBP@@YAHHH@Z 10005e40 f   properties.obj
 0001:00004e50       ?GetMoraleBonus@@YAHHH@Z   10005e50 f   properties.obj
 0001:00004e60       ?GetMoraleBonusFromBP@@YAHHH@Z 10005e60 f   properties.obj
 0001:00004e70       ?IsArtifactAllowFly@@YAHHH@Z 10005e70 f   properties.obj
 0001:00004e70       ?IsArtifactAllowWaterWalk@@YAHHH@Z 10005e70 f   properties.obj
 0001:00004e80       ?ReallocProhibitionTables@@YGXPAUTEvent@@@Z 10005e80 f   random.obj
 0001:00005850       ?ResistanceHook@@YGNPAVHiHook@@HHPAUHERO@@1@Z 10006850 f   resistance.obj
 0001:00005930       ?SpellSet_4EL@@YAXXZ       10006930 f   SpellSet.obj
 0001:00005990       ?SpellSet_ADV@@YAXXZ       10006990 f   SpellSet.obj
 0001:00005a60       ?SpellSet_ALL@@YAXXZ       10006a60 f   SpellSet.obj
 0001:00005a90       ?SpellSet_EYE@@YAXXZ       10006a90 f   SpellSet.obj
 0001:00005ae0       ?SpellSet_LV1@@YAXXZ       10006ae0 f   SpellSet.obj
 0001:00005b20       ?SpellSet_LV2@@YAXXZ       10006b20 f   SpellSet.obj
 0001:00005b60       ?SpellSet_LV3@@YAXXZ       10006b60 f   SpellSet.obj
 0001:00005ba0       ?SpellSet_LV4@@YAXXZ       10006ba0 f   SpellSet.obj
 0001:00005be0       ?SpellSet_TP@@YAXXZ        10006be0 f   SpellSet.obj
 0001:00005c28       ___raise_securityfailure   10006c28 f   LIBCMT:gs_report.obj
 0001:00005c50       ___report_gsfailure        10006c50 f   LIBCMT:gs_report.obj
 0001:00005d4a       ___report_rangecheckfailure 10006d4a f   LIBCMT:gs_report.obj
 0001:00005d56       ___report_securityfailure  10006d56 f   LIBCMT:gs_report.obj
 0001:00005e25       @__security_check_cookie@4 10006e25 f   LIBCMT:secchk.obj
 0001:00005e40       __alloca_probe             10006e40 f   LIBCMT:chkstk.obj
 0001:00005e40       __chkstk                   10006e40 f   LIBCMT:chkstk.obj
 0001:000061ab       __DllMainCRTStartup@12     100071ab f   LIBCMT:dll_dllmain.obj
 0001:0000621b       ___security_init_cookie    1000721b f   LIBCMT:gs_support.obj
 0001:00006266       ?__scrt_initialize_type_info@@YAXXZ 10007266 f   LIBCMT:tncleanup.obj
 0001:00006272       ?__scrt_uninitialize_type_info@@YAXXZ 10007272 f   LIBCMT:tncleanup.obj
 0001:0000627e       ___local_stdio_scanf_options 1000727e f i LIBCMT:default_local_stdio_options.obj
 0001:00006284       ___scrt_initialize_default_local_stdio_options 10007284 f   LIBCMT:default_local_stdio_options.obj
 0001:000062e5       ___scrt_acquire_startup_lock 100072e5 f   LIBCMT:utility.obj
 0001:00006317       ___scrt_dllmain_after_initialize_c 10007317 f   LIBCMT:utility.obj
 0001:00006342       ___scrt_dllmain_before_initialize_c 10007342 f   LIBCMT:utility.obj
 0001:00006350       ___scrt_dllmain_crt_thread_attach 10007350 f   LIBCMT:utility.obj
 0001:0000636f       ___scrt_dllmain_crt_thread_detach 1000736f f   LIBCMT:utility.obj
 0001:0000637c       ___scrt_dllmain_exception_filter 1000737c f   LIBCMT:utility.obj
 0001:000063b0       ___scrt_dllmain_uninitialize_c 100073b0 f   LIBCMT:utility.obj
 0001:000063d3       ___scrt_dllmain_uninitialize_critical 100073d3 f   LIBCMT:utility.obj
 0001:000063e0       ___scrt_initialize_crt     100073e0 f   LIBCMT:utility.obj
 0001:00006419       ___scrt_initialize_onexit_tables 10007419 f   LIBCMT:utility.obj
 0001:000064a0       ___scrt_is_nonwritable_in_current_image 100074a0 f   LIBCMT:utility.obj
 0001:00006534       ___scrt_release_startup_lock 10007534 f   LIBCMT:utility.obj
 0001:00006551       ___scrt_uninitialize_crt   10007551 f   LIBCMT:utility.obj
 0001:00006579       ___scrt_get_dyn_tls_init_callback 10007579 f   LIBCMT:dyn_tls_init.obj
 0001:0000657f       ___scrt_fastfail           1000757f f   LIBCMT:utility_desktop.obj
 0001:00006694       __crt_debugger_hook        10007694 f   LIBCMT:utility_desktop.obj
 0001:0000669c       __RTC_Initialize           1000769c f   LIBCMT:initsect.obj
 0001:000066c8       __RTC_Terminate            100076c8 f   LIBCMT:initsect.obj
 0001:00006700       __SEH_prolog4              10007700 f   LIBCMT:sehprolg4.obj
 0001:00006745       @_guard_check_icall_nop@4  10007745 f i LIBCMT:guard_support.obj
 0001:00006748       ___isa_available_init      10007748 f   LIBCMT:cpu_disp.obj
 0001:0000691c       __get_startup_argv_mode    1000791c f   LIBCMT:argv_mode.obj
 0001:00006920       ___scrt_is_ucrt_dll_in_use 10007920 f   LIBCMT:ucrt_detection.obj
 0001:00006930       _memset                    10007930 f   libvcruntime:memset.obj
 0001:00006a90       _strstr                    10007a90 f   libvcruntime:strstr.obj
 0001:00006d40       __except_handler4          10007d40 f   libvcruntime:chandler4.obj
 0001:00006e9e       ___std_type_info_compare   10007e9e f   libvcruntime:std_type_info.obj
 0001:00006eda       ___std_type_info_destroy_list 10007eda f   libvcruntime:std_type_info.obj
 0001:00006efd       ___vcrt_initialize         10007efd f   libvcruntime:initialization.obj
 0001:00006f1c       ___vcrt_thread_attach      10007f1c f   libvcruntime:initialization.obj
 0001:00006f27       ___vcrt_thread_detach      10007f27 f   libvcruntime:initialization.obj
 0001:00006f2f       ___vcrt_uninitialize       10007f2f f   libvcruntime:initialization.obj
 0001:00006f46       ___vcrt_uninitialize_critical 10007f46 f   libvcruntime:initialization.obj
 0001:00006f4e       ___DestructExceptionObject 10007f4e f   libvcruntime:ehhelpers.obj
 0001:00006fef       ?_CallMemberFunction0@@YGXQAX0@Z 10007fef f i libvcruntime:ehhelpers.obj
 0001:00007054       __IsExceptionObjectToBeDestroyed 10008054 f   libvcruntime:ehhelpers.obj
 0001:0000707a       ___AdjustPointer           1000807a f   libvcruntime:ehhelpers.obj
 0001:0000709f       ___FrameUnwindFilter       1000809f f   libvcruntime:ehhelpers.obj
 0001:000070f5       ___std_terminate           100080f5 f   libvcruntime:ehhelpers.obj
 0001:00007100       _strchr                    10008100 f   libvcruntime:strchr.obj
 0001:0000716e       ___from_strstr_to_strchr   1000816e     libvcruntime:strchr.obj
 0001:00007230       __local_unwind4            10008230 f   libvcruntime:exsup4.obj
 0001:00007320       @_EH4_CallFilterFunc@8     10008320 f   libvcruntime:exsup4.obj
 0001:00007340       @_EH4_TransferToHandler@8  10008340 f   libvcruntime:exsup4.obj
 0001:00007360       @_EH4_GlobalUnwind2@8      10008360 f   libvcruntime:exsup4.obj
 0001:00007380       @_EH4_LocalUnwind@16       10008380 f   libvcruntime:exsup4.obj
 0001:00007397       ___except_validate_context_record 10008397 f   libvcruntime:jbcxrval.obj
 0001:000073c7       ___vcrt_freefls@4          100083c7 f   libvcruntime:per_thread_data.obj
 0001:000073e3       ___vcrt_freeptd_for_this_thread 100083e3 f   libvcruntime:per_thread_data.obj
 0001:0000740e       ___vcrt_getptd             1000840e f   libvcruntime:per_thread_data.obj
 0001:0000741c       ___vcrt_getptd_noexit      1000841c f   libvcruntime:per_thread_data.obj
 0001:000074ae       ___vcrt_initialize_ptd     100084ae f   libvcruntime:per_thread_data.obj
 0001:000074e1       ___vcrt_uninitialize_ptd   100084e1 f   libvcruntime:per_thread_data.obj
 0001:000074fc       ___vcrt_initialize_locks   100084fc f   libvcruntime:locks.obj
 0001:00007538       ___vcrt_uninitialize_locks 10008538 f   libvcruntime:locks.obj
 0001:00007570       __NLG_Notify1              10008570 f   libvcruntime:exsup.obj
 0001:00007580       __NLG_Notify               10008580 f   libvcruntime:exsup.obj
 0001:00007597       __NLG_Dispatch             10008597     libvcruntime:exsup.obj
 0001:00007597       __NLG_Dispatch2            10008597     libvcruntime:exsup.obj
 0001:000075a0       __NLG_Call                 100085a0 f   libvcruntime:exsup.obj
 0001:000075a2       __NLG_Return2              100085a2     libvcruntime:exsup.obj
 0001:000075a3       ?GetRangeOfTrysToCheck@__FrameHandler3@@SA?AU?$pair@Viterator@TryBlockMap@__FrameHandler3@@V123@@std@@AAVTryBlockMap@1@HPAXPBU_s_FuncInfo@@H@Z 100085a3 f   libvcruntime:trnsctrl.obj
 0001:00007612       ?_CallCatchBlock2@@YAPAXPAUEHRegistrationNode@@PBU_s_FuncInfo@@PAXHK@Z 10008612 f   libvcruntime:trnsctrl.obj
 0001:0000766f       ?_CallSETranslator@@YAHPAUEHExceptionRecord@@PAUEHRegistrationNode@@PAX2PBU_s_FuncInfo@@H1@Z 1000866f f   libvcruntime:trnsctrl.obj
 0001:0000775f       ?_JumpToContinuation@@YGXPAXPAUEHRegistrationNode@@@Z 1000875f f   libvcruntime:trnsctrl.obj
 0001:0000778f       ?_UnwindNestedFrames@@YGXPAUEHRegistrationNode@@PAUEHExceptionRecord@@@Z 1000878f f   libvcruntime:trnsctrl.obj
 0001:000077e2       __CatchGuardHandler        100087e2 f   libvcruntime:trnsctrl.obj
 0001:00007813       __CreateFrameInfo          10008813 f   libvcruntime:trnsctrl.obj
 0001:00007837       __FindAndUnlinkFrame       10008837 f   libvcruntime:trnsctrl.obj
 0001:0000787f       __TranslatorGuardHandler   1000887f f   libvcruntime:trnsctrl.obj
 0001:0000791c       ___CxxFrameHandler3        1000891c f   libvcruntime:trnsctrl.obj
 0001:00007960       _memcpy                    10008960 f   libvcruntime:memcpy.obj
 0001:00007960       _memmove                   10008960 f   libvcruntime:memmove.obj
 0001:00007fbf       ___vcrt_FlsAlloc           10008fbf f   libvcruntime:winapi_downlevel.obj
 0001:00007ffb       ___vcrt_FlsFree            10008ffb f   libvcruntime:winapi_downlevel.obj
 0001:00008036       ___vcrt_FlsGetValue        10009036 f   libvcruntime:winapi_downlevel.obj
 0001:00008071       ___vcrt_FlsSetValue        10009071 f   libvcruntime:winapi_downlevel.obj
 0001:000080af       ___vcrt_InitializeCriticalSectionEx 100090af f   libvcruntime:winapi_downlevel.obj
 0001:00008828       ??$TypeMatchHelper@V__FrameHandler3@@@@YAHPBU_s_HandlerType@@PBU_s_CatchableType@@PBU_s_ThrowInfo@@@Z 10009828 f i libvcruntime:frame.obj
 0001:000088b6       ??$__InternalCxxFrameHandler@V__FrameHandler3@@@@YA?AW4_EXCEPTION_DISPOSITION@@PAUEHExceptionRecord@@PAUEHRegistrationNode@@PAU_CONTEXT@@PAXPBU_s_FuncInfo@@H1E@Z 100098b6 f i libvcruntime:frame.obj
 0001:000089b8       ??$__InternalCxxFrameHandlerWrapper@V__FrameHandler3@@@@YA?AW4_EXCEPTION_DISPOSITION@@PAUEHExceptionRecord@@PAUEHRegistrationNode@@PAU_CONTEXT@@PAXPBU_s_FuncInfo@@H1E@Z 100099b8 f i libvcruntime:frame.obj
 0001:000089c1       ??0bad_exception@std@@QAE@ABV01@@Z 100099c1 f i libvcruntime:frame.obj
 0001:000089dc       ??0bad_exception@std@@QAE@XZ 100099dc f i libvcruntime:frame.obj
 0001:000089f4       ??0exception@std@@QAE@ABV01@@Z 100099f4 f i libvcruntime:frame.obj
 0001:00008a20       ??1bad_exception@std@@UAE@XZ 10009a20 f i libvcruntime:frame.obj
 0001:00008a31       ??8type_info@@QBE_NABV0@@Z 10009a31 f i libvcruntime:frame.obj
 0001:00008a50       ??_Ebad_exception@std@@UAEPAXI@Z 10009a50 f i libvcruntime:frame.obj
 0001:00008a50       ??_Eexception@std@@UAEPAXI@Z 10009a50 f i libvcruntime:frame.obj
 0001:00008a50       ??_Gbad_exception@std@@UAEPAXI@Z 10009a50 f i libvcruntime:frame.obj
 0001:00008a50       ??_Gexception@std@@UAEPAXI@Z 10009a50 f i libvcruntime:frame.obj
 0001:00008cd5       ?FrameUnwindToEmptyState@__FrameHandler3@@SAXPAUEHRegistrationNode@@PAXPBU_s_FuncInfo@@@Z 10009cd5 f   libvcruntime:frame.obj
 0001:00008ced       ?FrameUnwindToState@__FrameHandler3@@SAXPAUEHRegistrationNode@@PAXPBU_s_FuncInfo@@H@Z 10009ced f   libvcruntime:frame.obj
 0001:00008e6f       ?_CallMemberFunction1@@YGXQAX00@Z 10009e6f f i libvcruntime:frame.obj
 0001:00008e7f       ?_CallMemberFunction2@@YGXQAX00H@Z 10009e7f f i libvcruntime:frame.obj
 0001:00008e92       ?getESTypes@__FrameHandler3@@SAPBU_s_ESTypeList@@PBU_s_FuncInfo@@@Z 10009e92 f i libvcruntime:frame.obj
 0001:00008e9d       ?what@exception@std@@UBEPBDXZ 10009e9d f i libvcruntime:frame.obj
 0001:00008eb0       __CallSettingFrame@12      10009eb0 f   libvcruntime:lowhelpr.obj
 0001:00008ed7       __NLG_Return               10009ed7     libvcruntime:lowhelpr.obj
 0001:00008efc       _unexpected                10009efc f   libvcruntime:unexpected.obj
 0001:00008f19       ?GetCurrentState@__FrameHandler3@@SAHPAUEHRegistrationNode@@PAXPBU_s_FuncInfo@@@Z 10009f19 f   libvcruntime:ehstate.obj
 0001:00008f36       ?SetState@__FrameHandler3@@SAXPAUEHRegistrationNode@@PBU_s_FuncInfo@@H@Z 10009f36 f   libvcruntime:ehstate.obj
 0001:00008f44       ___std_exception_copy      10009f44 f   libvcruntime:std_exception.obj
 0001:00008fa7       ___std_exception_destroy   10009fa7 f   libvcruntime:std_exception.obj
 0001:00008fc6       __CxxThrowException@8      10009fc6 f   libvcruntime:throw.obj
 0001:00009040       _strncpy                   1000a040 f   libucrt:strncpy.obj
 0001:00009170       _strpbrk                   1000a170 f   libucrt:strpbrk.obj
 0001:000091b0       _strtok                    1000a1b0 f   libucrt:strtok.obj
 0001:000091ce       ??$is_overflow_condition@K@__crt_strtox@@YA_NIK@Z 1000a1ce f i libucrt:atox.obj
 0001:000091ff       ??$parse_integer@KV?$c_string_character_source@D@__crt_strtox@@$00@__crt_strtox@@YAKAAV__crt_cached_ptd_host@@V?$c_string_character_source@D@0@H_N@Z 1000a1ff f i libucrt:atox.obj
 0001:00009450       ??0__crt_cached_ptd_host@@QAE@QAU__crt_locale_pointers@@@Z 1000a450 f i libucrt:atox.obj
 0001:000094b0       ??1__crt_cached_ptd_host@@QAE@XZ 1000a4b0 f i libucrt:atox.obj
 0001:000094f0       ?force_synchronize_per_thread_data@__crt_cached_ptd_host@@AAEPAU__acrt_ptd@@XZ 1000a4f0 f i libucrt:atox.obj
 0001:00009540       ?get_raw_ptd@__crt_cached_ptd_host@@QAEPAU__acrt_ptd@@XZ 1000a540 f i libucrt:atox.obj
 0001:0000959c       ?unget@?$c_string_character_source@D@__crt_strtox@@QAEXD@Z 1000a59c f i libucrt:atox.obj
 0001:000095d0       ?update_locale_slow@__crt_cached_ptd_host@@AAEXXZ 1000a5d0 f i libucrt:atox.obj
 0001:0000962b       ?validate@?$c_string_character_source@D@__crt_strtox@@QBE_NXZ 1000a62b f i libucrt:atox.obj
 0001:00009646       ___acrt_locale_get_ctype_array_value 1000a646 f i libucrt:atox.obj
 0001:00009668       __ischartype_l             1000a668 f i libucrt:atox.obj
 0001:000096bf       _atoi                      1000a6bf f   libucrt:atox.obj
 0001:00009823       _fclose                    1000a823 f   libucrt:fclose.obj
 0001:0000990a       _fopen                     1000a90a f   libucrt:fopen.obj
 0001:00009921       __fread_nolock_s           1000a921 f   libucrt:fread.obj
 0001:00009b07       _fread                     1000ab07 f   libucrt:fread.obj
 0001:00009b24       _fread_s                   1000ab24 f   libucrt:fread.obj
 0001:00009c42       ?LongLongSub@@YAJ_J0PA_J@Z 1000ac42 f i libucrt:fseek.obj
 0001:00009f1d       _fseek                     1000af1d f   libucrt:fseek.obj
 0001:0000a565       __ftelli64_nolock_internal 1000b565 f   libucrt:ftell.obj
 0001:0000a570       _ftell                     1000b570 f   libucrt:ftell.obj
 0001:0000a686       _rewind                    1000b686 f   libucrt:rewind.obj
 0001:0000a824       ??$count@D@formatting_buffer@__crt_stdio_output@@QBEIXZ 1000b824 f i libucrt:output.obj
 0001:0000a83c       ??$ensure_buffer_is_big_enough@D@formatting_buffer@__crt_stdio_output@@QAE_NIAAV__crt_cached_ptd_host@@@Z 1000b83c f i libucrt:output.obj
 0001:0000a8bd       ??$is_wide_character_specifier@D@__crt_stdio_output@@YA_N_KDW4length_modifier@0@@Z 1000b8bd f i libucrt:output.obj
 0001:0000a8ee       ??$parse_integer@KV?$c_string_character_source@D@__crt_strtox@@$0A@@__crt_strtox@@YAKAAV__crt_cached_ptd_host@@V?$c_string_character_source@D@0@H_N@Z 1000b8ee f i libucrt:output.obj
 0001:0000aafd       ??$scratch_data@D@formatting_buffer@__crt_stdio_output@@QAEPADXZ 1000bafd f i libucrt:output.obj
 0001:0000ab1b       ??$type_case_integer@$07@?$output_processor@DV?$string_output_adapter@D@__crt_stdio_output@@V?$standard_base@DV?$string_output_adapter@D@__crt_stdio_output@@@2@@__crt_stdio_output@@AAE_N_N@Z 1000bb1b f i libucrt:output.obj
 0001:0000ac98       ??$type_case_integer@$09@?$output_processor@DV?$string_output_adapter@D@__crt_stdio_output@@V?$standard_base@DV?$string_output_adapter@D@__crt_stdio_output@@@2@@__crt_stdio_output@@AAE_N_N@Z 1000bc98 f i libucrt:output.obj
 0001:0000ae15       ??$type_case_integer@$0BA@@?$output_processor@DV?$string_output_adapter@D@__crt_stdio_output@@V?$standard_base@DV?$string_output_adapter@D@__crt_stdio_output@@@2@@__crt_stdio_output@@AAE_N_N@Z 1000be15 f i libucrt:output.obj
 0001:0000af92       ??$type_case_integer_parse_into_buffer@I$07@?$output_processor@DV?$string_output_adapter@D@__crt_stdio_output@@V?$standard_base@DV?$string_output_adapter@D@__crt_stdio_output@@@2@@__crt_stdio_output@@AAEXI_N@Z 1000bf92 f i libucrt:output.obj
 0001:0000affc       ??$type_case_integer_parse_into_buffer@I$09@?$output_processor@DV?$string_output_adapter@D@__crt_stdio_output@@V?$standard_base@DV?$string_output_adapter@D@__crt_stdio_output@@@2@@__crt_stdio_output@@AAEXI_N@Z 1000bffc f i libucrt:output.obj
 0001:0000b076       ??$type_case_integer_parse_into_buffer@I$0BA@@?$output_processor@DV?$string_output_adapter@D@__crt_stdio_output@@V?$standard_base@DV?$string_output_adapter@D@__crt_stdio_output@@@2@@__crt_stdio_output@@AAEXI_N@Z 1000c076 f i libucrt:output.obj
 0001:0000b0fe       ??$type_case_integer_parse_into_buffer@_K$07@?$output_processor@DV?$string_output_adapter@D@__crt_stdio_output@@V?$standard_base@DV?$string_output_adapter@D@__crt_stdio_output@@@2@@__crt_stdio_output@@AAEX_K_N@Z 1000c0fe f i libucrt:output.obj
 0001:0000b176       ??$type_case_integer_parse_into_buffer@_K$09@?$output_processor@DV?$string_output_adapter@D@__crt_stdio_output@@V?$standard_base@DV?$string_output_adapter@D@__crt_stdio_output@@@2@@__crt_stdio_output@@AAEX_K_N@Z 1000c176 f i libucrt:output.obj
 0001:0000b212       ??$type_case_integer_parse_into_buffer@_K$0BA@@?$output_processor@DV?$string_output_adapter@D@__crt_stdio_output@@V?$standard_base@DV?$string_output_adapter@D@__crt_stdio_output@@@2@@__crt_stdio_output@@AAEX_K_N@Z 1000c212 f i libucrt:output.obj
 0001:0000b2a4       ??0?$output_adapter_data@DV?$string_output_adapter@D@__crt_stdio_output@@@__crt_stdio_output@@IAE@ABV?$string_output_adapter@D@1@_KQBDAAV__crt_cached_ptd_host@@QAD@Z 1000c2a4 f i libucrt:output.obj
 0001:0000b30b       ??1formatting_buffer@__crt_stdio_output@@QAE@XZ 1000c30b f i libucrt:output.obj
 0001:0000b325       ??4?$__crt_unique_heap_ptr@DU__crt_internal_free_policy@@@@QAEAAV0@$$QAV0@@Z 1000c325 f i libucrt:output.obj
 0001:0000b349       ?crop_zeroes@__crt_stdio_output@@YAXPADQAU__crt_locale_pointers@@@Z 1000c349 f i libucrt:output.obj
 0001:0000b3a9       ?find_next_state@?$output_processor@DV?$string_output_adapter@D@__crt_stdio_output@@V?$standard_base@DV?$string_output_adapter@D@__crt_stdio_output@@@2@@__crt_stdio_output@@ABE?AW4state@2@DW432@@Z 1000c3a9 f i libucrt:output.obj
 0001:0000b3e4       ?force_decimal_point@__crt_stdio_output@@YAXPADQAU__crt_locale_pointers@@@Z 1000c3e4 f i libucrt:output.obj
 0001:0000b440       ?parse_int_from_format_string@?$output_processor@DV?$string_output_adapter@D@__crt_stdio_output@@V?$standard_base@DV?$string_output_adapter@D@__crt_stdio_output@@@2@@__crt_stdio_output@@AAE_NQAH@Z 1000c440 f i libucrt:output.obj
 0001:0000b4b8       ?process@?$output_processor@DV?$string_output_adapter@D@__crt_stdio_output@@V?$standard_base@DV?$string_output_adapter@D@__crt_stdio_output@@@2@@__crt_stdio_output@@QAEHXZ 1000c4b8 f i libucrt:output.obj
 0001:0000b78c       ?state_case_size@?$output_processor@DV?$string_output_adapter@D@__crt_stdio_output@@V?$standard_base@DV?$string_output_adapter@D@__crt_stdio_output@@@2@@__crt_stdio_output@@AAE_NXZ 1000c78c f i libucrt:output.obj
 0001:0000b8ea       ?state_case_type@?$output_processor@DV?$string_output_adapter@D@__crt_stdio_output@@V?$standard_base@DV?$string_output_adapter@D@__crt_stdio_output@@@2@@__crt_stdio_output@@AAE_NXZ 1000c8ea f i libucrt:output.obj
 0001:0000bc78       ?to_integer_size@__crt_stdio_output@@YAIW4length_modifier@1@@Z 1000cc78 f i libucrt:output.obj
 0001:0000bccc       ?type_case_Z@?$output_processor@DV?$string_output_adapter@D@__crt_stdio_output@@V?$standard_base@DV?$string_output_adapter@D@__crt_stdio_output@@@2@@__crt_stdio_output@@AAE_NXZ 1000cccc f i libucrt:output.obj
 0001:0000bd26       ?type_case_a@?$output_processor@DV?$string_output_adapter@D@__crt_stdio_output@@V?$standard_base@DV?$string_output_adapter@D@__crt_stdio_output@@@2@@__crt_stdio_output@@AAE_NXZ 1000cd26 f i libucrt:output.obj
 0001:0000beb0       ?type_case_c_tchar@?$output_processor@DV?$string_output_adapter@D@__crt_stdio_output@@V?$standard_base@DV?$string_output_adapter@D@__crt_stdio_output@@@2@@__crt_stdio_output@@AAE_ND@Z 1000ceb0 f i libucrt:output.obj
 0001:0000bf45       ?type_case_n@?$output_processor@DV?$string_output_adapter@D@__crt_stdio_output@@V?$standard_base@DV?$string_output_adapter@D@__crt_stdio_output@@@2@@__crt_stdio_output@@AAE_NXZ 1000cf45 f i libucrt:output.obj
 0001:0000bfc9       ?type_case_o@?$output_processor@DV?$string_output_adapter@D@__crt_stdio_output@@V?$standard_base@DV?$string_output_adapter@D@__crt_stdio_output@@@2@@__crt_stdio_output@@AAE_NXZ 1000cfc9 f i libucrt:output.obj
 0001:0000bfe6       ?type_case_p@?$output_processor@DV?$string_output_adapter@D@__crt_stdio_output@@V?$standard_base@DV?$string_output_adapter@D@__crt_stdio_output@@@2@@__crt_stdio_output@@AAE_NXZ 1000cfe6 f i libucrt:output.obj
 0001:0000bffc       ?type_case_s@?$output_processor@DV?$string_output_adapter@D@__crt_stdio_output@@V?$standard_base@DV?$string_output_adapter@D@__crt_stdio_output@@@2@@__crt_stdio_output@@AAE_NXZ 1000cffc f i libucrt:output.obj
 0001:0000c06d       ?validate@?$string_output_adapter@D@__crt_stdio_output@@QBE_NAAV__crt_cached_ptd_host@@@Z 1000d06d f i libucrt:output.obj
 0001:0000c09e       ?write_string@?$string_output_adapter@D@__crt_stdio_output@@QBEXQBDHQAHAAV__crt_cached_ptd_host@@@Z 1000d09e f i libucrt:output.obj
 0001:0000c105       ___stdio_common_vsprintf   1000d105 f   libucrt:output.obj
 0001:0000c146       ??$__acrt_convert_wcs_mbs_cp@D_WV<lambda_62f6974d9771e494a5ea317cc32e971c>@@U__crt_win32_buffer_internal_dynamic_resizing@@@@YAHQBDAAV?$__crt_win32_buffer@_WU__crt_win32_buffer_internal_dynamic_resizing@@@@ABV<lambda_62f6974d9771e494a5ea317cc32e971c>@@I@Z 1000d146 f i libucrt:access.obj
 0001:0000c1f8       ??$__acrt_mbs_to_wcs_cp@U__crt_win32_buffer_internal_dynamic_resizing@@@@YAHQBDAAV?$__crt_win32_buffer@_WU__crt_win32_buffer_internal_dynamic_resizing@@@@I@Z 1000d1f8 f i libucrt:access.obj
 0001:0000c215       ??0_LocaleUpdate@@QAE@QAU__crt_locale_pointers@@@Z 1000d215 f i libucrt:access.obj
 0001:0000c297       ?__acrt_get_utf8_acp_compatibility_codepage@@YAIXZ 1000d297 f i libucrt:access.obj
 0001:0000c2d6       ?_deallocate@?$__crt_win32_buffer@DU__crt_win32_buffer_internal_dynamic_resizing@@@@AAEXXZ 1000d2d6 f i libucrt:argv_wildcards.obj
 0001:0000c2d6       ?_deallocate@?$__crt_win32_buffer@_WU__crt_win32_buffer_internal_dynamic_resizing@@@@AAEXXZ 1000d2d6 f i libucrt:access.obj
 0001:0000c2f0       ?allocate@?$__crt_win32_buffer@_WU__crt_win32_buffer_internal_dynamic_resizing@@@@QAEHI@Z 1000d2f0 f i libucrt:access.obj
 0001:0000c32f       ?allocate@__crt_win32_buffer_internal_dynamic_resizing@@SAHQAPAXIABV__crt_win32_buffer_empty_debug_info@@@Z 1000d32f f i libucrt:access.obj
 0001:0000c34e       __access                   1000d34e f   libucrt:access.obj
 0001:0000c366       __access_s                 1000d366 f   libucrt:access.obj
 0001:0000c3d8       __initterm                 1000d3d8 f   libucrt:initterm.obj
 0001:0000c403       __initterm_e               1000d403 f   libucrt:initterm.obj
 0001:0000c431       __seh_filter_dll           1000d431 f   libucrt:exception_filter.obj
 0001:0000c451       __seh_filter_exe           1000d451 f   libucrt:exception_filter.obj
 0001:0000c87e       ___acrt_initialize_thread_local_exit_callback 1000d87e f   libucrt:exit.obj
 0001:0000c88d       __cexit                    1000d88d f   libucrt:exit.obj
 0001:0000c89c       __exit                     1000d89c f   libucrt:exit.obj
 0001:0000c8b2       __is_c_termination_complete 1000d8b2 f   libucrt:exit.obj
 0001:0000cb6a       ___acrt_allocate_buffer_for_argv 1000db6a f   libucrt:argv_parsing.obj
 0001:0000cbb9       __configure_narrow_argv    1000dbb9 f   libucrt:argv_parsing.obj
 0001:0000cd65       ___dcrt_uninitialize_environments_nolock 1000dd65 f   libucrt:environment_initialization.obj
 0001:0000cdb6       __initialize_narrow_environment 1000ddb6 f   libucrt:environment_initialization.obj
 0001:0000cef0       __execute_onexit_table     1000def0 f   libucrt:onexit.obj
 0001:0000cf2e       __initialize_onexit_table  1000df2e f   libucrt:onexit.obj
 0001:0000cfa7       ___acrt_uninitialize_command_line 1000dfa7 f   libucrt:argv_data.obj
 0001:0000d027       ??$__crt_fast_encode_pointer@PAX@@YAPAXQAX@Z 1000e027 f i libucrt:initialization.obj
 0001:0000d074       ___acrt_initialize         1000e074 f   libucrt:initialization.obj
 0001:0000d086       ___acrt_thread_attach      1000e086 f   libucrt:initialization.obj
 0001:0000d091       ___acrt_thread_detach      1000e091 f   libucrt:initialization.obj
 0001:0000d099       ___acrt_uninitialize       1000e099 f   libucrt:initialization.obj
 0001:0000d0c9       ___acrt_uninitialize_critical 1000e0c9 f   libucrt:initialization.obj
 0001:0000d0db       _terminate                 1000e0db f   libucrt:terminate.obj
 0001:0000d117       _free                      1000e117 f   libucrt:free.obj
 0001:0000d132       _malloc                    1000e132 f   libucrt:malloc.obj
 0001:0000d13d       _strcpy_s                  1000e13d f   libucrt:strcpy_s.obj
 0001:0000d197       _abort                     1000e197 f   libucrt:abort.obj
 0001:0000d1e0       _strncmp                   1000e1e0 f   libucrt:strncmp.obj
 0001:0000d258       _calloc                    1000e258 f   libucrt:calloc.obj
 0001:0000d263       _wcsncmp                   1000e263 f   libucrt:wcsncmp.obj
 0001:0000d5db       ___acrt_freeptd            1000e5db f   libucrt:per_thread_data.obj
 0001:0000d607       ___acrt_getptd             1000e607 f   libucrt:per_thread_data.obj
 0001:0000d6c2       ___acrt_getptd_head        1000e6c2 f   libucrt:per_thread_data.obj
 0001:0000d758       ___acrt_getptd_noexit      1000e758 f   libucrt:per_thread_data.obj
 0001:0000d809       ___acrt_getptd_noexit_explicit 1000e809 f   libucrt:per_thread_data.obj
 0001:0000d8ac       ___acrt_initialize_ptd     1000e8ac f   libucrt:per_thread_data.obj
 0001:0000d8d8       ___acrt_uninitialize_ptd   1000e8d8 f   libucrt:per_thread_data.obj
 0001:0000d8f2       ___acrt_strtok_s_novalidation 1000e8f2 f   libucrt:strtok_s.obj
 0001:0000d9f7       ?check_synchronize_global_state_index@__crt_cached_ptd_host@@AAEIXZ 1000e9f7 f i libucrt:invalid_parameter.obj
 0001:0000da20       ___acrt_call_reportfault   1000ea20 f   libucrt:invalid_parameter.obj
 0001:0000db59       ___acrt_initialize_invalid_parameter_handler 1000eb59 f   libucrt:invalid_parameter.obj
 0001:0000db68       __invalid_parameter        1000eb68 f   libucrt:invalid_parameter.obj
 0001:0000db9f       __invalid_parameter_internal 1000eb9f f   libucrt:invalid_parameter.obj
 0001:0000dc1c       __invalid_parameter_noinfo 1000ec1c f   libucrt:invalid_parameter.obj
 0001:0000dc2c       __invoke_watson            1000ec2c f   libucrt:invalid_parameter.obj
 0001:0000dc60       ___pctype_func             1000ec60 f   libucrt:ctype.obj
 0001:0000dc84       __isctype_l                1000ec84 f   libucrt:isctype.obj
 0001:0000dd4f       ___acrt_errno_from_os_error 1000ed4f f   libucrt:errno.obj
 0001:0000dd92       ___acrt_errno_map_os_error 1000ed92 f   libucrt:errno.obj
 0001:0000ddb5       ___acrt_errno_map_os_error_ptd 1000edb5 f   libucrt:errno.obj
 0001:0000ddd9       ___doserrno                1000edd9 f   libucrt:errno.obj
 0001:0000ddec       __errno                    1000edec f   libucrt:errno.obj
 0001:0000ddff       ___acrt_update_locale_info 1000edff f   libucrt:locale_update.obj
 0001:0000de2c       ___acrt_update_locale_info_explicit 1000ee2c f   libucrt:locale_update.obj
 0001:0000de5d       ___acrt_update_multibyte_info 1000ee5d f   libucrt:locale_update.obj
 0001:0000de8a       ___acrt_update_multibyte_info_explicit 1000ee8a f   libucrt:locale_update.obj
 0001:0000df29       ___acrt_set_locale_changed 1000ef29 f   libucrt:wsetlocale.obj
 0001:0000df34       ___acrt_uninitialize_locale 1000ef34 f   libucrt:wsetlocale.obj
 0001:0000df5b       __free_base                1000ef5b f   libucrt:free_base.obj
 0001:0000df95       __fileno                   1000ef95 f   libucrt:fileno.obj
 0001:0000dfbc       ___acrt_initialize_stdio   1000efbc f   libucrt:_file.obj
 0001:0000e084       ___acrt_uninitialize_stdio 1000f084 f   libucrt:_file.obj
 0001:0000e0d0       __lock_file                1000f0d0 f   libucrt:_file.obj
 0001:0000e0e4       __unlock_file              1000f0e4 f   libucrt:_file.obj
 0001:0000e189       __close_internal           1000f189 f   libucrt:close.obj
 0001:0000e22c       __close_nolock             1000f22c f   libucrt:close.obj
 0001:0000e25c       __close_nolock_internal    1000f25c f   libucrt:close.obj
 0001:0000e2fc       ?__acrt_stdio_allocate_stream@@YA?AV__crt_stdio_stream@@XZ 1000f2fc f   libucrt:stream.obj
 0001:0000e365       ?__acrt_stdio_free_stream@@YAXV__crt_stdio_stream@@@Z 1000f365 f   libucrt:stream.obj
 0001:0000e462       ___acrt_stdio_free_buffer_nolock 1000f462 f   libucrt:_freebuf.obj
 0001:0000e67f       ___acrt_stdio_flush_nolock 1000f67f f   libucrt:fflush.obj
 0001:0000e6e8       __fflush_nolock            1000f6e8 f   libucrt:fflush.obj
 0001:0000e74d       __flushall                 1000f74d f   libucrt:fflush.obj
 0001:0000e756       ??$__acrt_stdio_parse_mode@D@@YA?AU__acrt_stdio_stream_mode@@QBD@Z 1000f756 f i libucrt:openfile.obj
 0001:0000ea03       ?__acrt_stdio_parse_mode_D@@YA_NAAU__acrt_stdio_stream_mode@@@Z 1000fa03 f i libucrt:openfile.obj
 0001:0000ea1e       ?__acrt_stdio_parse_mode_T@@YA_NAAU__acrt_stdio_stream_mode@@@Z 1000fa1e f i libucrt:openfile.obj
 0001:0000ea3d       ?__acrt_stdio_parse_mode_b@@YA_NAAU__acrt_stdio_stream_mode@@@Z 1000fa3d f i libucrt:openfile.obj
 0001:0000ea5d       ?__acrt_stdio_parse_mode_c@@YA_NAAU__acrt_stdio_stream_mode@@AA_N@Z 1000fa5d f i libucrt:openfile.obj
 0001:0000ea7f       ?__acrt_stdio_parse_mode_n@@YA_NAAU__acrt_stdio_stream_mode@@AA_N@Z 1000fa7f f i libucrt:openfile.obj
 0001:0000eaa1       ?__acrt_stdio_parse_mode_plus@@YA_NAAU__acrt_stdio_stream_mode@@AA_N@Z 1000faa1 f i libucrt:openfile.obj
 0001:0000ead7       ?__acrt_stdio_parse_mode_t@@YA_NAAU__acrt_stdio_stream_mode@@@Z 1000fad7 f i libucrt:openfile.obj
 0001:0000eaf7       ?__acrt_stdio_parse_mode_x@@YA_NAAU__acrt_stdio_stream_mode@@@Z 1000faf7 f i libucrt:openfile.obj
 0001:0000eb17       __openfile                 1000fb17 f   libucrt:openfile.obj
 0001:0000efe8       __read                     1000ffe8 f   libucrt:read.obj
 0001:0000f0fc       __read_nolock              100100fc f   libucrt:read.obj
 0001:0000f62a       ___acrt_stdio_refill_and_read_narrow_nolock 1001062a f   libucrt:_filbuf.obj
 0001:0000f9cc       __lseek_internal           100109cc f   libucrt:lseek.obj
 0001:0000f9d7       __lseeki64_internal        100109d7 f   libucrt:lseek.obj
 0001:0000f9f5       __lseeki64_nolock          100109f5 f   libucrt:lseek.obj
 0001:0000fa35       __lseeki64_nolock_internal 10010a35 f   libucrt:lseek.obj
 0001:0000fbb9       ___acrt_initialize_lowio   10010bb9 f   libucrt:ioinit.obj
 0001:0000fc19       ___acrt_uninitialize_lowio 10010c19 f   libucrt:ioinit.obj
 0001:0000fc45       __malloc_base              10010c45 f   libucrt:malloc_base.obj
 0001:0000fc93       _strnlen                   10010c93 f   libucrt:strnlen.obj
 0001:0000fdb5       _wcsnlen                   10010db5 f   libucrt:strnlen.obj
 0001:0000ff65       ?__acrt_fp_classify@@YA?AW4__acrt_fp_class@@ABN@Z 10010f65 f i libucrt:cvt.obj
 0001:0001092e       ___acrt_fp_format          1001192e f   libucrt:cvt.obj
 0001:00010aaf       __wctomb_internal          10011aaf f   libucrt:wctomb.obj
 0001:00010c19       __mbtowc_internal          10011c19 f   libucrt:mbtowc.obj
 0001:00010d4c       __get_printf_count_output  10011d4c f   libucrt:printf_count_output.obj
 0001:00010d61       ___acrt_MultiByteToWideChar 10011d61 f   libucrt:multibytetowidechar.obj
 0001:00010f79       ___acrt_AppPolicyGetProcessTerminationMethodInternal@4 10011f79 f   libucrt:winapi_thunks.obj
 0001:00010fb9       ___acrt_AreFileApisANSI@0  10011fb9 f   libucrt:winapi_thunks.obj
 0001:00010fd8       ___acrt_FlsAlloc@4         10011fd8 f   libucrt:winapi_thunks.obj
 0001:00011017       ___acrt_FlsFree@4          10012017 f   libucrt:winapi_thunks.obj
 0001:00011056       ___acrt_FlsGetValue@4      10012056 f   libucrt:winapi_thunks.obj
 0001:00011095       ___acrt_FlsSetValue@8      10012095 f   libucrt:winapi_thunks.obj
 0001:000110d7       ___acrt_InitializeCriticalSectionEx@12 100120d7 f   libucrt:winapi_thunks.obj
 0001:00011122       ___acrt_LCMapStringEx@36   10012122 f   libucrt:winapi_thunks.obj
 0001:0001117f       ___acrt_LocaleNameToLCID@8 1001217f f   libucrt:winapi_thunks.obj
 0001:000111b0       ___acrt_initialize_winapi_thunks 100121b0 f   libucrt:winapi_thunks.obj
 0001:000111c4       ___acrt_uninitialize_winapi_thunks 100121c4 f   libucrt:winapi_thunks.obj
 0001:000111fa       __waccess_s                100121fa f   libucrt:waccess.obj
 0001:000112b8       ___acrt_initialize_locks   100122b8 f   libucrt:locks.obj
 0001:000112f9       ___acrt_lock               100122f9 f   libucrt:locks.obj
 0001:00011310       ___acrt_uninitialize_locks 10012310 f   libucrt:locks.obj
 0001:00011341       ___acrt_unlock             10012341 f   libucrt:locks.obj
 0001:00011358       ___acrt_get_process_end_policy 10012358 f   libucrt:win_policies.obj
 0001:00011389       __calloc_base              10012389 f   libucrt:calloc_base.obj
 0001:000113fe       ??$__acrt_convert_wcs_mbs_cp@_WDV<lambda_28bda7af82a03b66c1cb3803a755f95d>@@U__crt_win32_buffer_internal_dynamic_resizing@@@@YAHQB_WAAV?$__crt_win32_buffer@DU__crt_win32_buffer_internal_dynamic_resizing@@@@ABV<lambda_28bda7af82a03b66c1cb3803a755f95d>@@I@Z 100123fe f i libucrt:argv_wildcards.obj
 0001:000119a0       ??R<lambda_0fec1a7b3f42a53036604e18c2d5e07e>@@QBEHIQB_WQADI@Z 100129a0 f i libucrt:getmodulefilenamea.obj
 0001:000119a0       ??R<lambda_28bda7af82a03b66c1cb3803a755f95d>@@QBEHIQB_WQADI@Z 100129a0 f i libucrt:argv_wildcards.obj
 0001:000119c4       ?allocate@?$__crt_win32_buffer@DU__crt_win32_buffer_internal_dynamic_resizing@@@@QAEHI@Z 100129c4 f i libucrt:argv_wildcards.obj
 0001:00011a87       ___acrt_expand_narrow_argv_wildcards 10012a87 f   libucrt:argv_wildcards.obj
 0001:00011a92       ??$__acrt_convert_wcs_mbs_cp@_WDV<lambda_0fec1a7b3f42a53036604e18c2d5e07e>@@U__crt_win32_buffer_no_resizing@@@@YAHQB_WAAV?$__crt_win32_buffer@DU__crt_win32_buffer_no_resizing@@@@ABV<lambda_0fec1a7b3f42a53036604e18c2d5e07e>@@I@Z 10012a92 f i libucrt:getmodulefilenamea.obj
 0001:00011b54       ?allocate@?$__crt_win32_buffer@DU__crt_win32_buffer_no_resizing@@@@QAEHI@Z 10012b54 f i libucrt:getmodulefilenamea.obj
 0001:00011b7b       ?set_to_nullptr@?$__crt_win32_buffer@DU__crt_win32_buffer_no_resizing@@@@QAEXXZ 10012b7b f i libucrt:getmodulefilenamea.obj
 0001:00011b8f       ___acrt_GetModuleFileNameA 10012b8f f   libucrt:getmodulefilenamea.obj
 0001:000121b3       ___acrt_initialize_multibyte 100131b3 f   libucrt:mbctype.obj
 0001:000121fb       ___acrt_update_thread_multibyte_data 100131fb f   libucrt:mbctype.obj
 0001:0001220e       __setmbcp_nolock           1001320e f   libucrt:mbctype.obj
 0001:00012466       __ismbblead                10013466 f   libucrt:ismbbyte.obj
 0001:0001247e       ___acrt_initialize_command_line 1001347e f   libucrt:argv_data.obj
 0001:00012497       ___acrt_WideCharToMultiByte 10013497 f   libucrt:widechartomultibyte.obj
 0001:00012585       ___dcrt_get_narrow_environment_from_os 10013585 f   libucrt:get_environment_from_os.obj
 0001:00012625       __recalloc_base            10013625 f   libucrt:recalloc.obj
 0001:00012692       ___acrt_initialize_heap    10013692 f   libucrt:heap_handle.obj
 0001:000126a3       ___acrt_uninitialize_heap  100136a3 f   libucrt:heap_handle.obj
 0001:000126ad       ___acrt_execute_initializers 100136ad f   libucrt:shared_initialization.obj
 0001:00012715       ___acrt_execute_uninitializers 10013715 f   libucrt:shared_initialization.obj
 0001:00012746       ___acrt_initialize_new_handler 10013746 f   libucrt:new_handler.obj
 0001:00012755       __callnewh                 10013755 f   libucrt:new_handler.obj
 0001:00012782       __query_new_handler        10013782 f   libucrt:new_handler.obj
 0001:000128ac       ___acrt_get_sigabrt_handler 100138ac f   libucrt:signal.obj
 0001:000128d3       ___acrt_initialize_signal_handlers 100138d3 f   libucrt:signal.obj
 0001:000128f1       _raise                     100138f1 f   libucrt:signal.obj
 0001:00012ae4       ___acrt_has_user_matherr   10013ae4 f   libucrt:matherr.obj
 0001:00012afc       ___acrt_initialize_user_matherr 10013afc f   libucrt:matherr.obj
 0001:00012b0b       ___acrt_invoke_user_matherr 10013b0b f   libucrt:matherr.obj
 0001:00012b3d       ___acrt_add_locale_ref     10013b3d f   libucrt:locale_refcounting.obj
 0001:00012bba       ___acrt_free_locale        10013bba f   libucrt:locale_refcounting.obj
 0001:00012d02       ___acrt_locale_add_lc_time_reference 10013d02 f   libucrt:locale_refcounting.obj
 0001:00012d2b       ___acrt_locale_free_lc_time_if_unreferenced 10013d2b f   libucrt:locale_refcounting.obj
 0001:00012d5c       ___acrt_locale_release_lc_time_reference 10013d5c f   libucrt:locale_refcounting.obj
 0001:00012d85       ___acrt_release_locale_ref 10013d85 f   libucrt:locale_refcounting.obj
 0001:00012e06       ___acrt_update_thread_locale_data 10013e06 f   libucrt:locale_refcounting.obj
 0001:00012e87       __updatetlocinfoEx_nolock  10013e87 f   libucrt:locale_refcounting.obj
 0001:00012ed7       ___acrt_GetStringTypeA     10013ed7 f   libucrt:getstringtypea.obj
 0001:00012fe0       __freea_crt                10013fe0 f i libucrt:getstringtypea.obj
 0001:00013000       ___acrt_locale_free_monetary 10014000 f   libucrt:initmon.obj
 0001:000130fe       ___acrt_locale_free_numeric 100140fe f   libucrt:initnum.obj
 0001:0001318c       ___acrt_locale_free_time   1001418c f   libucrt:inittime.obj
 0001:00013270       __fcloseall                10014270 f   libucrt:closeall.obj
 0001:0001331b       ___acrt_lowio_create_handle_array 1001431b f   libucrt:osfinfo.obj
 0001:00013396       ___acrt_lowio_destroy_handle_array 10014396 f   libucrt:osfinfo.obj
 0001:000133cb       ___acrt_lowio_ensure_fh_exists 100143cb f   libucrt:osfinfo.obj
 0001:00013469       ___acrt_lowio_lock_fh      10014469 f   libucrt:osfinfo.obj
 0001:0001348c       ___acrt_lowio_set_os_handle 1001448c f   libucrt:osfinfo.obj
 0001:0001351e       ___acrt_lowio_unlock_fh    1001451e f   libucrt:osfinfo.obj
 0001:00013541       __alloc_osfhnd             10014541 f   libucrt:osfinfo.obj
 0001:00013654       __free_osfhnd              10014654 f   libucrt:osfinfo.obj
 0001:000136e5       __get_osfhandle            100146e5 f   libucrt:osfinfo.obj
 0001:000137f1       __commit                   100147f1 f   libucrt:commit.obj
 0001:0001401c       __write                    1001501c f   libucrt:write.obj
 0001:00014053       __write_internal           10015053 f   libucrt:write.obj
 0001:0001415b       __write_nolock             1001515b f   libucrt:write.obj
 0001:0001435b       ___ascii_wcsnicmp          1001535b f   libucrt:wcsnicmp.obj
 0001:000143aa       __strnicmp                 100153aa f   libucrt:strnicmp.obj
 0001:00014417       __strnicmp_l               10015417 f   libucrt:strnicmp.obj
 0001:00014aaa       __sopen_nolock             10015aaa f   libucrt:open.obj
 0001:00014b18       __sopen_s                  10015b18 f   libucrt:open.obj
 0001:00014b38       __wsopen_nolock            10015b38 f   libucrt:open.obj
 0001:00014e62       __isatty                   10015e62 f   libucrt:isatty.obj
 0001:00014eb8       ___acrt_stdio_allocate_buffer_nolock 10015eb8 f   libucrt:_getbuf.obj
 0001:00014f14       __query_new_mode           10015f14 f   libucrt:new_mode.obj
 0001:00014f99       ___acrt_fp_strflt_to_string 10015f99 f   libucrt:_fptostr.obj
 0001:000150a0       ?divide@__crt_strtox@@YA_KAAUbig_integer@1@ABU21@@Z 100160a0 f i libucrt:cfout.obj
 0001:00015528       ___acrt_fltout             10016528 f   libucrt:cfout.obj
 0001:00016a61       _fegetround                10017a61 f   libucrt:fegetround.obj
 0001:00016a6e       ?__c32rtomb_utf8@__crt_mbstring@@YAIPAD_UPAU_Mbstatet@@AAV__crt_cached_ptd_host@@@Z 10017a6e f   libucrt:c32rtomb.obj
 0001:00016b4a       ?__mbrtowc_utf8@__crt_mbstring@@YAIPA_WPBDIPAU_Mbstatet@@AAV__crt_cached_ptd_host@@@Z 10017b4a f   libucrt:mbrtowc.obj
 0001:00016b8d       ?__mbsrtowcs_utf8@__crt_mbstring@@YAIPA_WPAPBDIPAU_Mbstatet@@AAV__crt_cached_ptd_host@@@Z 10017b8d f   libucrt:mbrtowc.obj
 0001:00016ce5       ___acrt_DownlevelLocaleNameToLCID 10017ce5 f   libucrt:lcidtoname_downlevel.obj
 0001:00016d20       _qsort                     10017d20 f   libucrt:qsort.obj
 0001:000172c5       _strncpy_s                 100182c5 f   libucrt:strncpy_s.obj
 0001:000172d0       __mbsdec                   100182d0 f   libucrt:mbsdec.obj
 0001:000172e7       __mbsdec_l                 100182e7 f   libucrt:mbsdec.obj
 0001:00017562       ___acrt_LCMapStringA       10018562 f   libucrt:lcmapstringa.obj
 0001:000175ba       __msize_base               100185ba f   libucrt:msize.obj
 0001:000175ed       __realloc_base             100185ed f   libucrt:realloc_base.obj
 0001:00017656       __query_app_type           10018656 f   libucrt:report_runtime_error.obj
 0001:0001765c       __putwch_nolock            1001865c f   libucrt:putwch.obj
 0001:00017690       ___ascii_strnicmp          10018690 f   libucrt:_strnicm.obj
 0001:000176f1       __get_fmode                100186f1 f   libucrt:setmode.obj
 0001:0001771e       __setmode_nolock           1001871e f   libucrt:setmode.obj
 0001:000177ed       ??0__crt_seek_guard@@QAE@H_J@Z 100187ed f i libucrt:chsize.obj
 0001:0001783a       __chsize_nolock            1001883a f   libucrt:chsize.obj
 0001:00017871       __chsize_nolock_internal   10018871 f   libucrt:chsize.obj
 0001:00017a14       __controlfp_s              10018a14 f   libucrt:contrlfp.obj
 0001:00017a73       _fegetenv                  10018a73 f   libucrt:fegetenv.obj
 0001:00017a90       _fesetenv                  10018a90 f   libucrt:fesetenv.obj
 0001:00017adb       _feholdexcept              10018adb f   libucrt:feholdexcept.obj
 0001:00017b30       __CIlog10                  10018b30 f   libucrt:log10_impl.obj
 0001:00017b6b       __CIlog10_default          10018b6b f   libucrt:log10_impl.obj
 0001:00017b7f       __log10_default            10018b7f     libucrt:log10_impl.obj
 0001:00017c40       _ceil                      10018c40 f   libucrt:ceil_pentium4.obj
 0001:00017c80       __ceil_pentium4            10018c80 f   libucrt:ceil_pentium4.obj
 0001:00018026       ___acrt_fenv_get_common_round_control 10019026 f   libucrt:_fenvutils.obj
 0001:00018048       ___acrt_fenv_get_control   10019048 f   libucrt:_fenvutils.obj
 0001:000180c8       ___acrt_fenv_get_status    100190c8 f   libucrt:_fenvutils.obj
 0001:00018172       ___acrt_fenv_set_control   10019172 f   libucrt:_fenvutils.obj
 0001:000181ed       ___acrt_fenv_set_status    100191ed f   libucrt:_fenvutils.obj
 0001:000182e7       ?reset_and_return@__crt_mbstring@@YAIIPAU_Mbstatet@@@Z 100192e7 f   libucrt:common_utf8.obj
 0001:000182fb       ?return_illegal_sequence@__crt_mbstring@@YAIPAU_Mbstatet@@AAV__crt_cached_ptd_host@@@Z 100192fb f   libucrt:common_utf8.obj
 0001:0001831d       ?__mbrtoc32_utf8@__crt_mbstring@@YAIPA_UPBDIPAU_Mbstatet@@AAV__crt_cached_ptd_host@@@Z 1001931d f   libucrt:mbrtoc32.obj
 0001:000184db       ___strncnt                 100194db f   libucrt:strncnt.obj
 0001:00018516       ___dcrt_lowio_ensure_console_output_initialized 10019516 f   libucrt:initcon.obj
 0001:00018535       ___dcrt_terminate_console_output 10019535 f   libucrt:initcon.obj
 0001:0001854c       ___dcrt_write_console      1001954c f   libucrt:initcon.obj
 0001:000185a1       ___acrt_initialize_fmode   100195a1 f   libucrt:txtmode.obj
 0001:0001865e       __clearfp                  1001965e f   libucrt:ieee87.obj
 0001:0001873c       __control87                1001973c f   libucrt:ieee87.obj
 0001:00018adb       ___acrt_initialize_sse2    10019adb f   libucrt:mathfcns.obj
 0001:00018af0       __CIlog10_pentium4         10019af0 f   libucrt:log10_pentium4.obj
 0001:00018b08       __log10_pentium4           10019b08     libucrt:log10_pentium4.obj
 0001:00018da0       __fFEXP                    10019da0 f   libucrt:87tran.obj
 0001:00018df7       __rtinfpopse               10019df7     libucrt:87tran.obj
 0001:00018df9       __rtinfnpopse              10019df9     libucrt:87tran.obj
 0001:00018e09       __fFLN                     10019e09     libucrt:87tran.obj
 0001:00018ebe       __rtinfpop                 10019ebe     libucrt:87tran.obj
 0001:00018ec0       __rtinfnpop                10019ec0     libucrt:87tran.obj
 0001:00018ed0       __rtforexpinf              10019ed0 f   libucrt:87tran.obj
 0001:00018edd       __ffexpm1                  10019edd     libucrt:87tran.obj
 0001:00018f90       __trandisp1                10019f90 f   libucrt:87disp.obj
 0001:00019005       __trandisp2                1001a005 f   libucrt:87disp.obj
 0001:0001909f       __rttospopde               1001a09f     libucrt:87disp.obj
 0001:000190a4       __rttospop                 1001a0a4     libucrt:87disp.obj
 0001:000190b0       __rtnospop                 1001a0b0 f   libucrt:87disp.obj
 0001:000190c0       __rttosnpop                1001a0c0 f   libucrt:87disp.obj
 0001:000190c1       __rtnospopde               1001a0c1     libucrt:87disp.obj
 0001:000190c8       __rtzeropop                1001a0c8     libucrt:87disp.obj
 0001:000190ca       __rtzeronpop               1001a0ca     libucrt:87disp.obj
 0001:000190d0       __rtzerospop               1001a0d0 f   libucrt:87disp.obj
 0001:000190dd       __rtonepop                 1001a0dd     libucrt:87disp.obj
 0001:000190e0       __rtonenpop                1001a0e0 f   libucrt:87disp.obj
 0001:000190f0       __tosnan1                  1001a0f0 f   libucrt:87disp.obj
 0001:00019120       __nosnan2                  1001a120 f   libucrt:87disp.obj
 0001:00019130       __tosnan2                  1001a130 f   libucrt:87disp.obj
 0001:00019160       __nan2                     1001a160 f   libucrt:87disp.obj
 0001:000191a0       __rtindfpop                1001a1a0 f   libucrt:87disp.obj
 0001:000191a2       __rtindfnpop               1001a1a2     libucrt:87disp.obj
 0001:000191b3       __rttosnpopde              1001a1b3     libucrt:87disp.obj
 0001:000191c0       __rtatan2inf               1001a1c0 f   libucrt:87disp.obj
 0001:000191dd       __rtchsifneg               1001a1dd     libucrt:87disp.obj
 0001:000191f0       __twoToTOS                 1001a1f0 f   libucrt:common.obj
 0001:00019205       __load_CW                  1001a205 f   libucrt:common.obj
 0001:0001921c       __convertTOStoQNaN         1001a21c f   libucrt:common.obj
 0001:00019235       __fload_withFB             1001a235 f   libucrt:common.obj
 0001:00019278       __checkTOS_withFB          1001a278 f   libucrt:common.obj
 0001:0001928e       __fast_exit                1001a28e f   libucrt:common.obj
 0001:0001929b       __math_exit                1001a29b f   libucrt:common.obj
 0001:000192c5       __check_overflow_exit      1001a2c5 f   libucrt:common.obj
 0001:000192d9       __check_range_exit         1001a2d9 f   libucrt:common.obj
 0001:00019380       __startTwoArgErrorHandling 1001a380 f   libucrt:genexcep.obj
 0001:00019397       __startOneArgErrorHandling 1001a397 f   libucrt:genexcep.obj
 0001:000193d3       ___libm_error_support      1001a3d3 f   libucrt:libm_error.obj
 0001:000195c7       __ceil_default             1001a5c7 f   libucrt:ceil.obj
 0001:0001967c       ___set_fpsr_sse2           1001a67c f   libucrt:fpctrl.obj
 0001:000196fc       __clrfp                    1001a6fc f   libucrt:fpctrl.obj
 0001:0001970d       __ctrlfp                   1001a70d f   libucrt:fpctrl.obj
 0001:00019737       __set_statfp               1001a737 f   libucrt:fpctrl.obj
 0001:00019790       __statfp                   1001a790 f   libucrt:fpctrl.obj
 0001:000197a0       __d_inttype                1001a7a0 f   libucrt:powhlp.obj
 0001:00019808       __powhlp                   1001a808 f   libucrt:powhlp.obj
 0001:00019933       __87except                 1001a933 f   libucrt:87except.obj
 0001:00019a3d       __frnd                     1001aa3d f   libucrt:frnd.obj
 0001:00019a51       __errcode                  1001aa51 f   libucrt:fpexcept.obj
 0001:00019a85       __except1                  1001aa85 f   libucrt:fpexcept.obj
 0001:00019b53       __handle_exc               1001ab53 f   libucrt:fpexcept.obj
 0001:00019dcc       __raise_exc                1001adcc f   libucrt:fpexcept.obj
 0001:00019def       __raise_exc_ex             1001adef f   libucrt:fpexcept.obj
 0001:0001a0e5       __set_errno_from_matherr   1001b0e5 f   libucrt:fpexcept.obj
 0001:0001a114       __umatherr                 1001b114 f   libucrt:fpexcept.obj
 0001:0001a1b4       __decomp                   1001b1b4 f   libucrt:util.obj
 0001:0001a286       __set_exp                  1001b286 f   libucrt:util.obj
 0001:0001a2b3       __sptype                   1001b2b3 f   libucrt:util.obj
 0001:0001a311       __fpclass                  1001b311 f   libucrt:ieeemisc.obj
 0001:0001a3c0       __FindPESection            1001b3c0 f   LIBCMT:pesect.obj
 0001:0001a410       __IsNonwritableInCurrentImage 1001b410 f   LIBCMT:pesect.obj
 0001:0001a4d0       __ValidateImageBase        1001b4d0 f   LIBCMT:pesect.obj
 0001:0001a501       ??_Etype_info@@UAEPAXI@Z   1001b501 f i LIBCMT:std_type_info_static.obj
 0001:0001a501       ??_Gtype_info@@UAEPAXI@Z   1001b501 f i LIBCMT:std_type_info_static.obj
 0001:0001a524       __EH_epilog3               1001b524 f   LIBCMT:ehprolg3.obj
 0001:0001a538       __EH_prolog3               1001b538 f   LIBCMT:ehprolg3.obj
 0001:0001a56b       __EH_prolog3_catch         1001b56b f   LIBCMT:ehprolg3.obj
 0001:0001a5b0       __aulldvrm                 1001b5b0 f   LIBCMT:ulldvrm.obj
 0001:0001a645       @_guard_check_icall@4      1001b645 f i LIBCMT:checkcfg.obj
 0001:0001a64b       ??3@YAXPAXI@Z              1001b64b f   LIBCMT:delete_scalar_size.obj
 0001:0001a660       __allmul                   1001b660 f   LIBCMT:llmul.obj
 0001:0001a6a0       __alldiv                   1001b6a0 f   LIBCMT:lldiv.obj
 0001:0001a750       __alldvrm                  1001b750 f   LIBCMT:lldvrm.obj
 0001:0001a830       __allshl                   1001b830 f   LIBCMT:llshl.obj
 0001:0001a850       __aullshr                  1001b850 f   LIBCMT:ullshr.obj
 0001:0001a870       __alloca_probe_16          1001b870 f   LIBCMT:alloca16.obj
 0001:0001a886       __alloca_probe_8           1001b886     LIBCMT:alloca16.obj
 0001:0001a8a0       __ftol2_sse                1001b8a0 f   LIBCMT:ftol2.obj
 0001:0001a8b0       __ftoi2                    1001b8b0 f   LIBCMT:ftol2.obj
 0001:0001a92c       ??3@YAXPAX@Z               1001b92c f   LIBCMT:delete_scalar.obj
 0001:0001a940       _strrchr                   1001b940 f   libvcruntime:strrchr.obj
 0001:0001aa77       __filter_x86_sse2_floating_point_exception 1001ba77 f   LIBCMT:x86_exception_filter.obj
 0001:0001aa77       __filter_x86_sse2_floating_point_exception_default 1001ba77 f   LIBCMT:x86_exception_filter.obj
 0002:00000000       __imp__FindClose@4         1001c000     kernel32:KERNEL32.dll
 0002:00000004       __imp__FindFirstFileA@8    1001c004     kernel32:KERNEL32.dll
 0002:00000008       __imp__FindNextFileA@8     1001c008     kernel32:KERNEL32.dll
 0002:0000000c       __imp__GetProcAddress@8    1001c00c     kernel32:KERNEL32.dll
 0002:00000010       __imp__LoadLibraryA@4      1001c010     kernel32:KERNEL32.dll
 0002:00000014       __imp__WriteConsoleW@20    1001c014     kernel32:KERNEL32.dll
 0002:00000018       __imp__SetEndOfFile@4      1001c018     kernel32:KERNEL32.dll
 0002:0000001c       __imp__UnhandledExceptionFilter@4 1001c01c     kernel32:KERNEL32.dll
 0002:00000020       __imp__SetUnhandledExceptionFilter@4 1001c020     kernel32:KERNEL32.dll
 0002:00000024       __imp__GetCurrentProcess@0 1001c024     kernel32:KERNEL32.dll
 0002:00000028       __imp__TerminateProcess@8  1001c028     kernel32:KERNEL32.dll
 0002:0000002c       __imp__IsProcessorFeaturePresent@4 1001c02c     kernel32:KERNEL32.dll
 0002:00000030       __imp__QueryPerformanceCounter@4 1001c030     kernel32:KERNEL32.dll
 0002:00000034       __imp__GetCurrentProcessId@0 1001c034     kernel32:KERNEL32.dll
 0002:00000038       __imp__GetCurrentThreadId@0 1001c038     kernel32:KERNEL32.dll
 0002:0000003c       __imp__GetSystemTimeAsFileTime@4 1001c03c     kernel32:KERNEL32.dll
 0002:00000040       __imp__InitializeSListHead@4 1001c040     kernel32:KERNEL32.dll
 0002:00000044       __imp__IsDebuggerPresent@0 1001c044     kernel32:KERNEL32.dll
 0002:00000048       __imp__GetStartupInfoW@4   1001c048     kernel32:KERNEL32.dll
 0002:0000004c       __imp__GetModuleHandleW@4  1001c04c     kernel32:KERNEL32.dll
 0002:00000050       __imp__InterlockedFlushSList@4 1001c050     kernel32:KERNEL32.dll
 0002:00000054       __imp__RtlUnwind@16        1001c054     kernel32:KERNEL32.dll
 0002:00000058       __imp__GetLastError@0      1001c058     kernel32:KERNEL32.dll
 0002:0000005c       __imp__SetLastError@4      1001c05c     kernel32:KERNEL32.dll
 0002:00000060       __imp__EnterCriticalSection@4 1001c060     kernel32:KERNEL32.dll
 0002:00000064       __imp__LeaveCriticalSection@4 1001c064     kernel32:KERNEL32.dll
 0002:00000068       __imp__DeleteCriticalSection@4 1001c068     kernel32:KERNEL32.dll
 0002:0000006c       __imp__InitializeCriticalSectionAndSpinCount@8 1001c06c     kernel32:KERNEL32.dll
 0002:00000070       __imp__TlsAlloc@0          1001c070     kernel32:KERNEL32.dll
 0002:00000074       __imp__TlsGetValue@4       1001c074     kernel32:KERNEL32.dll
 0002:00000078       __imp__TlsSetValue@8       1001c078     kernel32:KERNEL32.dll
 0002:0000007c       __imp__TlsFree@4           1001c07c     kernel32:KERNEL32.dll
 0002:00000080       __imp__FreeLibrary@4       1001c080     kernel32:KERNEL32.dll
 0002:00000084       __imp__LoadLibraryExW@12   1001c084     kernel32:KERNEL32.dll
 0002:00000088       __imp__EncodePointer@4     1001c088     kernel32:KERNEL32.dll
 0002:0000008c       __imp__RaiseException@16   1001c08c     kernel32:KERNEL32.dll
 0002:00000090       __imp__ReadFile@20         1001c090     kernel32:KERNEL32.dll
 0002:00000094       __imp__ExitProcess@4       1001c094     kernel32:KERNEL32.dll
 0002:00000098       __imp__GetModuleHandleExW@12 1001c098     kernel32:KERNEL32.dll
 0002:0000009c       __imp__GetModuleFileNameW@12 1001c09c     kernel32:KERNEL32.dll
 0002:000000a0       __imp__HeapFree@12         1001c0a0     kernel32:KERNEL32.dll
 0002:000000a4       __imp__CloseHandle@4       1001c0a4     kernel32:KERNEL32.dll
 0002:000000a8       __imp__GetConsoleMode@8    1001c0a8     kernel32:KERNEL32.dll
 0002:000000ac       __imp__ReadConsoleW@20     1001c0ac     kernel32:KERNEL32.dll
 0002:000000b0       __imp__SetFilePointerEx@20 1001c0b0     kernel32:KERNEL32.dll
 0002:000000b4       __imp__GetStdHandle@4      1001c0b4     kernel32:KERNEL32.dll
 0002:000000b8       __imp__GetFileType@4       1001c0b8     kernel32:KERNEL32.dll
 0002:000000bc       __imp__HeapAlloc@12        1001c0bc     kernel32:KERNEL32.dll
 0002:000000c0       __imp__MultiByteToWideChar@24 1001c0c0     kernel32:KERNEL32.dll
 0002:000000c4       __imp__LCMapStringW@24     1001c0c4     kernel32:KERNEL32.dll
 0002:000000c8       __imp__GetFileAttributesExW@12 1001c0c8     kernel32:KERNEL32.dll
 0002:000000cc       __imp__FindFirstFileExW@24 1001c0cc     kernel32:KERNEL32.dll
 0002:000000d0       __imp__FindNextFileW@8     1001c0d0     kernel32:KERNEL32.dll
 0002:000000d4       __imp__IsValidCodePage@4   1001c0d4     kernel32:KERNEL32.dll
 0002:000000d8       __imp__GetACP@0            1001c0d8     kernel32:KERNEL32.dll
 0002:000000dc       __imp__GetOEMCP@0          1001c0dc     kernel32:KERNEL32.dll
 0002:000000e0       __imp__GetCPInfo@8         1001c0e0     kernel32:KERNEL32.dll
 0002:000000e4       __imp__GetCommandLineA@0   1001c0e4     kernel32:KERNEL32.dll
 0002:000000e8       __imp__GetCommandLineW@0   1001c0e8     kernel32:KERNEL32.dll
 0002:000000ec       __imp__WideCharToMultiByte@32 1001c0ec     kernel32:KERNEL32.dll
 0002:000000f0       __imp__GetEnvironmentStringsW@0 1001c0f0     kernel32:KERNEL32.dll
 0002:000000f4       __imp__FreeEnvironmentStringsW@4 1001c0f4     kernel32:KERNEL32.dll
 0002:000000f8       __imp__GetProcessHeap@0    1001c0f8     kernel32:KERNEL32.dll
 0002:000000fc       __imp__GetStringTypeW@16   1001c0fc     kernel32:KERNEL32.dll
 0002:00000100       __imp__SetStdHandle@8      1001c100     kernel32:KERNEL32.dll
 0002:00000104       __imp__FlushFileBuffers@4  1001c104     kernel32:KERNEL32.dll
 0002:00000108       __imp__WriteFile@20        1001c108     kernel32:KERNEL32.dll
 0002:0000010c       __imp__GetConsoleOutputCP@0 1001c10c     kernel32:KERNEL32.dll
 0002:00000110       __imp__CreateFileW@28      1001c110     kernel32:KERNEL32.dll
 0002:00000114       __imp__HeapSize@12         1001c114     kernel32:KERNEL32.dll
 0002:00000118       __imp__HeapReAlloc@16      1001c118     kernel32:KERNEL32.dll
 0002:0000011c       __imp__DecodePointer@4     1001c11c     kernel32:KERNEL32.dll
 0002:00000120       \177KERNEL32_NULL_THUNK_DATA 1001c120     kernel32:KERNEL32.dll
 0002:00000124       __imp__MessageBoxA@16      1001c124     user32:USER32.dll
 0002:00000128       \177USER32_NULL_THUNK_DATA 1001c128     user32:USER32.dll
 0002:0000012c       ___guard_check_icall_fptr  1001c12c     LIBCMT:guard_support.obj
 0002:00000130       ___castguard_check_failure_os_handled_fptr 1001c130     LIBCMT:guard_support.obj
 0002:00000134       ___xc_a                    1001c134     LIBCMT:initializers.obj
 0002:0000013c       ___xc_z                    1001c13c     LIBCMT:initializers.obj
 0002:00000140       ___xi_a                    1001c140     LIBCMT:initializers.obj
 0002:00000144       ___acrt_stdio_initializer  1001c144     libucrt:stdio_initializer.obj
 0002:00000148       ___acrt_multibyte_initializer 1001c148     libucrt:multibyte_initializer.obj
 0002:0000014c       ___acrt_fmode_initializer  1001c14c     libucrt:fmode_initializer.obj
 0002:00000150       ___acrt_tran_sse2_initializer 1001c150     libucrt:sse2_initializer.obj
 0002:00000154       ___xi_z                    1001c154     LIBCMT:initializers.obj
 0002:00000158       ___xp_a                    1001c158     LIBCMT:initializers.obj
 0002:0000015c       ___acrt_locale_terminator  1001c15c     libucrt:locale_initializer.obj
 0002:00000160       ___dcrt_console_output_terminator 1001c160     libucrt:console_output_initializer.obj
 0002:00000164       ___acrt_stdio_terminator   1001c164     libucrt:stdio_initializer.obj
 0002:00000168       ___xp_z                    1001c168     LIBCMT:initializers.obj
 0002:0000016c       ___xt_a                    1001c16c     LIBCMT:initializers.obj
 0002:00000170       ___xt_z                    1001c170     LIBCMT:initializers.obj
 0002:00000f88       ??_C@_0BA@FDLNIKIG@patcher_x86?4dll@ 1001cf88     dllmain.obj
 0002:00000f98       ??_C@_0BB@CKHJKIEB@_GetPatcherX86?$EA0@ 1001cf98     dllmain.obj
 0002:00001538       __real@3ff0000000000000    1001d538     events.obj
 0002:00001b68       __pDefaultRawDllMain       1001db68     LIBCMT:dll_dllmain.obj
 0002:00001b68       __pRawDllMain              1001db68     LIBCMT:dll_dllmain.obj
 0002:00001b6c       __pDestructExceptionObject 1001db6c     libvcruntime:ehhelpers.obj
 0002:00001ef8       ??_C@_08EHJDFFNH@__based?$CI@ 1001def8     libvcruntime:undname.obj
 0002:00001f04       ??_C@_07KOLFKCDI@__cdecl@  1001df04     libvcruntime:undname.obj
 0002:00001f0c       ??_C@_08GHMPAG@__pascal@   1001df0c     libvcruntime:undname.obj
 0002:00001f18       ??_C@_09IFJBGAPI@__stdcall@ 1001df18     libvcruntime:undname.obj
 0002:00001f24       ??_C@_0L@NPHFGOKO@__thiscall@ 1001df24     libvcruntime:undname.obj
 0002:00001f30       ??_C@_0L@JMKHOMEK@__fastcall@ 1001df30     libvcruntime:undname.obj
 0002:00001f3c       ??_C@_0N@BCKKPABJ@__vectorcall@ 1001df3c     libvcruntime:undname.obj
 0002:00001f4c       ??_C@_09HIJEGCPM@__clrcall@ 1001df4c     libvcruntime:undname.obj
 0002:00001f58       ??_C@_06GHPCKEAG@__eabi@   1001df58     libvcruntime:undname.obj
 0002:00001f60       ??_C@_09IOPIDJLG@__swift_1@ 1001df60     libvcruntime:undname.obj
 0002:00001f6c       ??_C@_09KFNFGKHF@__swift_2@ 1001df6c     libvcruntime:undname.obj
 0002:00001f78       ??_C@_09LMMOFLDE@__swift_3@ 1001df78     libvcruntime:undname.obj
 0002:00001f84       ??_C@_07JOMMBBKO@__ptr64@  1001df84     libvcruntime:undname.obj
 0002:00001f8c       ??_C@_0L@PILCLIHE@__restrict@ 1001df8c     libvcruntime:undname.obj
 0002:00001f98       ??_C@_0M@GFIIJFMG@__unaligned@ 1001df98     libvcruntime:undname.obj
 0002:00001fa4       ??_C@_09DHDLOLLB@restrict?$CI@ 1001dfa4     libvcruntime:undname.obj
 0002:00001fae       ??_C@_00CNPNBAHC@@         1001dfae     libvcruntime:undname.obj
 0002:00001fb0       ??_C@_04NIHEBCM@?5new@     1001dfb0     libvcruntime:undname.obj
 0002:00001fb8       ??_C@_07FPCDHGMM@?5delete@ 1001dfb8     libvcruntime:undname.obj
 0002:00001fc0       ??_C@_01NEMOKFLO@?$DN@     1001dfc0     libvcruntime:undname.obj
 0002:00001fc4       ??_C@_02GPIOPFAK@?$DO?$DO@ 1001dfc4     libvcruntime:undname.obj
 0002:00001fc8       ??_C@_02FODMEDOG@?$DM?$DM@ 1001dfc8     libvcruntime:undname.obj
 0002:00001fcc       ??_C@_01DCLJPIOD@?$CB@     1001dfcc     libvcruntime:undname.obj
 0002:00001fd0       ??_C@_02EGOFBIJA@?$DN?$DN@ 1001dfd0     libvcruntime:undname.obj
 0002:00001fd4       ??_C@_02FDNJECIE@?$CB?$DN@ 1001dfd4     libvcruntime:undname.obj
 0002:00001fd8       ??_C@_02GPECMEKF@?$FL?$FN@ 1001dfd8     libvcruntime:undname.obj
 0002:00001fdc       ??_C@_08LHJFAFGD@operator@ 1001dfdc     libvcruntime:undname.obj
 0002:00001fe8       ??_C@_02HBOOOICD@?9?$DO@   1001dfe8     libvcruntime:undname.obj
 0002:00001fec       ??_C@_01NBENCBCI@?$CK@     1001dfec     libvcruntime:undname.obj
 0002:00001ff0       ??_C@_02ECNGHCIF@?$CL?$CL@ 1001dff0     libvcruntime:undname.obj
 0002:00001ff4       ??_C@_02BAABKJLB@?9?9@     1001dff4     libvcruntime:undname.obj
 0002:00001ff8       ??_C@_01JOAMLHOP@?9@       1001dff8     libvcruntime:undname.obj
 0002:00001ffc       ??_C@_01MIFGBAGJ@?$CL@     1001dffc     libvcruntime:undname.obj
 0002:00002000       ??_C@_01HNPIGOCE@?$CG@     1001e000     libvcruntime:undname.obj
 0002:00002004       ??_C@_03MNHNFDLC@?9?$DO?$CK@ 1001e004     libvcruntime:undname.obj
 0002:00002008       ??_C@_01KMDKNFGN@?1@       1001e008     libvcruntime:undname.obj
 0002:0000200c       ??_C@_01FGNFDNOH@?$CF@     1001e00c     libvcruntime:undname.obj
 0002:00002010       ??_C@_01MNNFJEPP@?$DM@     1001e010     libvcruntime:undname.obj
 0002:00002014       ??_C@_02EHCHHCKH@?$DM?$DN@ 1001e014     libvcruntime:undname.obj
 0002:00002018       ??_C@_01PPODPGHN@?$DO@     1001e018     libvcruntime:undname.obj
 0002:0000201c       ??_C@_02EEKDKGMJ@?$DO?$DN@ 1001e01c     libvcruntime:undname.obj
 0002:00002020       ??_C@_01IHBHIGKO@?0@       1001e020     libvcruntime:undname.obj
 0002:00002024       ??_C@_02HCKGKOFO@?$CI?$CJ@ 1001e024     libvcruntime:undname.obj
 0002:00002028       ??_C@_01PJKLJHI@?$HO@      1001e028     libvcruntime:undname.obj
 0002:0000202c       ??_C@_01JKBOJNNK@?$FO@     1001e02c     libvcruntime:undname.obj
 0002:00002030       ??_C@_01DNKMNLPK@?$HM@     1001e030     libvcruntime:undname.obj
 0002:00002034       ??_C@_02PPKAJPJL@?$CG?$CG@ 1001e034     libvcruntime:undname.obj
 0002:00002038       ??_C@_02NONPIBCD@?$HM?$HM@ 1001e038     libvcruntime:undname.obj
 0002:0000203c       ??_C@_02FPIMKNGF@?$CK?$DN@ 1001e03c     libvcruntime:undname.obj
 0002:00002040       ??_C@_02FOEOMHFC@?$CL?$DN@ 1001e040     libvcruntime:undname.obj
 0002:00002044       ??_C@_02FKMDLLOA@?9?$DN@   1001e044     libvcruntime:undname.obj
 0002:00002048       ??_C@_02FJEHGPIO@?1?$DN@   1001e048     libvcruntime:undname.obj
 0002:0000204c       ??_C@_02FENAOKFI@?$CF?$DN@ 1001e04c     libvcruntime:undname.obj
 0002:00002050       ??_C@_03IKFCCPFF@?$DO?$DO?$DN@ 1001e050     libvcruntime:undname.obj
 0002:00002054       ??_C@_03CDNPDDLA@?$DM?$DM?$DN@ 1001e054     libvcruntime:undname.obj
 0002:00002058       ??_C@_02FGJGFEAB@?$CG?$DN@ 1001e058     libvcruntime:undname.obj
 0002:0000205c       ??_C@_02DHLNPPGH@?$HM?$DN@ 1001e05c     libvcruntime:undname.obj
 0002:00002060       ??_C@_02MHEGNOJ@?$FO?$DN@  1001e060     libvcruntime:undname.obj
 0002:00002064       ??_C@_09IFPLHPGF@?$GAvftable?8@ 1001e064     libvcruntime:undname.obj
 0002:00002070       ??_C@_09BLBHBJP@?$GAvbtable?8@ 1001e070     libvcruntime:undname.obj
 0002:0000207c       ??_C@_07FEEIOKP@?$GAvcall?8@ 1001e07c     libvcruntime:undname.obj
 0002:00002084       ??_C@_08LLFFHHDJ@?$GAtypeof?8@ 1001e084     libvcruntime:undname.obj
 0002:00002090       ??_C@_0BF@KDPPACIK@?$GAlocal?5static?5guard?8@ 1001e090     libvcruntime:undname.obj
 0002:000020a8       ??_C@_08OBABFOLI@?$GAstring?8@ 1001e0a8     libvcruntime:undname.obj
 0002:000020b4       ??_C@_0BD@JDLKDPAB@?$GAvbase?5destructor?8@ 1001e0b4     libvcruntime:undname.obj
 0002:000020c8       ??_C@_0BN@DEGPLNFK@?$GAvector?5deleting?5destructor?8@ 1001e0c8     libvcruntime:undname.obj
 0002:000020e8       ??_C@_0BO@OBMKPJIG@?$GAdefault?5constructor?5closure?8@ 1001e0e8     libvcruntime:undname.obj
 0002:00002108       ??_C@_0BN@IMDCHIKM@?$GAscalar?5deleting?5destructor?8@ 1001e108     libvcruntime:undname.obj
 0002:00002128       ??_C@_0BO@PFGOCPJJ@?$GAvector?5constructor?5iterator?8@ 1001e128     libvcruntime:undname.obj
 0002:00002148       ??_C@_0BN@LFPFMEDL@?$GAvector?5destructor?5iterator?8@ 1001e148     libvcruntime:undname.obj
 0002:00002168       ??_C@_0CE@IKBNEHA@?$GAvector?5vbase?5constructor?5itera@ 1001e168     libvcruntime:undname.obj
 0002:0000218c       ??_C@_0BL@NILFHHPC@?$GAvirtual?5displacement?5map?8@ 1001e18c     libvcruntime:undname.obj
 0002:000021a8       ??_C@_0CB@JONCMFFK@?$GAeh?5vector?5constructor?5iterator@ 1001e1a8     libvcruntime:undname.obj
 0002:000021cc       ??_C@_0CA@GCEOPDGL@?$GAeh?5vector?5destructor?5iterator?8@ 1001e1cc     libvcruntime:undname.obj
 0002:000021ec       ??_C@_0CH@OOJPLCPH@?$GAeh?5vector?5vbase?5constructor?5it@ 1001e1ec     libvcruntime:undname.obj
 0002:00002214       ??_C@_0BL@LLKPOHJI@?$GAcopy?5constructor?5closure?8@ 1001e214     libvcruntime:undname.obj
 0002:00002230       ??_C@_0BA@KBCDOMBN@?$GAudt?5returning?8@ 1001e230     libvcruntime:undname.obj
 0002:00002240       ??_C@_03KLGMFNMG@?$GAEH@   1001e240     libvcruntime:undname.obj
 0002:00002244       ??_C@_05KHLCHHI@?$GARTTI@  1001e244     libvcruntime:undname.obj
 0002:0000224c       ??_C@_0BA@KKLDJDLB@?$GAlocal?5vftable?8@ 1001e24c     libvcruntime:undname.obj
 0002:0000225c       ??_C@_0CE@IIHCMGGL@?$GAlocal?5vftable?5constructor?5clos@ 1001e25c     libvcruntime:undname.obj
 0002:00002280       ??_C@_06FHBGPFGH@?5new?$FL?$FN@ 1001e280     libvcruntime:undname.obj
 0002:00002288       ??_C@_09LBNFPBCA@?5delete?$FL?$FN@ 1001e288     libvcruntime:undname.obj
 0002:00002294       ??_C@_0P@HJKNJFNN@?$GAomni?5callsig?8@ 1001e294     libvcruntime:undname.obj
 0002:000022a4       ??_C@_0BL@CNOONJFP@?$GAplacement?5delete?5closure?8@ 1001e2a4     libvcruntime:undname.obj
 0002:000022c0       ??_C@_0BN@CKNJLHMB@?$GAplacement?5delete?$FL?$FN?5closure?8@ 1001e2c0     libvcruntime:undname.obj
 0002:000022e0       ??_C@_0CG@CFDHKGGD@?$GAmanaged?5vector?5constructor?5ite@ 1001e2e0     libvcruntime:undname.obj
 0002:00002308       ??_C@_0CF@IMGKMJNO@?$GAmanaged?5vector?5destructor?5iter@ 1001e308     libvcruntime:undname.obj
 0002:00002330       ??_C@_0CG@HLDDJMAG@?$GAeh?5vector?5copy?5constructor?5ite@ 1001e330     libvcruntime:undname.obj
 0002:00002358       ??_C@_0CM@FCBBDIGB@?$GAeh?5vector?5vbase?5copy?5construct@ 1001e358     libvcruntime:undname.obj
 0002:00002384       ??_C@_0BL@CLIPGLGB@?$GAdynamic?5initializer?5for?5?8@ 1001e384     libvcruntime:undname.obj
 0002:000023a0       ??_C@_0CB@PDBIFEP@?$GAdynamic?5atexit?5destructor?5for?5@ 1001e3a0     libvcruntime:undname.obj
 0002:000023c4       ??_C@_0CD@CGAJBKEJ@?$GAvector?5copy?5constructor?5iterat@ 1001e3c4     libvcruntime:undname.obj
 0002:000023e8       ??_C@_0CJ@GJELGAMM@?$GAvector?5vbase?5copy?5constructor?5@ 1001e3e8     libvcruntime:undname.obj
 0002:00002414       ??_C@_0CL@FGIJHLCE@?$GAmanaged?5vector?5copy?5constructo@ 1001e414     libvcruntime:undname.obj
 0002:00002440       ??_C@_0BM@PMGGMLDN@?$GAlocal?5static?5thread?5guard?8@ 1001e440     libvcruntime:undname.obj
 0002:0000245c       ??_C@_0N@BDNMDMOL@operator?5?$CC?$CC?5@ 1001e45c     libvcruntime:undname.obj
 0002:0000246c       ??_C@_0BC@GGEBGALA@operator?5co_await@ 1001e46c     libvcruntime:undname.obj
 0002:00002480       ??_C@_0M@GAAIMMOH@operator?$DM?$DN?$DO@ 1001e480     libvcruntime:undname.obj
 0002:0000248c       ??_C@_0BC@DAFEJGAK@?5Type?5Descriptor?8@ 1001e48c     libvcruntime:undname.obj
 0002:000024a0       ??_C@_0BM@LDKODKLH@?5Base?5Class?5Descriptor?5at?5?$CI@ 1001e4a0     libvcruntime:undname.obj
 0002:000024bc       ??_C@_0BD@LGICGFMM@?5Base?5Class?5Array?8@ 1001e4bc     libvcruntime:undname.obj
 0002:000024d0       ??_C@_0BN@MECKDCOJ@?5Class?5Hierarchy?5Descriptor?8@ 1001e4d0     libvcruntime:undname.obj
 0002:000024f0       ??_C@_0BK@CFCOFLF@?5Complete?5Object?5Locator?8@ 1001e4f0     libvcruntime:undname.obj
 0002:0000250c       ??_C@_0BG@JNJLAMPM@?$GAanonymous?5namespace?8@ 1001e50c     libvcruntime:undname.obj
 0002:00002530       ??_C@_1DM@KHCHBNEB@?$AAa?$AAp?$AAi?$AA?9?$AAm?$AAs?$AA?9?$AAw?$AAi?$AAn?$AA?9?$AAc?$AAo?$AAr?$AAe@ 1001e530     libvcruntime:winapi_downlevel.obj
 0002:0000256c       ??_C@_1DK@LPPGFMPP@?$AAa?$AAp?$AAi?$AA?9?$AAm?$AAs?$AA?9?$AAw?$AAi?$AAn?$AA?9?$AAc?$AAo?$AAr?$AAe@ 1001e56c     libvcruntime:winapi_downlevel.obj
[...]
 0002:00007ad0       __sehtable$??$common_fsopen@D@@YAPAU_iobuf@@QBD0H@Z 10023ad0     libucrt:fopen.obj
 0002:00007af0       __sehtable$_fread_s        10023af0     libucrt:fread.obj
 0002:00007b10       __sehtable$?common_fseek@@YAHV__crt_stdio_stream@@_JHAAV__crt_cached_ptd_host@@@Z 10023b10     libucrt:fseek.obj
 0002:00007b30       __sehtable$??$common_ftell@J@@YAJV__crt_stdio_stream@@AAV__crt_cached_ptd_host@@@Z 10023b30     libucrt:ftell.obj
 0002:00007b50       __sehtable$?_rewind_internal@@YAXQAU_iobuf@@AAV__crt_cached_ptd_host@@@Z 10023b50     libucrt:rewind.obj
 0002:00007b6c       __ehfuncinfo$?write_double_translated_ansi_nolock@@YA?AUwrite_result@?A0x17268360@@HQBDIAAV__crt_cached_ptd_host@@@Z 10023b6c     libucrt:write.obj
 0002:00007b6c       __ehfuncinfo$?try_cor_exit_process@@YAXI@Z 10023b6c     libucrt:exit.obj
 0002:00007b90       __unwindtable$?common_exit@@YAXHW4_crt_exit_cleanup_mode@@W4_crt_exit_return_mode@@@Z 10023b90     libucrt:exit.obj
 0002:00007b98       __ehfuncinfo$?common_exit@@YAXHW4_crt_exit_cleanup_mode@@W4_crt_exit_return_mode@@@Z 10023b98     libucrt:exit.obj
 0002:00007bc0       __sehtable$??R<lambda_6e4b09c48022b2350581041d5f6b0c4c>@@QBE@XZ 10023bc0     libucrt:exit.obj
 0002:00007be0       __sehtable$??$?RV<lambda_03b1d95aef87969028cfba75ccab2455>@@AAV<lambda_6e4b09c48022b2350581041d5f6b0c4c>@@V<lambda_22bdf7517842c4b3e53723af5aa32b9e>@@@?$__crt_seh_guarded_call@X@@QAEX$$QAV<lambda_03b1d95aef87969028cfba75ccab2455>@@AAV<lambda_6e4b09c48022b2350581041d5f6b0c4c>@@$$QAV<lambda_22bdf7517842c4b3e53723af5aa32b9e>@@@Z 10023be0     libucrt:exit.obj
 0002:00007bfc       __unwindtable$___dcrt_uninitialize_environments_nolock 10023bfc     libucrt:environment_initialization.obj
 0002:00007c0c       __ehfuncinfo$___dcrt_uninitialize_environments_nolock 10023c0c     libucrt:environment_initialization.obj
 0002:00007c30       __unwindtable$__execute_onexit_table 10023c30     libucrt:onexit.obj
 0002:00007c38       __ehfuncinfo$__execute_onexit_table 10023c38     libucrt:onexit.obj
 0002:00007c60       __sehtable$??$?RV<lambda_69a2805e680e0e292e8ba93315fe43a8>@@AAV<lambda_f03950bc5685219e0bcd2087efbe011e>@@V<lambda_03fcd07e894ec930e3f35da366ca99d6>@@@?$__crt_seh_guarded_call@H@@QAEH$$QAV<lambda_69a2805e680e0e292e8ba93315fe43a8>@@AAV<lambda_f03950bc5685219e0bcd2087efbe011e>@@$$QAV<lambda_03fcd07e894ec930e3f35da366ca99d6>@@@Z 10023c60     libucrt:onexit.obj
 0002:00007c80       __sehtable$_terminate      10023c80     libucrt:terminate.obj
 0002:00007ca0       __sehtable$??$?RV<lambda_15ade71b0218206bbe3333a0c9b79046>@@AAV<lambda_da44e0f8b0f19ba52fefafb335991732>@@V<lambda_207f2d024fc103971653565357d6cd41>@@@?$__crt_seh_guarded_call@X@@QAEX$$QAV<lambda_15ade71b0218206bbe3333a0c9b79046>@@AAV<lambda_da44e0f8b0f19ba52fefafb335991732>@@$$QAV<lambda_207f2d024fc103971653565357d6cd41>@@@Z 10023ca0     libucrt:per_thread_data.obj
 0002:00007cc0       __sehtable$??$?RV<lambda_a7e850c220f1c8d1e6efeecdedd162c6>@@AAV<lambda_46720907175c18b6c9d2717bc0d2d362>@@V<lambda_9048902d66e8d99359bc9897bbb930a8>@@@?$__crt_seh_guarded_call@X@@QAEX$$QAV<lambda_a7e850c220f1c8d1e6efeecdedd162c6>@@AAV<lambda_46720907175c18b6c9d2717bc0d2d362>@@$$QAV<lambda_9048902d66e8d99359bc9897bbb930a8>@@@Z 10023cc0     libucrt:per_thread_data.obj
 0002:00007ce0       __sehtable$??$?RV<lambda_38edbb1296d33220d7e4dd0ed76b244a>@@AAV<lambda_5ce1d447e08cb34b2473517608e21441>@@V<lambda_fb385d3da700c9147fc39e65dd577a8c>@@@?$__crt_seh_guarded_call@X@@QAEX$$QAV<lambda_38edbb1296d33220d7e4dd0ed76b244a>@@AAV<lambda_5ce1d447e08cb34b2473517608e21441>@@$$QAV<lambda_fb385d3da700c9147fc39e65dd577a8c>@@@Z 10023ce0     libucrt:per_thread_data.obj
 0002:00007d00       __sehtable$??$?RV<lambda_6affb1475c98b40b75cdec977db92e3c>@@AAV<lambda_b8d4b9c228a6ecc3f80208dbb4b4a104>@@V<lambda_608742c3c92a14382c1684fc64f96c88>@@@?$__crt_seh_guarded_call@X@@QAEX$$QAV<lambda_6affb1475c98b40b75cdec977db92e3c>@@AAV<lambda_b8d4b9c228a6ecc3f80208dbb4b4a104>@@$$QAV<lambda_608742c3c92a14382c1684fc64f96c88>@@@Z 10023d00     libucrt:per_thread_data.obj
 0002:00007d20       __sehtable$??$?RV<lambda_e5124f882df8998aaf41531e079ba474>@@AAV<lambda_3e16ef9562a7dcce91392c22ab16ea36>@@V<lambda_e25ca0880e6ef98be67edffd8c599615>@@@?$__crt_seh_guarded_call@X@@QAEX$$QAV<lambda_e5124f882df8998aaf41531e079ba474>@@AAV<lambda_3e16ef9562a7dcce91392c22ab16ea36>@@$$QAV<lambda_e25ca0880e6ef98be67edffd8c599615>@@@Z 10023d20     libucrt:wsetlocale.obj
 0002:00007d40       __sehtable$??$?RV<lambda_d422a76eb4c3bf3ad751449ab71a6ea4>@@AAV<lambda_c9ba49e555ba839a7b07aa3fbecb7617>@@V<lambda_9476263c8ee91a25d21c55370bdb50de>@@@?$__crt_seh_guarded_call@H@@QAEH$$QAV<lambda_d422a76eb4c3bf3ad751449ab71a6ea4>@@AAV<lambda_c9ba49e555ba839a7b07aa3fbecb7617>@@$$QAV<lambda_9476263c8ee91a25d21c55370bdb50de>@@@Z 10023d40     libucrt:close.obj
 0002:00007d60       __sehtable$?__acrt_stdio_allocate_stream@@YA?AV__crt_stdio_stream@@XZ 10023d60     libucrt:stream.obj
 0002:00007d80       __sehtable$??$?RV<lambda_2866be3712abc81a800a822484c830d8>@@AAV<lambda_39ca0ed439415581b5b15c265174cece>@@V<lambda_2b24c74d71094a6cd0cb82e44167d71b>@@@?$__crt_seh_guarded_call@X@@QAEX$$QAV<lambda_2866be3712abc81a800a822484c830d8>@@AAV<lambda_39ca0ed439415581b5b15c265174cece>@@$$QAV<lambda_2b24c74d71094a6cd0cb82e44167d71b>@@@Z 10023d80     libucrt:fflush.obj
 0002:00007da0       __sehtable$??$?RV<lambda_2cc53f568c5a2bb6f192f930a45d44ea>@@AAV<lambda_ab61a845afdef5b7c387490eaf3616ee>@@V<lambda_c2ffc0b7726aa6be21d5f0026187e748>@@@?$__crt_seh_guarded_call@X@@QAEX$$QAV<lambda_2cc53f568c5a2bb6f192f930a45d44ea>@@AAV<lambda_ab61a845afdef5b7c387490eaf3616ee>@@$$QAV<lambda_c2ffc0b7726aa6be21d5f0026187e748>@@@Z 10023da0     libucrt:fflush.obj
 0002:00007dc0       __sehtable$__read          10023dc0     libucrt:read.obj
 0002:00007de0       __sehtable$??$common_lseek@J@@YAJHJHAAV__crt_cached_ptd_host@@@Z 10023de0     libucrt:lseek.obj
 0002:00007e00       __sehtable$??$common_lseek@_J@@YA_JH_JHAAV__crt_cached_ptd_host@@@Z 10023e00     libucrt:lseek.obj
 0002:00007e20       __sehtable$___acrt_initialize_lowio 10023e20     libucrt:ioinit.obj
 0002:00007e40       __sehtable$?update_thread_multibyte_data_internal@@YAPAU__crt_multibyte_data@@QAU__acrt_ptd@@QAPAU1@@Z 10023e40     libucrt:mbctype.obj
 0002:00007e60       __sehtable$??$?RV<lambda_ceb1ee4838e85a9d631eb091e2fbe199>@@AAV<lambda_ae742caa10f662c28703da3d2ea5e57e>@@V<lambda_cd08b5d6af4937fe54fc07d0c9bf6b37>@@@?$__crt_seh_guarded_call@X@@QAEX$$QAV<lambda_ceb1ee4838e85a9d631eb091e2fbe199>@@AAV<lambda_ae742caa10f662c28703da3d2ea5e57e>@@$$QAV<lambda_cd08b5d6af4937fe54fc07d0c9bf6b37>@@@Z 10023e60     libucrt:mbctype.obj
 0002:00007e80       __sehtable$__query_new_handler 10023e80     libucrt:new_handler.obj
 0002:00007ea0       __sehtable$_raise          10023ea0     libucrt:signal.obj
 0002:00007ec0       __sehtable$??$?RV<lambda_cbab9ec6f41b0180b23cc171c22676b0>@@AAV<lambda_44731a7d0e6d81c3e6aa82d741081786>@@V<lambda_4b292cb8dd18144e164572427af410ab>@@@?$__crt_seh_guarded_call@P6AXH@Z@@QAEP6AXH@Z$$QAV<lambda_cbab9ec6f41b0180b23cc171c22676b0>@@AAV<lambda_44731a7d0e6d81c3e6aa82d741081786>@@$$QAV<lambda_4b292cb8dd18144e164572427af410ab>@@@Z 10023ec0     libucrt:signal.obj
 0002:00007ee0       __sehtable$___acrt_update_thread_locale_data 10023ee0     libucrt:locale_refcounting.obj
 0002:00007f00       __sehtable$__fcloseall     10023f00     libucrt:closeall.obj
 0002:00007f20       __sehtable$__alloc_osfhnd  10023f20     libucrt:osfinfo.obj
 0002:00007f40       __sehtable$___acrt_lowio_ensure_fh_exists 10023f40     libucrt:osfinfo.obj
 0002:00007f60       __sehtable$??$?RV<lambda_9e9de3de5fa147e2223d7db92bc10aa6>@@AAV<lambda_38ce7e780aa69e748d6df282ebc68efe>@@V<lambda_8ca6da459f0f6780f1cff60fdc3d00e5>@@@?$__crt_seh_guarded_call@H@@QAEH$$QAV<lambda_9e9de3de5fa147e2223d7db92bc10aa6>@@AAV<lambda_38ce7e780aa69e748d6df282ebc68efe>@@$$QAV<lambda_8ca6da459f0f6780f1cff60fdc3d00e5>@@@Z 10023f60     libucrt:commit.obj
 0002:00007f80       __sehtable$__write_internal 10023f80     libucrt:write.obj
 0002:00007fa0       __sehtable$??$common_sopen_dispatch@D@@YAHQBDHHHQAHH@Z 10023fa0     libucrt:open.obj
 0002:00007fc0       __sehtable$___set_fpsr_sse2 10023fc0     libucrt:fpctrl.obj
 0002:00007fe0       __sehtable$__IsNonwritableInCurrentImage 10023fe0     LIBCMT:pesect.obj
 0002:00008000       .edata                     10024000     emerald3_3.exp
 0002:00008028       rgpv                       10024028     emerald3_3.exp
 0002:0000803c       rgszName                   1002403c     emerald3_3.exp
 0002:00008050       rgwOrd                     10024050     emerald3_3.exp
 0002:0000805a       szName                     1002405a     emerald3_3.exp
 0002:00008069       $N00001                    10024069     emerald3_3.exp
 0002:00008082       $N00002                    10024082     emerald3_3.exp
 0002:00008097       $N00003                    10024097     emerald3_3.exp
 0002:000080a9       $N00004                    100240a9     emerald3_3.exp
 0002:000080b6       $N00005                    100240b6     emerald3_3.exp
 0002:00008280       .idata$6                   10024280     kernel32:KERNEL32.dll
 0002:0000829c       .idata$6                   1002429c     user32:USER32.dll
 0003:00000454       ?firsttime@?1??LoadConfigs@@YGXPAUTEvent@@@Z@4HA 10025454     config.obj
 0003:00000458       ?FirstTime@?4??DllMain@@9@12@4HA 10025458     dllmain.obj
 0003:00000490       ?first_time@?1??Emerald@@YGXPAUTEvent@@@Z@4HA 10025490     emerald.obj
 0003:00000494       ?ErmV@@3PAHA               10025494     events.obj
 0003:00000498       ?ErmF@@3PAHA               10025498     events.obj
 0003:0000049c       ?first_time_init@?1??ReallocProhibitionTables@@YGXPAUTEvent@@@Z@4HA 1002549c     random.obj
 0003:00000530       ?__vcrt_flsindex@@3KA      10025530     libvcruntime:per_thread_data.obj
 0003:00000560       ?__acrt_flsindex@@3KA      10025560     libucrt:per_thread_data.obj
 0003:00000564       ?errno_no_memory@@3HA      10025564     libucrt:errno.obj
 0003:00000568       ?doserrno_no_memory@@3KA   10025568     libucrt:errno.obj
 0003:00000a38       __mbctypes                 10025a38     libucrt:mbctype.obj
 0003:00000b40       __mbcasemaps               10025b40     libucrt:mbctype.obj
 0003:00000c40       ?__rgctypeflag@@3PADA      10025c40     libucrt:mbctype.obj
 0003:00000c48       ?__rgcode_page_info@@3PAUcode_page_info@@A 10025c48     libucrt:mbctype.obj
 0003:00000da0       ?__dcrt_lowio_console_output_handle@@3PAXA 10025da0     libucrt:initcon.obj
 0003:00000db0       ?__DAZ_ENABLED@?1??__set_fpsr_sse2@@9@9 10025db0     libucrt:fpctrl.obj
 0003:00000e20       ?tmp@?1??ParseTuple@@YAHPAD0QAH@Z@4PADA 10025e20     config.obj
 0003:00008e20       ?buf@?1??LoadArtifactConfig@@YAXH@Z@4PADA 1002de20     config.obj
 0003:00018e20       ?fname@?1??LoadArtifactConfig@@YAXH@Z@4PADA 1003de20     config.obj
 0003:00019240       ?EventParams@@3PAHA        1003e240     dllmain.obj
 0003:00019244       ?WriteAtCode@@3P6GXHPAX0@ZA 1003e244     dllmain.obj
 0003:00019248       ?Hook@@3P6GXPAXHH0@ZA      1003e248     dllmain.obj
 0003:0001924c       ?KillThisProcess@@3P6GXXZA 1003e24c     dllmain.obj
 0003:00019250       ?FatalError@@3P6GXPAD@ZA   1003e250     dllmain.obj
 0003:00019254       ?RegisterHandler@@3P6GXP6GXPAUTEvent@@@ZPAD@ZA 1003e254     dllmain.obj
 0003:00019258       ?FireEvent@@3P6GXPADPAXH@ZA 1003e258     dllmain.obj
 0003:0001925c       ?LoadTxt@@3P6GPAUTTxtFile@@PAD@ZA 1003e25c     dllmain.obj
 0003:00019260       ?ForceTxtUnload@@3P6GXPAD@ZA 1003e260     dllmain.obj
 0003:00019264       ?ExecErmCmd@@3P6GXPAD@ZA   1003e264     dllmain.obj
 0003:00019268       ?ReloadErm@@3P6GXXZA       1003e268     dllmain.obj
 0003:0001926c       ?ExtractErm@@3P6GXXZA      1003e26c     dllmain.obj
 0003:00019270       ?FireErmEvent@@3P6GXH@ZA   1003e270     dllmain.obj
 0003:00019274       ?ClearIniCache@@3P6GXXZA   1003e274     dllmain.obj
 0003:00019278       ?ReadStrFromIni@@3P6GHPAD000@ZA 1003e278     dllmain.obj
 0003:0001927c       ?WriteStrToIni@@3P6GHPAD000@ZA 1003e27c     dllmain.obj
 0003:00019280       ?NameColor@@3P6GXHPAD@ZA   1003e280     dllmain.obj
 0003:00019284       ?WriteSavegameSection@@3P6GXHPAXPAD@ZA 1003e284     dllmain.obj
 0003:00019288       ?ReadSavegameSection@@3P6GHHPAXPAD@ZA 1003e288     dllmain.obj
 0003:0001928c       ?SaveEventParams@@3P6GXXZA 1003e28c     dllmain.obj
 0003:00019290       ?RestoreEventParams@@3P6GXXZA 1003e290     dllmain.obj
 0003:00019298       ?EventParams@@3PAHA        1003e298     emerald.obj
 0003:0001929c       ?WriteAtCode@@3P6GXHPAX0@ZA 1003e29c     emerald.obj
 0003:000192a0       ?Hook@@3P6GXPAXHH0@ZA      1003e2a0     emerald.obj
 0003:000192a4       ?KillThisProcess@@3P6GXXZA 1003e2a4     emerald.obj
 0003:000192a8       ?FatalError@@3P6GXPAD@ZA   1003e2a8     emerald.obj
 0003:000192ac       ?RegisterHandler@@3P6GXP6GXPAUTEvent@@@ZPAD@ZA 1003e2ac     emerald.obj
 0003:000192b0       ?FireEvent@@3P6GXPADPAXH@ZA 1003e2b0     emerald.obj
 0003:000192b4       ?LoadTxt@@3P6GPAUTTxtFile@@PAD@ZA 1003e2b4     emerald.obj
 0003:000192b8       ?ForceTxtUnload@@3P6GXPAD@ZA 1003e2b8     emerald.obj
 0003:000192bc       ?ExecErmCmd@@3P6GXPAD@ZA   1003e2bc     emerald.obj
 0003:000192c0       ?ReloadErm@@3P6GXXZA       1003e2c0     emerald.obj
 0003:000192c4       ?ExtractErm@@3P6GXXZA      1003e2c4     emerald.obj
 0003:000192c8       ?FireErmEvent@@3P6GXH@ZA   1003e2c8     emerald.obj
 0003:000192cc       ?ClearIniCache@@3P6GXXZA   1003e2cc     emerald.obj
 0003:000192d0       ?ReadStrFromIni@@3P6GHPAD000@ZA 1003e2d0     emerald.obj
 0003:000192d4       ?WriteStrToIni@@3P6GHPAD000@ZA 1003e2d4     emerald.obj
 0003:000192d8       ?NameColor@@3P6GXHPAD@ZA   1003e2d8     emerald.obj
 0003:000192dc       ?WriteSavegameSection@@3P6GXHPAXPAD@ZA 1003e2dc     emerald.obj
 0003:000192e0       ?ReadSavegameSection@@3P6GHHPAXPAD@ZA 1003e2e0     emerald.obj
 0003:000192e4       ?SaveEventParams@@3P6GXXZA 1003e2e4     emerald.obj
 0003:000192e8       ?RestoreEventParams@@3P6GXXZA 1003e2e8     emerald.obj
 0003:000192ec       ?EventParams@@3PAHA        1003e2ec     events.obj
 0003:000192f0       ?WriteAtCode@@3P6GXHPAX0@ZA 1003e2f0     events.obj
 0003:000192f4       ?Hook@@3P6GXPAXHH0@ZA      1003e2f4     events.obj
 0003:000192f8       ?KillThisProcess@@3P6GXXZA 1003e2f8     events.obj
 0003:000192fc       ?FatalError@@3P6GXPAD@ZA   1003e2fc     events.obj
 0003:00019300       ?RegisterHandler@@3P6GXP6GXPAUTEvent@@@ZPAD@ZA 1003e300     events.obj
 0003:00019304       ?FireEvent@@3P6GXPADPAXH@ZA 1003e304     events.obj
 0003:00019308       ?LoadTxt@@3P6GPAUTTxtFile@@PAD@ZA 1003e308     events.obj
 0003:0001930c       ?ForceTxtUnload@@3P6GXPAD@ZA 1003e30c     events.obj
 0003:00019310       ?ExecErmCmd@@3P6GXPAD@ZA   1003e310     events.obj
 0003:00019314       ?ReloadErm@@3P6GXXZA       1003e314     events.obj
 0003:00019318       ?ExtractErm@@3P6GXXZA      1003e318     events.obj
 0003:0001931c       ?FireErmEvent@@3P6GXH@ZA   1003e31c     events.obj
 0003:00019320       ?ClearIniCache@@3P6GXXZA   1003e320     events.obj
 0003:00019324       ?ReadStrFromIni@@3P6GHPAD000@ZA 1003e324     events.obj
 0003:00019328       ?WriteStrToIni@@3P6GHPAD000@ZA 1003e328     events.obj
 0003:0001932c       ?NameColor@@3P6GXHPAD@ZA   1003e32c     events.obj
 0003:00019330       ?WriteSavegameSection@@3P6GXHPAXPAD@ZA 1003e330     events.obj
 0003:00019334       ?ReadSavegameSection@@3P6GHHPAXPAD@ZA 1003e334     events.obj
 0003:00019338       ?SaveEventParams@@3P6GXXZA 1003e338     events.obj
 0003:0001933c       ?RestoreEventParams@@3P6GXXZA 1003e33c     events.obj
 0003:00570f64       ?base@?1??ReallocProhibitionTables@@YGXPAUTEvent@@@Z@4HA 10595f64     random.obj
 0003:00570f68       _GS_ExceptionRecord        10595f68     LIBCMT:gs_report.obj
 0003:00570fb8       _GS_ContextRecord          10595fb8     LIBCMT:gs_report.obj
 0003:00571284       ?__proc_attached@@3HA      10596284     LIBCMT:dll_dllmain.obj
 0003:005712a0       ?is_initialized_as_dll@@3_NA 105962a0     LIBCMT:utility.obj
 0003:005712a1       ?module_local_atexit_table_initialized@@3_NA 105962a1     LIBCMT:utility.obj
 0003:005712a4       ?module_local_atexit_table@@3U_onexit_table_t@@A 105962a4     LIBCMT:utility.obj
 0003:005712b0       ?module_local_at_quick_exit_table@@3U_onexit_table_t@@A 105962b0     LIBCMT:utility.obj
 0003:005712f4       ?heap@@3V_HeapManager@@A   105962f4     libvcruntime:undname.obj
 0003:00571308       ?__vcrt_startup_thread_ptd@@3U__vcrt_ptd@@A 10596308     libvcruntime:per_thread_data.obj
 0003:00571330       ___vcrt_lock_table         10596330     libvcruntime:locks.obj
 0003:00571348       ___vcrt_locks_initialized  10596348     libvcruntime:locks.obj
 0003:0057134c       ?module_handles@@3PAPAUHINSTANCE__@@A 1059634c     libvcruntime:winapi_downlevel.obj
 0003:00571358       ?function_pointers@@3PAPAXA 10596358     libvcruntime:winapi_downlevel.obj
 0003:00571370       ?c_termination_complete@@3JA 10596370     libucrt:exit.obj
 0003:00571374       ?thread_local_exit_callback_func@@3P6GXPAXK0@ZA 10596374     libucrt:exit.obj
 0003:00571380       ?program_name@?1???$common_configure_argv@D@@YAHW4_crt_argv_mode@@@Z@4PADA 10596380     libucrt:argv_parsing.obj
 0003:005714b0       ?__acrt_invalid_parameter_handler@@3V?$dual_state_global@P6AXPB_W00II@Z@__crt_state_management@@A 105964b0     libucrt:invalid_parameter.obj
 0003:005716cc       ?internal_state@?1??_mbtowc_internal@@9@4U_Mbstatet@@A 105966cc     libucrt:mbtowc.obj
 0003:005716d4       ?enable_percent_n@@3IA     105966d4     libucrt:printf_count_output.obj
 0003:005716e0       ?module_handles@@3PAPAUHINSTANCE__@@A 105966e0     libucrt:winapi_thunks.obj
 0003:00571730       ?encoded_function_pointers@@3PAPAXA 10596730     libucrt:winapi_thunks.obj
 0003:005717b8       ?__acrt_lock_table@@3PAU_RTL_CRITICAL_SECTION@@A 105967b8     libucrt:locks.obj
 0003:00571908       ?__acrt_locks_initialized@@3IA 10596908     libucrt:locks.obj
 0003:00571918       ?fSystemSet@@3HA           10596918     libucrt:mbctype.obj
 0003:0057191c       ?initialized@?1??__acrt_initialize_multibyte@@9@4_NA 1059691c     libucrt:mbctype.obj
 0003:0057193c       ?__acrt_new_handler@@3V?$dual_state_global@P6AHI@Z@__crt_state_management@@A 1059693c     libucrt:new_handler.obj
 0003:00571940       ?ctrlc_action@@3V?$dual_state_global@P6AXH@Z@__crt_state_management@@A 10596940     libucrt:signal.obj
 0003:00571944       ?ctrlbreak_action@@3V?$dual_state_global@P6AXH@Z@__crt_state_management@@A 10596944     libucrt:signal.obj
 0003:00571948       ?abort_action@@3V?$dual_state_global@P6AXH@Z@__crt_state_management@@A 10596948     libucrt:signal.obj
 0003:0057194c       ?term_action@@3V?$dual_state_global@P6AXH@Z@__crt_state_management@@A 1059694c     libucrt:signal.obj
 0003:00571950       ?user_matherr@@3V?$dual_state_global@P6AHPAU_exception@@@Z@__crt_state_management@@A 10596950     libucrt:matherr.obj
 0003:00571960       ?__acrt_global_new_mode@@3V?$dual_state_global@J@__crt_state_management@@A 10596960     libucrt:new_mode.obj
 0003:00571964       ?__acrt_app_type@@3W4_crt_app_type@@A 10596964     libucrt:report_runtime_error.obj
 0003:0057196c       ?internal_pst@?1??__mbrtoc32_utf8@__crt_mbstring@@YAIPA_UPBDIPAU_Mbstatet@@AAV__crt_cached_ptd_host@@@Z@4U3@A 1059696c     libucrt:mbrtoc32.obj
 0003:0057197c       __pmatherr_set             1059697c     libucrt:libm_error.obj
 0004:00000060       $R000000                   10597060     * linker generated manifest res *

 Exports

  ordinal    name

        1    ?no_save@@3UGAMEDATA2@@A (struct GAMEDATA2 no_save)
        2    ?save@@3UGAMEDATA@@A (struct GAMEDATA save)
        3    _CastArtifactSpell
               exported name: CastArtifactSpell
        4    _ConfigureArt
               exported name: ConfigureArt
        5    _ExecErmSequence
               exported name: ExecErmSequence
