 emerald3_3

 Timestamp is 65cd721a (Thu Feb 15 12:38:26 2024)

 Preferred load address is 10000000

 Start         Length     Name                   Class
 0001:00000000 00000010H .text$di                CODE
 0001:00000010 0001963fH .text$mn                CODE
 0001:0001964f 000000bbH .text$x                 CODE
 0002:00000000 0000012cH .idata$5                DATA
 0002:0000012c 00000008H .00cfg                  DATA
 0002:00000134 00000004H .CRT$XCA                DATA
 0002:00000138 00000004H .CRT$XCU                DATA
 0002:0000013c 00000004H .CRT$XCZ                DATA
 0002:00000140 00000004H .CRT$XIA                DATA
 0002:00000144 00000010H .CRT$XIC                DATA
 0002:00000154 00000004H .CRT$XIZ                DATA
 0002:00000158 00000004H .CRT$XPA                DATA
 0002:0000015c 00000008H .CRT$XPX                DATA
 0002:00000164 00000004H .CRT$XPXA               DATA
 0002:00000168 00000004H .CRT$XPZ                DATA
 0002:0000016c 00000004H .CRT$XTA                DATA
 0002:00000170 00000010H .CRT$XTZ                DATA
 0002:00000174 00000000H .gfids$y                DATA
 0002:00000180 000070c0H .rdata                  DATA
 0002:00007240 00000000H .rdata$CastGuardVftablesA DATA
 0002:00007240 00000000H .rdata$CastGuardVftablesC DATA
 0002:00007240 000000dcH .rdata$r                DATA
 0002:0000731c 00000028H .rdata$sxdata           DATA
 0002:00007344 00000100H .rdata$voltmd           DATA
 0002:00007444 0000036cH .rdata$zzzdbg           DATA
 0002:000077b0 00000004H .rtc$IAA                DATA
 0002:000077b4 00000004H .rtc$IZZ                DATA
 0002:000077b8 00000004H .rtc$TAA                DATA
 0002:000077bc 00000004H .rtc$TZZ                DATA
 0002:000077c0 00000730H .xdata$x                DATA
 0002:00007ef0 000000c8H .edata                  DATA
 0002:00007fb8 00000028H .idata$2                DATA
 0002:00007fe0 00000014H .idata$3                DATA
 0002:00007ff4 0000012cH .idata$4                DATA
 0002:00008120 00000554H .idata$6                DATA
 0003:00000000 00000dc0H .data                   DATA
 0003:00000dc0 0000003cH .data$r                 DATA
 0003:00000dfc 0000001cH .data$rs                DATA
 0003:00000e18 00570b78H .bss                    DATA
 0004:00000000 00000060H .rsrc$01                DATA
 0004:00000060 00000180H .rsrc$02                DATA

  Address         Publics by Value              Rva+Base       Lib:Object

 0000:00000000       ___AbsoluteZero            00000000     <absolute>
 0000:00000000       ___arm64x_extra_rfe_table  00000000     <absolute>
 0000:00000000       ___arm64x_extra_rfe_table_size 00000000     <absolute>
 0000:00000000       ___arm64x_native_entrypoint 00000000     <absolute>
 0000:00000000       ___arm64x_redirection_metadata 00000000     <absolute>
 0000:00000000       ___arm64x_redirection_metadata_count 00000000     <absolute>
 0000:00000000       ___dynamic_value_reloc_table 00000000     <absolute>
 0000:00000000       ___enclave_config          00000000     <absolute>
 0000:00000000       ___guard_check_icall_a64n_fptr 00000000     <absolute>
 0000:00000000       ___guard_eh_cont_count     00000000     <absolute>
 0000:00000000       ___guard_eh_cont_table     00000000     <absolute>
 0000:00000000       ___guard_fids_count        00000000     <absolute>
 0000:00000000       ___guard_fids_table        00000000     <absolute>
 0000:00000000       ___guard_iat_count         00000000     <absolute>
 0000:00000000       ___guard_iat_table         00000000     <absolute>
 0000:00000000       ___guard_longjmp_count     00000000     <absolute>
 0000:00000000       ___guard_longjmp_table     00000000     <absolute>
 0000:00000000       ___hybrid_auxiliary_delayload_iat 00000000     <absolute>
 0000:00000000       ___hybrid_auxiliary_delayload_iat_copy 00000000     <absolute>
 0000:00000000       ___hybrid_auxiliary_iat    00000000     <absolute>
 0000:00000000       ___hybrid_auxiliary_iat_copy 00000000     <absolute>
 0000:00000000       ___hybrid_code_map         00000000     <absolute>
 0000:00000000       ___hybrid_code_map_count   00000000     <absolute>
 0000:00000000       ___hybrid_image_info_bitfield 00000000     <absolute>
 0000:00000000       ___x64_code_ranges_to_entry_points 00000000     <absolute>
 0000:00000000       ___x64_code_ranges_to_entry_points_count 00000000     <absolute>
 0000:00000000       __except_list              00000000     <absolute>
 0000:0000000a       ___safe_se_handler_count   0000000a     <absolute>
 0000:00000100       ___guard_flags             00000100     <absolute>
 0000:00000000       ___ImageBase               10000000     <linker-defined>
 0001:00000010       ?GetArtifactRecord@@YAPAUART_RECORD@@H@Z 10001010 f   heroes.obj
 0001:00000030       ?CleanBegin@@YAXXZ         10001030 f   CleanBegin.obj
 0001:00000180       ?FileExists@@YAHPBD@Z      10001180 f i config.obj
 0001:000001b0       ?LoadArtifactConfig@@YAXH@Z 100011b0 f   config.obj
 0001:00000290       ?LoadConfigs@@YGXPAUTEvent@@@Z 10001290 f   config.obj
 0001:00000400       ?ParseByte@@YAXPAD00@Z     10001400 f   config.obj
 0001:00000470       ?ParseInt@@YAXPAD0PAH@Z    10001470 f   config.obj
 0001:000004e0       ?ParseStr2@@YAXPAD0AAPAD10AAH@Z 100014e0 f   config.obj
 0001:000005a0       ?ParseStr@@YAHPAD0QAD@Z    100015a0 f   config.obj
 0001:00000720       ?ParseTuple@@YAHPAD0QAH@Z  10001720 f   config.obj
 0001:00000830       ?strpbrk@@YAPADQADQBD@Z    10001830 f i config.obj
 0001:00000850       ?strstr@@YAPADQADQBD@Z     10001850 f i config.obj
 0001:00000870       _ConfigureArt              10001870 f   config.obj
 0001:000016e0       ___local_stdio_printf_options 100026e0 f i config.obj
 0001:000016f0       __vsnprintf_l              100026f0 f i config.obj
 0001:00001740       __vsprintf_l               10002740 f i config.obj
 0001:00001760       _sprintf                   10002760 f i config.obj
 0001:000017a0       ?DebugWindow@@YAXXZ        100027a0 f   DebugWindow.obj
 0001:00001a90       ?GetPatcher@@YAPAVPatcher@@XZ 10002a90 f i dllmain.obj
 0001:00001af0       ?RestoreData@@YGXPAUTEvent@@@Z 10002af0 f   dllmain.obj
 0001:00001b20       ?StoreData@@YGXPAUTEvent@@@Z 10002b20 f   dllmain.obj
 0001:00001b50       ?Z_OnAfterCreateWindow@@YGXPAUTEvent@@@Z 10002b50 f   dllmain.obj
 0001:00001b70       ?Z_OnAfterErmInstructions@@YGXPAUTEvent@@@Z 10002b70 f   dllmain.obj
 0001:00001b80       ?Z_OnAfterWog@@YGXPAUTEvent@@@Z 10002b80 f   dllmain.obj
 0001:00001bb0       _DllMain@12                10002bb0 f   dllmain.obj
 0001:000020f0       ?Emerald@@YGXPAUTEvent@@@Z 100030f0 f   emerald.obj
 0001:00002a80       ?EmeraldStrings2@@YGXPAUTEvent@@@Z 10003a80 f   emerald.obj
 0001:00002b00       _CastArtifactSpell         10003b00 f   emerald.obj
 0001:00002ba0       _ExecErmSequence           10003ba0 f   emerald.obj
 0001:00002cc0       ?BattleStartHook@@YGHPAVLoHook@@PAUHookContext@@@Z 10003cc0 f   events.obj
 0001:00002ff0       ?OnCreatureParamInit@@YGHPAVHiHook@@PAUHERO@@HPAUMONSTER_PROP@@@Z 10003ff0 f   events.obj
 0001:00003430       ??0GAMEDATA2@@QAE@XZ       10004430 f i External.obj
 0001:00003450       ?LuckTextHook@@YGHPAVLoHook@@PAUHookContext@@@Z 10004450 f   luckmorale.obj
 0001:00003780       ?LuckValueHook@@YGHPAVLoHook@@PAUHookContext@@@Z 10004780 f   luckmorale.obj
 0001:000039d0       ?BattleStartAction@@YAXHH@Z 100049d0 f   properties.obj
 0001:00003a20       ?CalculateAttackBonus@@YAHHH@Z 10004a20 f   properties.obj
 0001:00003a30       ?CalculateDefenceBonus@@YAHHH@Z 10004a30 f   properties.obj
 0001:00003a40       ?CalculateDmgHighBonus@@YAHHH@Z 10004a40 f   properties.obj
 0001:00003a50       ?CalculateDmgLowBonus@@YAHHH@Z 10004a50 f   properties.obj
 0001:00003a60       ?CalculateHealthBonus@@YAHHH@Z 10004a60 f   properties.obj
 0001:00003a70       ?CalculateShotsBonus@@YAHHH@Z 10004a70 f   properties.obj
 0001:00003a80       ?CalculateSpeedBonus@@YAHHH@Z 10004a80 f   properties.obj
 0001:00003a90       ?CalculateSpellsBonus@@YAHHH@Z 10004a90 f   properties.obj
 0001:00003aa0       ?GetLuckBonus@@YAHHH@Z     10004aa0 f   properties.obj
 0001:00003ab0       ?GetLuckBonusFromBP@@YAHHH@Z 10004ab0 f   properties.obj
 0001:00003ac0       ?ReallocProhibitionTables@@YGXPAUTEvent@@@Z 10004ac0 f   random.obj
 0001:00004490       ?SpellSet_4EL@@YAXXZ       10005490 f   SpellSet.obj
 0001:000044f0       ?SpellSet_ADV@@YAXXZ       100054f0 f   SpellSet.obj
 0001:000045c0       ?SpellSet_ALL@@YAXXZ       100055c0 f   SpellSet.obj
 0001:000045f0       ?SpellSet_EYE@@YAXXZ       100055f0 f   SpellSet.obj
 0001:00004640       ?SpellSet_LV1@@YAXXZ       10005640 f   SpellSet.obj
 0001:00004680       ?SpellSet_LV2@@YAXXZ       10005680 f   SpellSet.obj
 0001:000046c0       ?SpellSet_LV3@@YAXXZ       100056c0 f   SpellSet.obj
 0001:00004700       ?SpellSet_LV4@@YAXXZ       10005700 f   SpellSet.obj
 0001:00004740       ?SpellSet_TP@@YAXXZ        10005740 f   SpellSet.obj
 0001:00004788       ___raise_securityfailure   10005788 f   LIBCMT:gs_report.obj
 0001:000047b0       ___report_gsfailure        100057b0 f   LIBCMT:gs_report.obj
 0001:000048aa       ___report_rangecheckfailure 100058aa f   LIBCMT:gs_report.obj
 0001:000048b6       ___report_securityfailure  100058b6 f   LIBCMT:gs_report.obj
 0001:00004985       @__security_check_cookie@4 10005985 f   LIBCMT:secchk.obj
 0001:000049a0       __alloca_probe             100059a0 f   LIBCMT:chkstk.obj
 0001:000049a0       __chkstk                   100059a0 f   LIBCMT:chkstk.obj
 0001:00004d0b       __DllMainCRTStartup@12     10005d0b f   LIBCMT:dll_dllmain.obj
 0001:00004d7b       ___security_init_cookie    10005d7b f   LIBCMT:gs_support.obj
 0001:00004dc6       ?__scrt_initialize_type_info@@YAXXZ 10005dc6 f   LIBCMT:tncleanup.obj
 0001:00004dd2       ?__scrt_uninitialize_type_info@@YAXXZ 10005dd2 f   LIBCMT:tncleanup.obj
 0001:00004dde       ___local_stdio_scanf_options 10005dde f i LIBCMT:default_local_stdio_options.obj
 0001:00004de4       ___scrt_initialize_default_local_stdio_options 10005de4 f   LIBCMT:default_local_stdio_options.obj
 0001:00004e45       ___scrt_acquire_startup_lock 10005e45 f   LIBCMT:utility.obj
 0001:00004e77       ___scrt_dllmain_after_initialize_c 10005e77 f   LIBCMT:utility.obj
 0001:00004ea2       ___scrt_dllmain_before_initialize_c 10005ea2 f   LIBCMT:utility.obj
 0001:00004eb0       ___scrt_dllmain_crt_thread_attach 10005eb0 f   LIBCMT:utility.obj
 0001:00004ecf       ___scrt_dllmain_crt_thread_detach 10005ecf f   LIBCMT:utility.obj
 0001:00004edc       ___scrt_dllmain_exception_filter 10005edc f   LIBCMT:utility.obj
 0001:00004f10       ___scrt_dllmain_uninitialize_c 10005f10 f   LIBCMT:utility.obj
 0001:00004f33       ___scrt_dllmain_uninitialize_critical 10005f33 f   LIBCMT:utility.obj
 0001:00004f40       ___scrt_initialize_crt     10005f40 f   LIBCMT:utility.obj
 0001:00004f79       ___scrt_initialize_onexit_tables 10005f79 f   LIBCMT:utility.obj
 0001:00005000       ___scrt_is_nonwritable_in_current_image 10006000 f   LIBCMT:utility.obj
 0001:00005094       ___scrt_release_startup_lock 10006094 f   LIBCMT:utility.obj
 0001:000050b1       ___scrt_uninitialize_crt   100060b1 f   LIBCMT:utility.obj
 0001:000050d9       ___scrt_get_dyn_tls_init_callback 100060d9 f   LIBCMT:dyn_tls_init.obj
 0001:000050df       ___scrt_fastfail           100060df f   LIBCMT:utility_desktop.obj
 0001:000051f4       __crt_debugger_hook        100061f4 f   LIBCMT:utility_desktop.obj
 0001:000051fc       __RTC_Initialize           100061fc f   LIBCMT:initsect.obj
 0001:00005228       __RTC_Terminate            10006228 f   LIBCMT:initsect.obj
 0001:00005260       __SEH_prolog4              10006260 f   LIBCMT:sehprolg4.obj
 0001:000052a5       @_guard_check_icall_nop@4  100062a5 f i LIBCMT:guard_support.obj
 0001:000052a8       ___isa_available_init      100062a8 f   LIBCMT:cpu_disp.obj
 0001:0000547c       __get_startup_argv_mode    1000647c f   LIBCMT:argv_mode.obj
 0001:00005480       ___scrt_is_ucrt_dll_in_use 10006480 f   LIBCMT:ucrt_detection.obj
 0001:00005490       _memset                    10006490 f   libvcruntime:memset.obj
 0001:000055f0       _strstr                    100065f0 f   libvcruntime:strstr.obj
 0001:000058a0       __except_handler4          100068a0 f   libvcruntime:chandler4.obj
 0001:000059fe       ___std_type_info_compare   100069fe f   libvcruntime:std_type_info.obj
 0001:00005a3a       ___std_type_info_destroy_list 10006a3a f   libvcruntime:std_type_info.obj
 0001:00005a5d       ___vcrt_initialize         10006a5d f   libvcruntime:initialization.obj
 0001:00005a7c       ___vcrt_thread_attach      10006a7c f   libvcruntime:initialization.obj
 0001:00005a87       ___vcrt_thread_detach      10006a87 f   libvcruntime:initialization.obj
 0001:00005a8f       ___vcrt_uninitialize       10006a8f f   libvcruntime:initialization.obj
 0001:00005aa6       ___vcrt_uninitialize_critical 10006aa6 f   libvcruntime:initialization.obj
 0001:00005aae       ___DestructExceptionObject 10006aae f   libvcruntime:ehhelpers.obj
 0001:00005b4f       ?_CallMemberFunction0@@YGXQAX0@Z 10006b4f f i libvcruntime:ehhelpers.obj
 0001:00005bb4       __IsExceptionObjectToBeDestroyed 10006bb4 f   libvcruntime:ehhelpers.obj
 0001:00005bda       ___AdjustPointer           10006bda f   libvcruntime:ehhelpers.obj
 0001:00005bff       ___FrameUnwindFilter       10006bff f   libvcruntime:ehhelpers.obj
 0001:00005c55       ___std_terminate           10006c55 f   libvcruntime:ehhelpers.obj
 0001:00005c60       _strchr                    10006c60 f   libvcruntime:strchr.obj
 0001:00005cce       ___from_strstr_to_strchr   10006cce     libvcruntime:strchr.obj
 0001:00005d90       __local_unwind4            10006d90 f   libvcruntime:exsup4.obj
 0001:00005e80       @_EH4_CallFilterFunc@8     10006e80 f   libvcruntime:exsup4.obj
 0001:00005ea0       @_EH4_TransferToHandler@8  10006ea0 f   libvcruntime:exsup4.obj
 0001:00005ec0       @_EH4_GlobalUnwind2@8      10006ec0 f   libvcruntime:exsup4.obj
 0001:00005ee0       @_EH4_LocalUnwind@16       10006ee0 f   libvcruntime:exsup4.obj
 0001:00005ef7       ___except_validate_context_record 10006ef7 f   libvcruntime:jbcxrval.obj
 0001:00005f27       ___vcrt_freefls@4          10006f27 f   libvcruntime:per_thread_data.obj
 0001:00005f43       ___vcrt_freeptd_for_this_thread 10006f43 f   libvcruntime:per_thread_data.obj
 0001:00005f6e       ___vcrt_getptd             10006f6e f   libvcruntime:per_thread_data.obj
 0001:00005f7c       ___vcrt_getptd_noexit      10006f7c f   libvcruntime:per_thread_data.obj
 0001:0000600e       ___vcrt_initialize_ptd     1000700e f   libvcruntime:per_thread_data.obj
 0001:00006041       ___vcrt_uninitialize_ptd   10007041 f   libvcruntime:per_thread_data.obj
 0001:0000605c       ___vcrt_initialize_locks   1000705c f   libvcruntime:locks.obj
 0001:00006098       ___vcrt_uninitialize_locks 10007098 f   libvcruntime:locks.obj
 0001:000060d0       __NLG_Notify1              100070d0 f   libvcruntime:exsup.obj
 0001:000060e0       __NLG_Notify               100070e0 f   libvcruntime:exsup.obj
 0001:000060f7       __NLG_Dispatch             100070f7     libvcruntime:exsup.obj
 0001:000060f7       __NLG_Dispatch2            100070f7     libvcruntime:exsup.obj
 0001:00006100       __NLG_Call                 10007100 f   libvcruntime:exsup.obj
 0001:00006102       __NLG_Return2              10007102     libvcruntime:exsup.obj
 0001:00006103       ?GetRangeOfTrysToCheck@__FrameHandler3@@SA?AU?$pair@Viterator@TryBlockMap@__FrameHandler3@@V123@@std@@AAVTryBlockMap@1@HPAXPBU_s_FuncInfo@@H@Z 10007103 f   libvcruntime:trnsctrl.obj
 0001:00006172       ?_CallCatchBlock2@@YAPAXPAUEHRegistrationNode@@PBU_s_FuncInfo@@PAXHK@Z 10007172 f   libvcruntime:trnsctrl.obj
 0001:000061cf       ?_CallSETranslator@@YAHPAUEHExceptionRecord@@PAUEHRegistrationNode@@PAX2PBU_s_FuncInfo@@H1@Z 100071cf f   libvcruntime:trnsctrl.obj
 0001:000062bf       ?_JumpToContinuation@@YGXPAXPAUEHRegistrationNode@@@Z 100072bf f   libvcruntime:trnsctrl.obj
 0001:000062ef       ?_UnwindNestedFrames@@YGXPAUEHRegistrationNode@@PAUEHExceptionRecord@@@Z 100072ef f   libvcruntime:trnsctrl.obj
 0001:00006342       __CatchGuardHandler        10007342 f   libvcruntime:trnsctrl.obj
 0001:00006373       __CreateFrameInfo          10007373 f   libvcruntime:trnsctrl.obj
 0001:00006397       __FindAndUnlinkFrame       10007397 f   libvcruntime:trnsctrl.obj
 0001:000063df       __TranslatorGuardHandler   100073df f   libvcruntime:trnsctrl.obj
 0001:0000647c       ___CxxFrameHandler3        1000747c f   libvcruntime:trnsctrl.obj
 0001:000064c0       _memcpy                    100074c0 f   libvcruntime:memcpy.obj
 0001:000064c0       _memmove                   100074c0 f   libvcruntime:memmove.obj
 0001:00006b1f       ___vcrt_FlsAlloc           10007b1f f   libvcruntime:winapi_downlevel.obj
 0001:00006b5a       ___vcrt_FlsFree            10007b5a f   libvcruntime:winapi_downlevel.obj
 0001:00006b95       ___vcrt_FlsGetValue        10007b95 f   libvcruntime:winapi_downlevel.obj
 0001:00006bd0       ___vcrt_FlsSetValue        10007bd0 f   libvcruntime:winapi_downlevel.obj
 0001:00006c0e       ___vcrt_InitializeCriticalSectionEx 10007c0e f   libvcruntime:winapi_downlevel.obj
 0001:00007387       ??$TypeMatchHelper@V__FrameHandler3@@@@YAHPBU_s_HandlerType@@PBU_s_CatchableType@@PBU_s_ThrowInfo@@@Z 10008387 f i libvcruntime:frame.obj
 0001:00007415       ??$__InternalCxxFrameHandler@V__FrameHandler3@@@@YA?AW4_EXCEPTION_DISPOSITION@@PAUEHExceptionRecord@@PAUEHRegistrationNode@@PAU_CONTEXT@@PAXPBU_s_FuncInfo@@H1E@Z 10008415 f i libvcruntime:frame.obj
 0001:00007517       ??$__InternalCxxFrameHandlerWrapper@V__FrameHandler3@@@@YA?AW4_EXCEPTION_DISPOSITION@@PAUEHExceptionRecord@@PAUEHRegistrationNode@@PAU_CONTEXT@@PAXPBU_s_FuncInfo@@H1E@Z 10008517 f i libvcruntime:frame.obj
 0001:00007520       ??0bad_exception@std@@QAE@ABV01@@Z 10008520 f i libvcruntime:frame.obj
 0001:0000753b       ??0bad_exception@std@@QAE@XZ 1000853b f i libvcruntime:frame.obj
 0001:00007553       ??0exception@std@@QAE@ABV01@@Z 10008553 f i libvcruntime:frame.obj
 0001:0000757f       ??1bad_exception@std@@UAE@XZ 1000857f f i libvcruntime:frame.obj
 0001:00007590       ??8type_info@@QBE_NABV0@@Z 10008590 f i libvcruntime:frame.obj
 0001:000075af       ??_Ebad_exception@std@@UAEPAXI@Z 100085af f i libvcruntime:frame.obj
 0001:000075af       ??_Eexception@std@@UAEPAXI@Z 100085af f i libvcruntime:frame.obj
 0001:000075af       ??_Gbad_exception@std@@UAEPAXI@Z 100085af f i libvcruntime:frame.obj
 0001:000075af       ??_Gexception@std@@UAEPAXI@Z 100085af f i libvcruntime:frame.obj
 0001:00007834       ?FrameUnwindToEmptyState@__FrameHandler3@@SAXPAUEHRegistrationNode@@PAXPBU_s_FuncInfo@@@Z 10008834 f   libvcruntime:frame.obj
 0001:0000784c       ?FrameUnwindToState@__FrameHandler3@@SAXPAUEHRegistrationNode@@PAXPBU_s_FuncInfo@@H@Z 1000884c f   libvcruntime:frame.obj
 0001:000079ce       ?_CallMemberFunction1@@YGXQAX00@Z 100089ce f i libvcruntime:frame.obj
 0001:000079de       ?_CallMemberFunction2@@YGXQAX00H@Z 100089de f i libvcruntime:frame.obj
 0001:000079f1       ?getESTypes@__FrameHandler3@@SAPBU_s_ESTypeList@@PBU_s_FuncInfo@@@Z 100089f1 f i libvcruntime:frame.obj
 0001:000079fc       ?what@exception@std@@UBEPBDXZ 100089fc f i libvcruntime:frame.obj
 0001:00007a10       __CallSettingFrame@12      10008a10 f   libvcruntime:lowhelpr.obj
 0001:00007a37       __NLG_Return               10008a37     libvcruntime:lowhelpr.obj
 0001:00007a5c       _unexpected                10008a5c f   libvcruntime:unexpected.obj
 0001:00007a79       ?GetCurrentState@__FrameHandler3@@SAHPAUEHRegistrationNode@@PAXPBU_s_FuncInfo@@@Z 10008a79 f   libvcruntime:ehstate.obj
 0001:00007a96       ?SetState@__FrameHandler3@@SAXPAUEHRegistrationNode@@PBU_s_FuncInfo@@H@Z 10008a96 f   libvcruntime:ehstate.obj
 0001:00007aa4       ___std_exception_copy      10008aa4 f   libvcruntime:std_exception.obj
 0001:00007b07       ___std_exception_destroy   10008b07 f   libvcruntime:std_exception.obj
 0001:00007b26       __CxxThrowException@8      10008b26 f   libvcruntime:throw.obj
 0001:00007ba0       _strncpy                   10008ba0 f   libucrt:strncpy.obj
 0001:00007cd0       _strpbrk                   10008cd0 f   libucrt:strpbrk.obj
 0001:00007d10       _strtok                    10008d10 f   libucrt:strtok.obj
 0001:00007d2e       ??$is_overflow_condition@K@__crt_strtox@@YA_NIK@Z 10008d2e f i libucrt:atox.obj
 0001:00007d5f       ??$parse_integer@KV?$c_string_character_source@D@__crt_strtox@@$00@__crt_strtox@@YAKAAV__crt_cached_ptd_host@@V?$c_string_character_source@D@0@H_N@Z 10008d5f f i libucrt:atox.obj
 0001:00007fb0       ??0__crt_cached_ptd_host@@QAE@QAU__crt_locale_pointers@@@Z 10008fb0 f i libucrt:atox.obj
 0001:00008010       ??1__crt_cached_ptd_host@@QAE@XZ 10009010 f i libucrt:atox.obj
 0001:00008050       ?force_synchronize_per_thread_data@__crt_cached_ptd_host@@AAEPAU__acrt_ptd@@XZ 10009050 f i libucrt:atox.obj
 0001:000080a0       ?get_raw_ptd@__crt_cached_ptd_host@@QAEPAU__acrt_ptd@@XZ 100090a0 f i libucrt:atox.obj
 0001:000080fc       ?unget@?$c_string_character_source@D@__crt_strtox@@QAEXD@Z 100090fc f i libucrt:atox.obj
 0001:00008130       ?update_locale_slow@__crt_cached_ptd_host@@AAEXXZ 10009130 f i libucrt:atox.obj
 0001:0000818b       ?validate@?$c_string_character_source@D@__crt_strtox@@QBE_NXZ 1000918b f i libucrt:atox.obj
 0001:000081a6       ___acrt_locale_get_ctype_array_value 100091a6 f i libucrt:atox.obj
 0001:000081c8       __ischartype_l             100091c8 f i libucrt:atox.obj
 0001:0000821f       _atoi                      1000921f f   libucrt:atox.obj
 0001:00008383       _fclose                    10009383 f   libucrt:fclose.obj
 0001:0000846a       _fopen                     1000946a f   libucrt:fopen.obj
 0001:00008481       __fread_nolock_s           10009481 f   libucrt:fread.obj
 0001:00008667       _fread                     10009667 f   libucrt:fread.obj
 0001:00008684       _fread_s                   10009684 f   libucrt:fread.obj
 0001:000087a2       ?LongLongSub@@YAJ_J0PA_J@Z 100097a2 f i libucrt:fseek.obj
 0001:00008a7d       _fseek                     10009a7d f   libucrt:fseek.obj
 0001:000090c5       __ftelli64_nolock_internal 1000a0c5 f   libucrt:ftell.obj
 0001:000090d0       _ftell                     1000a0d0 f   libucrt:ftell.obj
 0001:000091e6       _rewind                    1000a1e6 f   libucrt:rewind.obj
 0001:00009384       ??$count@D@formatting_buffer@__crt_stdio_output@@QBEIXZ 1000a384 f i libucrt:output.obj
 0001:0000939c       ??$ensure_buffer_is_big_enough@D@formatting_buffer@__crt_stdio_output@@QAE_NIAAV__crt_cached_ptd_host@@@Z 1000a39c f i libucrt:output.obj
 0001:0000941d       ??$is_wide_character_specifier@D@__crt_stdio_output@@YA_N_KDW4length_modifier@0@@Z 1000a41d f i libucrt:output.obj
 0001:0000944e       ??$parse_integer@KV?$c_string_character_source@D@__crt_strtox@@$0A@@__crt_strtox@@YAKAAV__crt_cached_ptd_host@@V?$c_string_character_source@D@0@H_N@Z 1000a44e f i libucrt:output.obj
 0001:0000965d       ??$scratch_data@D@formatting_buffer@__crt_stdio_output@@QAEPADXZ 1000a65d f i libucrt:output.obj
 0001:0000967b       ??$type_case_integer@$07@?$output_processor@DV?$string_output_adapter@D@__crt_stdio_output@@V?$standard_base@DV?$string_output_adapter@D@__crt_stdio_output@@@2@@__crt_stdio_output@@AAE_N_N@Z 1000a67b f i libucrt:output.obj
 0001:000097f8       ??$type_case_integer@$09@?$output_processor@DV?$string_output_adapter@D@__crt_stdio_output@@V?$standard_base@DV?$string_output_adapter@D@__crt_stdio_output@@@2@@__crt_stdio_output@@AAE_N_N@Z 1000a7f8 f i libucrt:output.obj
 0001:00009975       ??$type_case_integer@$0BA@@?$output_processor@DV?$string_output_adapter@D@__crt_stdio_output@@V?$standard_base@DV?$string_output_adapter@D@__crt_stdio_output@@@2@@__crt_stdio_output@@AAE_N_N@Z 1000a975 f i libucrt:output.obj
 0001:00009af2       ??$type_case_integer_parse_into_buffer@I$07@?$output_processor@DV?$string_output_adapter@D@__crt_stdio_output@@V?$standard_base@DV?$string_output_adapter@D@__crt_stdio_output@@@2@@__crt_stdio_output@@AAEXI_N@Z 1000aaf2 f i libucrt:output.obj
 0001:00009b5c       ??$type_case_integer_parse_into_buffer@I$09@?$output_processor@DV?$string_output_adapter@D@__crt_stdio_output@@V?$standard_base@DV?$string_output_adapter@D@__crt_stdio_output@@@2@@__crt_stdio_output@@AAEXI_N@Z 1000ab5c f i libucrt:output.obj
 0001:00009bd6       ??$type_case_integer_parse_into_buffer@I$0BA@@?$output_processor@DV?$string_output_adapter@D@__crt_stdio_output@@V?$standard_base@DV?$string_output_adapter@D@__crt_stdio_output@@@2@@__crt_stdio_output@@AAEXI_N@Z 1000abd6 f i libucrt:output.obj
 0001:00009c5e       ??$type_case_integer_parse_into_buffer@_K$07@?$output_processor@DV?$string_output_adapter@D@__crt_stdio_output@@V?$standard_base@DV?$string_output_adapter@D@__crt_stdio_output@@@2@@__crt_stdio_output@@AAEX_K_N@Z 1000ac5e f i libucrt:output.obj
 0001:00009cd6       ??$type_case_integer_parse_into_buffer@_K$09@?$output_processor@DV?$string_output_adapter@D@__crt_stdio_output@@V?$standard_base@DV?$string_output_adapter@D@__crt_stdio_output@@@2@@__crt_stdio_output@@AAEX_K_N@Z 1000acd6 f i libucrt:output.obj
 0001:00009d72       ??$type_case_integer_parse_into_buffer@_K$0BA@@?$output_processor@DV?$string_output_adapter@D@__crt_stdio_output@@V?$standard_base@DV?$string_output_adapter@D@__crt_stdio_output@@@2@@__crt_stdio_output@@AAEX_K_N@Z 1000ad72 f i libucrt:output.obj
 0001:00009e04       ??0?$output_adapter_data@DV?$string_output_adapter@D@__crt_stdio_output@@@__crt_stdio_output@@IAE@ABV?$string_output_adapter@D@1@_KQBDAAV__crt_cached_ptd_host@@QAD@Z 1000ae04 f i libucrt:output.obj
 0001:00009e6b       ??1formatting_buffer@__crt_stdio_output@@QAE@XZ 1000ae6b f i libucrt:output.obj
 0001:00009e85       ??4?$__crt_unique_heap_ptr@DU__crt_internal_free_policy@@@@QAEAAV0@$$QAV0@@Z 1000ae85 f i libucrt:output.obj
 0001:00009ea9       ?crop_zeroes@__crt_stdio_output@@YAXPADQAU__crt_locale_pointers@@@Z 1000aea9 f i libucrt:output.obj
 0001:00009f09       ?find_next_state@?$output_processor@DV?$string_output_adapter@D@__crt_stdio_output@@V?$standard_base@DV?$string_output_adapter@D@__crt_stdio_output@@@2@@__crt_stdio_output@@ABE?AW4state@2@DW432@@Z 1000af09 f i libucrt:output.obj
 0001:00009f44       ?force_decimal_point@__crt_stdio_output@@YAXPADQAU__crt_locale_pointers@@@Z 1000af44 f i libucrt:output.obj
 0001:00009fa0       ?parse_int_from_format_string@?$output_processor@DV?$string_output_adapter@D@__crt_stdio_output@@V?$standard_base@DV?$string_output_adapter@D@__crt_stdio_output@@@2@@__crt_stdio_output@@AAE_NQAH@Z 1000afa0 f i libucrt:output.obj
 0001:0000a018       ?process@?$output_processor@DV?$string_output_adapter@D@__crt_stdio_output@@V?$standard_base@DV?$string_output_adapter@D@__crt_stdio_output@@@2@@__crt_stdio_output@@QAEHXZ 1000b018 f i libucrt:output.obj
 0001:0000a2ec       ?state_case_size@?$output_processor@DV?$string_output_adapter@D@__crt_stdio_output@@V?$standard_base@DV?$string_output_adapter@D@__crt_stdio_output@@@2@@__crt_stdio_output@@AAE_NXZ 1000b2ec f i libucrt:output.obj
 0001:0000a44a       ?state_case_type@?$output_processor@DV?$string_output_adapter@D@__crt_stdio_output@@V?$standard_base@DV?$string_output_adapter@D@__crt_stdio_output@@@2@@__crt_stdio_output@@AAE_NXZ 1000b44a f i libucrt:output.obj
 0001:0000a7d8       ?to_integer_size@__crt_stdio_output@@YAIW4length_modifier@1@@Z 1000b7d8 f i libucrt:output.obj
 0001:0000a82c       ?type_case_Z@?$output_processor@DV?$string_output_adapter@D@__crt_stdio_output@@V?$standard_base@DV?$string_output_adapter@D@__crt_stdio_output@@@2@@__crt_stdio_output@@AAE_NXZ 1000b82c f i libucrt:output.obj
 0001:0000a886       ?type_case_a@?$output_processor@DV?$string_output_adapter@D@__crt_stdio_output@@V?$standard_base@DV?$string_output_adapter@D@__crt_stdio_output@@@2@@__crt_stdio_output@@AAE_NXZ 1000b886 f i libucrt:output.obj
 0001:0000aa10       ?type_case_c_tchar@?$output_processor@DV?$string_output_adapter@D@__crt_stdio_output@@V?$standard_base@DV?$string_output_adapter@D@__crt_stdio_output@@@2@@__crt_stdio_output@@AAE_ND@Z 1000ba10 f i libucrt:output.obj
 0001:0000aaa5       ?type_case_n@?$output_processor@DV?$string_output_adapter@D@__crt_stdio_output@@V?$standard_base@DV?$string_output_adapter@D@__crt_stdio_output@@@2@@__crt_stdio_output@@AAE_NXZ 1000baa5 f i libucrt:output.obj
 0001:0000ab29       ?type_case_o@?$output_processor@DV?$string_output_adapter@D@__crt_stdio_output@@V?$standard_base@DV?$string_output_adapter@D@__crt_stdio_output@@@2@@__crt_stdio_output@@AAE_NXZ 1000bb29 f i libucrt:output.obj
 0001:0000ab46       ?type_case_p@?$output_processor@DV?$string_output_adapter@D@__crt_stdio_output@@V?$standard_base@DV?$string_output_adapter@D@__crt_stdio_output@@@2@@__crt_stdio_output@@AAE_NXZ 1000bb46 f i libucrt:output.obj
 0001:0000ab5c       ?type_case_s@?$output_processor@DV?$string_output_adapter@D@__crt_stdio_output@@V?$standard_base@DV?$string_output_adapter@D@__crt_stdio_output@@@2@@__crt_stdio_output@@AAE_NXZ 1000bb5c f i libucrt:output.obj
 0001:0000abcd       ?validate@?$string_output_adapter@D@__crt_stdio_output@@QBE_NAAV__crt_cached_ptd_host@@@Z 1000bbcd f i libucrt:output.obj
 0001:0000abfe       ?write_string@?$string_output_adapter@D@__crt_stdio_output@@QBEXQBDHQAHAAV__crt_cached_ptd_host@@@Z 1000bbfe f i libucrt:output.obj
 0001:0000ac65       ___stdio_common_vsprintf   1000bc65 f   libucrt:output.obj
 0001:0000aca6       ??$__acrt_convert_wcs_mbs_cp@D_WV<lambda_62f6974d9771e494a5ea317cc32e971c>@@U__crt_win32_buffer_internal_dynamic_resizing@@@@YAHQBDAAV?$__crt_win32_buffer@_WU__crt_win32_buffer_internal_dynamic_resizing@@@@ABV<lambda_62f6974d9771e494a5ea317cc32e971c>@@I@Z 1000bca6 f i libucrt:access.obj
 0001:0000ad58       ??$__acrt_mbs_to_wcs_cp@U__crt_win32_buffer_internal_dynamic_resizing@@@@YAHQBDAAV?$__crt_win32_buffer@_WU__crt_win32_buffer_internal_dynamic_resizing@@@@I@Z 1000bd58 f i libucrt:access.obj
 0001:0000ad75       ??0_LocaleUpdate@@QAE@QAU__crt_locale_pointers@@@Z 1000bd75 f i libucrt:access.obj
 0001:0000adf7       ?__acrt_get_utf8_acp_compatibility_codepage@@YAIXZ 1000bdf7 f i libucrt:access.obj
 0001:0000ae36       ?_deallocate@?$__crt_win32_buffer@DU__crt_win32_buffer_internal_dynamic_resizing@@@@AAEXXZ 1000be36 f i libucrt:argv_wildcards.obj
 0001:0000ae36       ?_deallocate@?$__crt_win32_buffer@_WU__crt_win32_buffer_internal_dynamic_resizing@@@@AAEXXZ 1000be36 f i libucrt:access.obj
 0001:0000ae50       ?allocate@?$__crt_win32_buffer@_WU__crt_win32_buffer_internal_dynamic_resizing@@@@QAEHI@Z 1000be50 f i libucrt:access.obj
 0001:0000ae8f       ?allocate@__crt_win32_buffer_internal_dynamic_resizing@@SAHQAPAXIABV__crt_win32_buffer_empty_debug_info@@@Z 1000be8f f i libucrt:access.obj
 0001:0000aeae       __access                   1000beae f   libucrt:access.obj
 0001:0000aec6       __access_s                 1000bec6 f   libucrt:access.obj
 0001:0000af38       __initterm                 1000bf38 f   libucrt:initterm.obj
 0001:0000af63       __initterm_e               1000bf63 f   libucrt:initterm.obj
 0001:0000af91       __seh_filter_dll           1000bf91 f   libucrt:exception_filter.obj
 0001:0000afb1       __seh_filter_exe           1000bfb1 f   libucrt:exception_filter.obj
 0001:0000b3de       ___acrt_initialize_thread_local_exit_callback 1000c3de f   libucrt:exit.obj
 0001:0000b3ed       __cexit                    1000c3ed f   libucrt:exit.obj
 0001:0000b3fc       __exit                     1000c3fc f   libucrt:exit.obj
 0001:0000b412       __is_c_termination_complete 1000c412 f   libucrt:exit.obj
 0001:0000b6ca       ___acrt_allocate_buffer_for_argv 1000c6ca f   libucrt:argv_parsing.obj
 0001:0000b719       __configure_narrow_argv    1000c719 f   libucrt:argv_parsing.obj
 0001:0000b8c5       ___dcrt_uninitialize_environments_nolock 1000c8c5 f   libucrt:environment_initialization.obj
 0001:0000b916       __initialize_narrow_environment 1000c916 f   libucrt:environment_initialization.obj
 0001:0000ba50       __execute_onexit_table     1000ca50 f   libucrt:onexit.obj
 0001:0000ba8e       __initialize_onexit_table  1000ca8e f   libucrt:onexit.obj
 0001:0000bb07       ___acrt_uninitialize_command_line 1000cb07 f   libucrt:argv_data.obj
 0001:0000bb87       ??$__crt_fast_encode_pointer@PAX@@YAPAXQAX@Z 1000cb87 f i libucrt:initialization.obj
 0001:0000bbd4       ___acrt_initialize         1000cbd4 f   libucrt:initialization.obj
 0001:0000bbe6       ___acrt_thread_attach      1000cbe6 f   libucrt:initialization.obj
 0001:0000bbf1       ___acrt_thread_detach      1000cbf1 f   libucrt:initialization.obj
 0001:0000bbf9       ___acrt_uninitialize       1000cbf9 f   libucrt:initialization.obj
 0001:0000bc29       ___acrt_uninitialize_critical 1000cc29 f   libucrt:initialization.obj
 0001:0000bc3b       _terminate                 1000cc3b f   libucrt:terminate.obj
 0001:0000bc77       _free                      1000cc77 f   libucrt:free.obj
 0001:0000bc92       _malloc                    1000cc92 f   libucrt:malloc.obj
 0001:0000bc9d       _strcpy_s                  1000cc9d f   libucrt:strcpy_s.obj
 0001:0000bcf7       _abort                     1000ccf7 f   libucrt:abort.obj
 0001:0000bd40       _strncmp                   1000cd40 f   libucrt:strncmp.obj
 0001:0000bdb8       _calloc                    1000cdb8 f   libucrt:calloc.obj
 0001:0000bdc3       _wcsncmp                   1000cdc3 f   libucrt:wcsncmp.obj
 0001:0000c13b       ___acrt_freeptd            1000d13b f   libucrt:per_thread_data.obj
 0001:0000c167       ___acrt_getptd             1000d167 f   libucrt:per_thread_data.obj
 0001:0000c222       ___acrt_getptd_head        1000d222 f   libucrt:per_thread_data.obj
 0001:0000c2b8       ___acrt_getptd_noexit      1000d2b8 f   libucrt:per_thread_data.obj
 0001:0000c369       ___acrt_getptd_noexit_explicit 1000d369 f   libucrt:per_thread_data.obj
 0001:0000c40c       ___acrt_initialize_ptd     1000d40c f   libucrt:per_thread_data.obj
 0001:0000c438       ___acrt_uninitialize_ptd   1000d438 f   libucrt:per_thread_data.obj
 0001:0000c452       ___acrt_strtok_s_novalidation 1000d452 f   libucrt:strtok_s.obj
 0001:0000c557       ?check_synchronize_global_state_index@__crt_cached_ptd_host@@AAEIXZ 1000d557 f i libucrt:invalid_parameter.obj
 0001:0000c580       ___acrt_call_reportfault   1000d580 f   libucrt:invalid_parameter.obj
 0001:0000c6b9       ___acrt_initialize_invalid_parameter_handler 1000d6b9 f   libucrt:invalid_parameter.obj
 0001:0000c6c8       __invalid_parameter        1000d6c8 f   libucrt:invalid_parameter.obj
 0001:0000c6ff       __invalid_parameter_internal 1000d6ff f   libucrt:invalid_parameter.obj
 0001:0000c77c       __invalid_parameter_noinfo 1000d77c f   libucrt:invalid_parameter.obj
 0001:0000c78c       __invoke_watson            1000d78c f   libucrt:invalid_parameter.obj
 0001:0000c7c0       ___pctype_func             1000d7c0 f   libucrt:ctype.obj
 0001:0000c7e4       __isctype_l                1000d7e4 f   libucrt:isctype.obj
 0001:0000c8af       ___acrt_errno_from_os_error 1000d8af f   libucrt:errno.obj
 0001:0000c8f2       ___acrt_errno_map_os_error 1000d8f2 f   libucrt:errno.obj
 0001:0000c915       ___acrt_errno_map_os_error_ptd 1000d915 f   libucrt:errno.obj
 0001:0000c939       ___doserrno                1000d939 f   libucrt:errno.obj
 0001:0000c94c       __errno                    1000d94c f   libucrt:errno.obj
 0001:0000c95f       ___acrt_update_locale_info 1000d95f f   libucrt:locale_update.obj
 0001:0000c98c       ___acrt_update_locale_info_explicit 1000d98c f   libucrt:locale_update.obj
 0001:0000c9bd       ___acrt_update_multibyte_info 1000d9bd f   libucrt:locale_update.obj
 0001:0000c9ea       ___acrt_update_multibyte_info_explicit 1000d9ea f   libucrt:locale_update.obj
 0001:0000ca89       ___acrt_set_locale_changed 1000da89 f   libucrt:wsetlocale.obj
 0001:0000ca94       ___acrt_uninitialize_locale 1000da94 f   libucrt:wsetlocale.obj
 0001:0000cabb       __free_base                1000dabb f   libucrt:free_base.obj
 0001:0000caf5       __fileno                   1000daf5 f   libucrt:fileno.obj
 0001:0000cb1c       ___acrt_initialize_stdio   1000db1c f   libucrt:_file.obj
 0001:0000cbe4       ___acrt_uninitialize_stdio 1000dbe4 f   libucrt:_file.obj
 0001:0000cc30       __lock_file                1000dc30 f   libucrt:_file.obj
 0001:0000cc44       __unlock_file              1000dc44 f   libucrt:_file.obj
 0001:0000cce9       __close_internal           1000dce9 f   libucrt:close.obj
 0001:0000cd8c       __close_nolock             1000dd8c f   libucrt:close.obj
 0001:0000cdbc       __close_nolock_internal    1000ddbc f   libucrt:close.obj
 0001:0000ce5c       ?__acrt_stdio_allocate_stream@@YA?AV__crt_stdio_stream@@XZ 1000de5c f   libucrt:stream.obj
 0001:0000cec5       ?__acrt_stdio_free_stream@@YAXV__crt_stdio_stream@@@Z 1000dec5 f   libucrt:stream.obj
 0001:0000cfc2       ___acrt_stdio_free_buffer_nolock 1000dfc2 f   libucrt:_freebuf.obj
 0001:0000d1df       ___acrt_stdio_flush_nolock 1000e1df f   libucrt:fflush.obj
 0001:0000d248       __fflush_nolock            1000e248 f   libucrt:fflush.obj
 0001:0000d2ad       __flushall                 1000e2ad f   libucrt:fflush.obj
 0001:0000d2b6       ??$__acrt_stdio_parse_mode@D@@YA?AU__acrt_stdio_stream_mode@@QBD@Z 1000e2b6 f i libucrt:openfile.obj
 0001:0000d563       ?__acrt_stdio_parse_mode_D@@YA_NAAU__acrt_stdio_stream_mode@@@Z 1000e563 f i libucrt:openfile.obj
 0001:0000d57e       ?__acrt_stdio_parse_mode_T@@YA_NAAU__acrt_stdio_stream_mode@@@Z 1000e57e f i libucrt:openfile.obj
 0001:0000d59d       ?__acrt_stdio_parse_mode_b@@YA_NAAU__acrt_stdio_stream_mode@@@Z 1000e59d f i libucrt:openfile.obj
 0001:0000d5bd       ?__acrt_stdio_parse_mode_c@@YA_NAAU__acrt_stdio_stream_mode@@AA_N@Z 1000e5bd f i libucrt:openfile.obj
 0001:0000d5df       ?__acrt_stdio_parse_mode_n@@YA_NAAU__acrt_stdio_stream_mode@@AA_N@Z 1000e5df f i libucrt:openfile.obj
 0001:0000d601       ?__acrt_stdio_parse_mode_plus@@YA_NAAU__acrt_stdio_stream_mode@@AA_N@Z 1000e601 f i libucrt:openfile.obj
 0001:0000d637       ?__acrt_stdio_parse_mode_t@@YA_NAAU__acrt_stdio_stream_mode@@@Z 1000e637 f i libucrt:openfile.obj
 0001:0000d657       ?__acrt_stdio_parse_mode_x@@YA_NAAU__acrt_stdio_stream_mode@@@Z 1000e657 f i libucrt:openfile.obj
 0001:0000d677       __openfile                 1000e677 f   libucrt:openfile.obj
 0001:0000db48       __read                     1000eb48 f   libucrt:read.obj
 0001:0000dc5c       __read_nolock              1000ec5c f   libucrt:read.obj
 0001:0000e18a       ___acrt_stdio_refill_and_read_narrow_nolock 1000f18a f   libucrt:_filbuf.obj
 0001:0000e52c       __lseek_internal           1000f52c f   libucrt:lseek.obj
 0001:0000e537       __lseeki64_internal        1000f537 f   libucrt:lseek.obj
 0001:0000e555       __lseeki64_nolock          1000f555 f   libucrt:lseek.obj
 0001:0000e595       __lseeki64_nolock_internal 1000f595 f   libucrt:lseek.obj
 0001:0000e719       ___acrt_initialize_lowio   1000f719 f   libucrt:ioinit.obj
 0001:0000e779       ___acrt_uninitialize_lowio 1000f779 f   libucrt:ioinit.obj
 0001:0000e7a5       __malloc_base              1000f7a5 f   libucrt:malloc_base.obj
 0001:0000e7f3       _strnlen                   1000f7f3 f   libucrt:strnlen.obj
 0001:0000e915       _wcsnlen                   1000f915 f   libucrt:strnlen.obj
 0001:0000eac5       ?__acrt_fp_classify@@YA?AW4__acrt_fp_class@@ABN@Z 1000fac5 f i libucrt:cvt.obj
 0001:0000f48e       ___acrt_fp_format          1001048e f   libucrt:cvt.obj
 0001:0000f60f       __wctomb_internal          1001060f f   libucrt:wctomb.obj
 0001:0000f779       __mbtowc_internal          10010779 f   libucrt:mbtowc.obj
 0001:0000f8ac       __get_printf_count_output  100108ac f   libucrt:printf_count_output.obj
 0001:0000f8c1       ___acrt_MultiByteToWideChar 100108c1 f   libucrt:multibytetowidechar.obj
 0001:0000fad9       ___acrt_AppPolicyGetProcessTerminationMethodInternal@4 10010ad9 f   libucrt:winapi_thunks.obj
 0001:0000fb19       ___acrt_AreFileApisANSI@0  10010b19 f   libucrt:winapi_thunks.obj
 0001:0000fb38       ___acrt_FlsAlloc@4         10010b38 f   libucrt:winapi_thunks.obj
 0001:0000fb77       ___acrt_FlsFree@4          10010b77 f   libucrt:winapi_thunks.obj
 0001:0000fbb6       ___acrt_FlsGetValue@4      10010bb6 f   libucrt:winapi_thunks.obj
 0001:0000fbf5       ___acrt_FlsSetValue@8      10010bf5 f   libucrt:winapi_thunks.obj
 0001:0000fc37       ___acrt_InitializeCriticalSectionEx@12 10010c37 f   libucrt:winapi_thunks.obj
 0001:0000fc82       ___acrt_LCMapStringEx@36   10010c82 f   libucrt:winapi_thunks.obj
 0001:0000fcdf       ___acrt_LocaleNameToLCID@8 10010cdf f   libucrt:winapi_thunks.obj
 0001:0000fd10       ___acrt_initialize_winapi_thunks 10010d10 f   libucrt:winapi_thunks.obj
 0001:0000fd24       ___acrt_uninitialize_winapi_thunks 10010d24 f   libucrt:winapi_thunks.obj
 0001:0000fd5a       __waccess_s                10010d5a f   libucrt:waccess.obj
 0001:0000fe18       ___acrt_initialize_locks   10010e18 f   libucrt:locks.obj
 0001:0000fe59       ___acrt_lock               10010e59 f   libucrt:locks.obj
 0001:0000fe70       ___acrt_uninitialize_locks 10010e70 f   libucrt:locks.obj
 0001:0000fea1       ___acrt_unlock             10010ea1 f   libucrt:locks.obj
 0001:0000feb8       ___acrt_get_process_end_policy 10010eb8 f   libucrt:win_policies.obj
 0001:0000fee9       __calloc_base              10010ee9 f   libucrt:calloc_base.obj
 0001:0000ff5e       ??$__acrt_convert_wcs_mbs_cp@_WDV<lambda_28bda7af82a03b66c1cb3803a755f95d>@@U__crt_win32_buffer_internal_dynamic_resizing@@@@YAHQB_WAAV?$__crt_win32_buffer@DU__crt_win32_buffer_internal_dynamic_resizing@@@@ABV<lambda_28bda7af82a03b66c1cb3803a755f95d>@@I@Z 10010f5e f i libucrt:argv_wildcards.obj
 0001:00010500       ??R<lambda_0fec1a7b3f42a53036604e18c2d5e07e>@@QBEHIQB_WQADI@Z 10011500 f i libucrt:getmodulefilenamea.obj
 0001:00010500       ??R<lambda_28bda7af82a03b66c1cb3803a755f95d>@@QBEHIQB_WQADI@Z 10011500 f i libucrt:argv_wildcards.obj
 0001:00010524       ?allocate@?$__crt_win32_buffer@DU__crt_win32_buffer_internal_dynamic_resizing@@@@QAEHI@Z 10011524 f i libucrt:argv_wildcards.obj
 0001:000105e7       ___acrt_expand_narrow_argv_wildcards 100115e7 f   libucrt:argv_wildcards.obj
 0001:000105f2       ??$__acrt_convert_wcs_mbs_cp@_WDV<lambda_0fec1a7b3f42a53036604e18c2d5e07e>@@U__crt_win32_buffer_no_resizing@@@@YAHQB_WAAV?$__crt_win32_buffer@DU__crt_win32_buffer_no_resizing@@@@ABV<lambda_0fec1a7b3f42a53036604e18c2d5e07e>@@I@Z 100115f2 f i libucrt:getmodulefilenamea.obj
 0001:000106b4       ?allocate@?$__crt_win32_buffer@DU__crt_win32_buffer_no_resizing@@@@QAEHI@Z 100116b4 f i libucrt:getmodulefilenamea.obj
 0001:000106db       ?set_to_nullptr@?$__crt_win32_buffer@DU__crt_win32_buffer_no_resizing@@@@QAEXXZ 100116db f i libucrt:getmodulefilenamea.obj
 0001:000106ef       ___acrt_GetModuleFileNameA 100116ef f   libucrt:getmodulefilenamea.obj
 0001:00010d13       ___acrt_initialize_multibyte 10011d13 f   libucrt:mbctype.obj
 0001:00010d5b       ___acrt_update_thread_multibyte_data 10011d5b f   libucrt:mbctype.obj
 0001:00010d6e       __setmbcp_nolock           10011d6e f   libucrt:mbctype.obj
 0001:00010fc6       __ismbblead                10011fc6 f   libucrt:ismbbyte.obj
 0001:00010fde       ___acrt_initialize_command_line 10011fde f   libucrt:argv_data.obj
 0001:00010ff7       ___acrt_WideCharToMultiByte 10011ff7 f   libucrt:widechartomultibyte.obj
 0001:000110e5       ___dcrt_get_narrow_environment_from_os 100120e5 f   libucrt:get_environment_from_os.obj
 0001:00011185       __recalloc_base            10012185 f   libucrt:recalloc.obj
 0001:000111f2       ___acrt_initialize_heap    100121f2 f   libucrt:heap_handle.obj
 0001:00011203       ___acrt_uninitialize_heap  10012203 f   libucrt:heap_handle.obj
 0001:0001120d       ___acrt_execute_initializers 1001220d f   libucrt:shared_initialization.obj
 0001:00011275       ___acrt_execute_uninitializers 10012275 f   libucrt:shared_initialization.obj
 0001:000112a6       ___acrt_initialize_new_handler 100122a6 f   libucrt:new_handler.obj
 0001:000112b5       __callnewh                 100122b5 f   libucrt:new_handler.obj
 0001:000112e2       __query_new_handler        100122e2 f   libucrt:new_handler.obj
 0001:0001140c       ___acrt_get_sigabrt_handler 1001240c f   libucrt:signal.obj
 0001:00011433       ___acrt_initialize_signal_handlers 10012433 f   libucrt:signal.obj
 0001:00011451       _raise                     10012451 f   libucrt:signal.obj
 0001:00011644       ___acrt_has_user_matherr   10012644 f   libucrt:matherr.obj
 0001:0001165c       ___acrt_initialize_user_matherr 1001265c f   libucrt:matherr.obj
 0001:0001166b       ___acrt_invoke_user_matherr 1001266b f   libucrt:matherr.obj
 0001:0001169d       ___acrt_add_locale_ref     1001269d f   libucrt:locale_refcounting.obj
 0001:0001171a       ___acrt_free_locale        1001271a f   libucrt:locale_refcounting.obj
 0001:00011862       ___acrt_locale_add_lc_time_reference 10012862 f   libucrt:locale_refcounting.obj
 0001:0001188b       ___acrt_locale_free_lc_time_if_unreferenced 1001288b f   libucrt:locale_refcounting.obj
 0001:000118bc       ___acrt_locale_release_lc_time_reference 100128bc f   libucrt:locale_refcounting.obj
 0001:000118e5       ___acrt_release_locale_ref 100128e5 f   libucrt:locale_refcounting.obj
 0001:00011966       ___acrt_update_thread_locale_data 10012966 f   libucrt:locale_refcounting.obj
 0001:000119e7       __updatetlocinfoEx_nolock  100129e7 f   libucrt:locale_refcounting.obj
 0001:00011a37       ___acrt_GetStringTypeA     10012a37 f   libucrt:getstringtypea.obj
 0001:00011b40       __freea_crt                10012b40 f i libucrt:getstringtypea.obj
 0001:00011b60       ___acrt_locale_free_monetary 10012b60 f   libucrt:initmon.obj
 0001:00011c5e       ___acrt_locale_free_numeric 10012c5e f   libucrt:initnum.obj
 0001:00011cec       ___acrt_locale_free_time   10012cec f   libucrt:inittime.obj
 0001:00011dd0       __fcloseall                10012dd0 f   libucrt:closeall.obj
 0001:00011e7b       ___acrt_lowio_create_handle_array 10012e7b f   libucrt:osfinfo.obj
 0001:00011ef6       ___acrt_lowio_destroy_handle_array 10012ef6 f   libucrt:osfinfo.obj
 0001:00011f2b       ___acrt_lowio_ensure_fh_exists 10012f2b f   libucrt:osfinfo.obj
 0001:00011fc9       ___acrt_lowio_lock_fh      10012fc9 f   libucrt:osfinfo.obj
 0001:00011fef       ___acrt_lowio_set_os_handle 10012fef f   libucrt:osfinfo.obj
 0001:00012081       ___acrt_lowio_unlock_fh    10013081 f   libucrt:osfinfo.obj
 0001:000120a4       __alloc_osfhnd             100130a4 f   libucrt:osfinfo.obj
 0001:000121b7       __free_osfhnd              100131b7 f   libucrt:osfinfo.obj
 0001:00012248       __get_osfhandle            10013248 f   libucrt:osfinfo.obj
 0001:00012354       __commit                   10013354 f   libucrt:commit.obj
 0001:00012b7f       __write                    10013b7f f   libucrt:write.obj
 0001:00012bb6       __write_internal           10013bb6 f   libucrt:write.obj
 0001:00012cbe       __write_nolock             10013cbe f   libucrt:write.obj
 0001:00012ebe       ___ascii_wcsnicmp          10013ebe f   libucrt:wcsnicmp.obj
 0001:00012f0d       __strnicmp                 10013f0d f   libucrt:strnicmp.obj
 0001:00012f7a       __strnicmp_l               10013f7a f   libucrt:strnicmp.obj
 0001:0001360d       __sopen_nolock             1001460d f   libucrt:open.obj
 0001:0001367b       __sopen_s                  1001467b f   libucrt:open.obj
 0001:0001369b       __wsopen_nolock            1001469b f   libucrt:open.obj
 0001:000139c5       __isatty                   100149c5 f   libucrt:isatty.obj
 0001:00013a1b       ___acrt_stdio_allocate_buffer_nolock 10014a1b f   libucrt:_getbuf.obj
 0001:00013a77       __query_new_mode           10014a77 f   libucrt:new_mode.obj
 0001:00013afc       ___acrt_fp_strflt_to_string 10014afc f   libucrt:_fptostr.obj
 0001:00013c00       ?divide@__crt_strtox@@YA_KAAUbig_integer@1@ABU21@@Z 10014c00 f i libucrt:cfout.obj
 0001:00014088       ___acrt_fltout             10015088 f   libucrt:cfout.obj
 0001:000155c1       _fegetround                100165c1 f   libucrt:fegetround.obj
 0001:000155ce       ?__c32rtomb_utf8@__crt_mbstring@@YAIPAD_UPAU_Mbstatet@@AAV__crt_cached_ptd_host@@@Z 100165ce f   libucrt:c32rtomb.obj
 0001:000156aa       ?__mbrtowc_utf8@__crt_mbstring@@YAIPA_WPBDIPAU_Mbstatet@@AAV__crt_cached_ptd_host@@@Z 100166aa f   libucrt:mbrtowc.obj
 0001:000156ed       ?__mbsrtowcs_utf8@__crt_mbstring@@YAIPA_WPAPBDIPAU_Mbstatet@@AAV__crt_cached_ptd_host@@@Z 100166ed f   libucrt:mbrtowc.obj
 0001:00015845       ___acrt_DownlevelLocaleNameToLCID 10016845 f   libucrt:lcidtoname_downlevel.obj
 0001:00015880       _qsort                     10016880 f   libucrt:qsort.obj
 0001:00015e25       _strncpy_s                 10016e25 f   libucrt:strncpy_s.obj
 0001:00015e30       __mbsdec                   10016e30 f   libucrt:mbsdec.obj
 0001:00015e47       __mbsdec_l                 10016e47 f   libucrt:mbsdec.obj
 0001:000160c2       ___acrt_LCMapStringA       100170c2 f   libucrt:lcmapstringa.obj
 0001:0001611a       __msize_base               1001711a f   libucrt:msize.obj
 0001:0001614d       __realloc_base             1001714d f   libucrt:realloc_base.obj
 0001:000161b6       __query_app_type           100171b6 f   libucrt:report_runtime_error.obj
 0001:000161bc       __putwch_nolock            100171bc f   libucrt:putwch.obj
 0001:000161f0       ___ascii_strnicmp          100171f0 f   libucrt:_strnicm.obj
 0001:00016251       __get_fmode                10017251 f   libucrt:setmode.obj
 0001:0001627e       __setmode_nolock           1001727e f   libucrt:setmode.obj
 0001:0001634d       ??0__crt_seek_guard@@QAE@H_J@Z 1001734d f i libucrt:chsize.obj
 0001:0001639a       __chsize_nolock            1001739a f   libucrt:chsize.obj
 0001:000163d1       __chsize_nolock_internal   100173d1 f   libucrt:chsize.obj
 0001:00016574       __controlfp_s              10017574 f   libucrt:contrlfp.obj
 0001:000165d3       _fegetenv                  100175d3 f   libucrt:fegetenv.obj
 0001:000165f0       _fesetenv                  100175f0 f   libucrt:fesetenv.obj
 0001:0001663b       _feholdexcept              1001763b f   libucrt:feholdexcept.obj
 0001:00016690       __CIlog10                  10017690 f   libucrt:log10_impl.obj
 0001:000166cb       __CIlog10_default          100176cb f   libucrt:log10_impl.obj
 0001:000166df       __log10_default            100176df     libucrt:log10_impl.obj
 0001:000167a0       _ceil                      100177a0 f   libucrt:ceil_pentium4.obj
 0001:000167e0       __ceil_pentium4            100177e0 f   libucrt:ceil_pentium4.obj
 0001:00016b86       ___acrt_fenv_get_common_round_control 10017b86 f   libucrt:_fenvutils.obj
 0001:00016ba8       ___acrt_fenv_get_control   10017ba8 f   libucrt:_fenvutils.obj
 0001:00016c28       ___acrt_fenv_get_status    10017c28 f   libucrt:_fenvutils.obj
 0001:00016cd2       ___acrt_fenv_set_control   10017cd2 f   libucrt:_fenvutils.obj
 0001:00016d4d       ___acrt_fenv_set_status    10017d4d f   libucrt:_fenvutils.obj
 0001:00016e47       ?reset_and_return@__crt_mbstring@@YAIIPAU_Mbstatet@@@Z 10017e47 f   libucrt:common_utf8.obj
 0001:00016e5b       ?return_illegal_sequence@__crt_mbstring@@YAIPAU_Mbstatet@@AAV__crt_cached_ptd_host@@@Z 10017e5b f   libucrt:common_utf8.obj
 0001:00016e7d       ?__mbrtoc32_utf8@__crt_mbstring@@YAIPA_UPBDIPAU_Mbstatet@@AAV__crt_cached_ptd_host@@@Z 10017e7d f   libucrt:mbrtoc32.obj
 0001:0001703b       ___strncnt                 1001803b f   libucrt:strncnt.obj
 0001:00017076       ___dcrt_lowio_ensure_console_output_initialized 10018076 f   libucrt:initcon.obj
 0001:00017095       ___dcrt_terminate_console_output 10018095 f   libucrt:initcon.obj
 0001:000170ac       ___dcrt_write_console      100180ac f   libucrt:initcon.obj
 0001:00017101       ___acrt_initialize_fmode   10018101 f   libucrt:txtmode.obj
 0001:000171be       __clearfp                  100181be f   libucrt:ieee87.obj
 0001:0001729c       __control87                1001829c f   libucrt:ieee87.obj
 0001:0001763b       ___acrt_initialize_sse2    1001863b f   libucrt:mathfcns.obj
 0001:00017650       __CIlog10_pentium4         10018650 f   libucrt:log10_pentium4.obj
 0001:00017668       __log10_pentium4           10018668     libucrt:log10_pentium4.obj
 0001:00017900       __fFEXP                    10018900 f   libucrt:87tran.obj
 0001:00017957       __rtinfpopse               10018957     libucrt:87tran.obj
 0001:00017959       __rtinfnpopse              10018959     libucrt:87tran.obj
 0001:00017969       __fFLN                     10018969     libucrt:87tran.obj
 0001:00017a1e       __rtinfpop                 10018a1e     libucrt:87tran.obj
 0001:00017a20       __rtinfnpop                10018a20     libucrt:87tran.obj
 0001:00017a30       __rtforexpinf              10018a30 f   libucrt:87tran.obj
 0001:00017a3d       __ffexpm1                  10018a3d     libucrt:87tran.obj
 0001:00017af0       __trandisp1                10018af0 f   libucrt:87disp.obj
 0001:00017b65       __trandisp2                10018b65 f   libucrt:87disp.obj
 0001:00017bff       __rttospopde               10018bff     libucrt:87disp.obj
 0001:00017c04       __rttospop                 10018c04     libucrt:87disp.obj
 0001:00017c10       __rtnospop                 10018c10 f   libucrt:87disp.obj
 0001:00017c20       __rttosnpop                10018c20 f   libucrt:87disp.obj
 0001:00017c21       __rtnospopde               10018c21     libucrt:87disp.obj
 0001:00017c28       __rtzeropop                10018c28     libucrt:87disp.obj
 0001:00017c2a       __rtzeronpop               10018c2a     libucrt:87disp.obj
 0001:00017c30       __rtzerospop               10018c30 f   libucrt:87disp.obj
 0001:00017c3d       __rtonepop                 10018c3d     libucrt:87disp.obj
 0001:00017c40       __rtonenpop                10018c40 f   libucrt:87disp.obj
 0001:00017c50       __tosnan1                  10018c50 f   libucrt:87disp.obj
 0001:00017c80       __nosnan2                  10018c80 f   libucrt:87disp.obj
 0001:00017c90       __tosnan2                  10018c90 f   libucrt:87disp.obj
 0001:00017cc0       __nan2                     10018cc0 f   libucrt:87disp.obj
 0001:00017d00       __rtindfpop                10018d00 f   libucrt:87disp.obj
 0001:00017d02       __rtindfnpop               10018d02     libucrt:87disp.obj
 0001:00017d13       __rttosnpopde              10018d13     libucrt:87disp.obj
 0001:00017d20       __rtatan2inf               10018d20 f   libucrt:87disp.obj
 0001:00017d3d       __rtchsifneg               10018d3d     libucrt:87disp.obj
 0001:00017d50       __twoToTOS                 10018d50 f   libucrt:common.obj
 0001:00017d65       __load_CW                  10018d65 f   libucrt:common.obj
 0001:00017d7c       __convertTOStoQNaN         10018d7c f   libucrt:common.obj
 0001:00017d95       __fload_withFB             10018d95 f   libucrt:common.obj
 0001:00017dd8       __checkTOS_withFB          10018dd8 f   libucrt:common.obj
 0001:00017dee       __fast_exit                10018dee f   libucrt:common.obj
 0001:00017dfb       __math_exit                10018dfb f   libucrt:common.obj
 0001:00017e25       __check_overflow_exit      10018e25 f   libucrt:common.obj
 0001:00017e39       __check_range_exit         10018e39 f   libucrt:common.obj
 0001:00017ee0       __startTwoArgErrorHandling 10018ee0 f   libucrt:genexcep.obj
 0001:00017ef7       __startOneArgErrorHandling 10018ef7 f   libucrt:genexcep.obj
 0001:00017f33       ___libm_error_support      10018f33 f   libucrt:libm_error.obj
 0001:00018127       __ceil_default             10019127 f   libucrt:ceil.obj
 0001:000181dc       ___set_fpsr_sse2           100191dc f   libucrt:fpctrl.obj
 0001:0001825c       __clrfp                    1001925c f   libucrt:fpctrl.obj
 0001:0001826d       __ctrlfp                   1001926d f   libucrt:fpctrl.obj
 0001:00018297       __set_statfp               10019297 f   libucrt:fpctrl.obj
 0001:000182f0       __statfp                   100192f0 f   libucrt:fpctrl.obj
 0001:00018300       __d_inttype                10019300 f   libucrt:powhlp.obj
 0001:00018368       __powhlp                   10019368 f   libucrt:powhlp.obj
 0001:00018493       __87except                 10019493 f   libucrt:87except.obj
 0001:0001859d       __frnd                     1001959d f   libucrt:frnd.obj
 0001:000185b1       __errcode                  100195b1 f   libucrt:fpexcept.obj
 0001:000185e5       __except1                  100195e5 f   libucrt:fpexcept.obj
 0001:000186b3       __handle_exc               100196b3 f   libucrt:fpexcept.obj
 0001:0001892c       __raise_exc                1001992c f   libucrt:fpexcept.obj
 0001:0001894f       __raise_exc_ex             1001994f f   libucrt:fpexcept.obj
 0001:00018c45       __set_errno_from_matherr   10019c45 f   libucrt:fpexcept.obj
 0001:00018c74       __umatherr                 10019c74 f   libucrt:fpexcept.obj
 0001:00018d14       __decomp                   10019d14 f   libucrt:util.obj
 0001:00018de6       __set_exp                  10019de6 f   libucrt:util.obj
 0001:00018e13       __sptype                   10019e13 f   libucrt:util.obj
 0001:00018e71       __fpclass                  10019e71 f   libucrt:ieeemisc.obj
 0001:00018f20       __FindPESection            10019f20 f   LIBCMT:pesect.obj
 0001:00018f70       __IsNonwritableInCurrentImage 10019f70 f   LIBCMT:pesect.obj
 0001:00019030       __ValidateImageBase        1001a030 f   LIBCMT:pesect.obj
 0001:00019061       ??_Etype_info@@UAEPAXI@Z   1001a061 f i LIBCMT:std_type_info_static.obj
 0001:00019061       ??_Gtype_info@@UAEPAXI@Z   1001a061 f i LIBCMT:std_type_info_static.obj
 0001:00019084       __EH_epilog3               1001a084 f   LIBCMT:ehprolg3.obj
 0001:00019098       __EH_prolog3               1001a098 f   LIBCMT:ehprolg3.obj
 0001:000190cb       __EH_prolog3_catch         1001a0cb f   LIBCMT:ehprolg3.obj
 0001:00019110       __aulldvrm                 1001a110 f   LIBCMT:ulldvrm.obj
 0001:000191a5       @_guard_check_icall@4      1001a1a5 f i LIBCMT:checkcfg.obj
 0001:000191ab       ??3@YAXPAXI@Z              1001a1ab f   LIBCMT:delete_scalar_size.obj
 0001:000191c0       __allmul                   1001a1c0 f   LIBCMT:llmul.obj
 0001:00019200       __alldiv                   1001a200 f   LIBCMT:lldiv.obj
 0001:000192b0       __alldvrm                  1001a2b0 f   LIBCMT:lldvrm.obj
 0001:00019390       __allshl                   1001a390 f   LIBCMT:llshl.obj
 0001:000193b0       __aullshr                  1001a3b0 f   LIBCMT:ullshr.obj
 0001:000193d0       __alloca_probe_16          1001a3d0 f   LIBCMT:alloca16.obj
 0001:000193e6       __alloca_probe_8           1001a3e6     LIBCMT:alloca16.obj
 0001:00019400       __ftol2_sse                1001a400 f   LIBCMT:ftol2.obj
 0001:00019410       __ftoi2                    1001a410 f   LIBCMT:ftol2.obj
 0001:0001948c       ??3@YAXPAX@Z               1001a48c f   LIBCMT:delete_scalar.obj
 0001:000194a0       _strrchr                   1001a4a0 f   libvcruntime:strrchr.obj
 0001:000195d7       __filter_x86_sse2_floating_point_exception 1001a5d7 f   LIBCMT:x86_exception_filter.obj
 0001:000195d7       __filter_x86_sse2_floating_point_exception_default 1001a5d7 f   LIBCMT:x86_exception_filter.obj
 0002:00000000       __imp__FindClose@4         1001b000     kernel32:KERNEL32.dll
 0002:00000004       __imp__FindFirstFileA@8    1001b004     kernel32:KERNEL32.dll
 0002:00000008       __imp__FindNextFileA@8     1001b008     kernel32:KERNEL32.dll
 0002:0000000c       __imp__GetProcAddress@8    1001b00c     kernel32:KERNEL32.dll
 0002:00000010       __imp__LoadLibraryA@4      1001b010     kernel32:KERNEL32.dll
 0002:00000014       __imp__WriteConsoleW@20    1001b014     kernel32:KERNEL32.dll
 0002:00000018       __imp__SetEndOfFile@4      1001b018     kernel32:KERNEL32.dll
 0002:0000001c       __imp__UnhandledExceptionFilter@4 1001b01c     kernel32:KERNEL32.dll
 0002:00000020       __imp__SetUnhandledExceptionFilter@4 1001b020     kernel32:KERNEL32.dll
 0002:00000024       __imp__GetCurrentProcess@0 1001b024     kernel32:KERNEL32.dll
 0002:00000028       __imp__TerminateProcess@8  1001b028     kernel32:KERNEL32.dll
 0002:0000002c       __imp__IsProcessorFeaturePresent@4 1001b02c     kernel32:KERNEL32.dll
 0002:00000030       __imp__QueryPerformanceCounter@4 1001b030     kernel32:KERNEL32.dll
 0002:00000034       __imp__GetCurrentProcessId@0 1001b034     kernel32:KERNEL32.dll
 0002:00000038       __imp__GetCurrentThreadId@0 1001b038     kernel32:KERNEL32.dll
 0002:0000003c       __imp__GetSystemTimeAsFileTime@4 1001b03c     kernel32:KERNEL32.dll
 0002:00000040       __imp__InitializeSListHead@4 1001b040     kernel32:KERNEL32.dll
 0002:00000044       __imp__IsDebuggerPresent@0 1001b044     kernel32:KERNEL32.dll
 0002:00000048       __imp__GetStartupInfoW@4   1001b048     kernel32:KERNEL32.dll
 0002:0000004c       __imp__GetModuleHandleW@4  1001b04c     kernel32:KERNEL32.dll
 0002:00000050       __imp__InterlockedFlushSList@4 1001b050     kernel32:KERNEL32.dll
 0002:00000054       __imp__RtlUnwind@16        1001b054     kernel32:KERNEL32.dll
 0002:00000058       __imp__GetLastError@0      1001b058     kernel32:KERNEL32.dll
 0002:0000005c       __imp__SetLastError@4      1001b05c     kernel32:KERNEL32.dll
 0002:00000060       __imp__EnterCriticalSection@4 1001b060     kernel32:KERNEL32.dll
 0002:00000064       __imp__LeaveCriticalSection@4 1001b064     kernel32:KERNEL32.dll
 0002:00000068       __imp__DeleteCriticalSection@4 1001b068     kernel32:KERNEL32.dll
 0002:0000006c       __imp__InitializeCriticalSectionAndSpinCount@8 1001b06c     kernel32:KERNEL32.dll
 0002:00000070       __imp__TlsAlloc@0          1001b070     kernel32:KERNEL32.dll
 0002:00000074       __imp__TlsGetValue@4       1001b074     kernel32:KERNEL32.dll
 0002:00000078       __imp__TlsSetValue@8       1001b078     kernel32:KERNEL32.dll
 0002:0000007c       __imp__TlsFree@4           1001b07c     kernel32:KERNEL32.dll
 0002:00000080       __imp__FreeLibrary@4       1001b080     kernel32:KERNEL32.dll
 0002:00000084       __imp__LoadLibraryExW@12   1001b084     kernel32:KERNEL32.dll
 0002:00000088       __imp__EncodePointer@4     1001b088     kernel32:KERNEL32.dll
 0002:0000008c       __imp__RaiseException@16   1001b08c     kernel32:KERNEL32.dll
 0002:00000090       __imp__ReadFile@20         1001b090     kernel32:KERNEL32.dll
 0002:00000094       __imp__ExitProcess@4       1001b094     kernel32:KERNEL32.dll
 0002:00000098       __imp__GetModuleHandleExW@12 1001b098     kernel32:KERNEL32.dll
 0002:0000009c       __imp__GetModuleFileNameW@12 1001b09c     kernel32:KERNEL32.dll
 0002:000000a0       __imp__HeapFree@12         1001b0a0     kernel32:KERNEL32.dll
 0002:000000a4       __imp__CloseHandle@4       1001b0a4     kernel32:KERNEL32.dll
 0002:000000a8       __imp__GetConsoleMode@8    1001b0a8     kernel32:KERNEL32.dll
 0002:000000ac       __imp__ReadConsoleW@20     1001b0ac     kernel32:KERNEL32.dll
 0002:000000b0       __imp__SetFilePointerEx@20 1001b0b0     kernel32:KERNEL32.dll
 0002:000000b4       __imp__GetStdHandle@4      1001b0b4     kernel32:KERNEL32.dll
 0002:000000b8       __imp__GetFileType@4       1001b0b8     kernel32:KERNEL32.dll
 0002:000000bc       __imp__HeapAlloc@12        1001b0bc     kernel32:KERNEL32.dll
 0002:000000c0       __imp__MultiByteToWideChar@24 1001b0c0     kernel32:KERNEL32.dll
 0002:000000c4       __imp__LCMapStringW@24     1001b0c4     kernel32:KERNEL32.dll
 0002:000000c8       __imp__GetFileAttributesExW@12 1001b0c8     kernel32:KERNEL32.dll
 0002:000000cc       __imp__FindFirstFileExW@24 1001b0cc     kernel32:KERNEL32.dll
 0002:000000d0       __imp__FindNextFileW@8     1001b0d0     kernel32:KERNEL32.dll
 0002:000000d4       __imp__IsValidCodePage@4   1001b0d4     kernel32:KERNEL32.dll
 0002:000000d8       __imp__GetACP@0            1001b0d8     kernel32:KERNEL32.dll
 0002:000000dc       __imp__GetOEMCP@0          1001b0dc     kernel32:KERNEL32.dll
 0002:000000e0       __imp__GetCPInfo@8         1001b0e0     kernel32:KERNEL32.dll
 0002:000000e4       __imp__GetCommandLineA@0   1001b0e4     kernel32:KERNEL32.dll
 0002:000000e8       __imp__GetCommandLineW@0   1001b0e8     kernel32:KERNEL32.dll
 0002:000000ec       __imp__WideCharToMultiByte@32 1001b0ec     kernel32:KERNEL32.dll
 0002:000000f0       __imp__GetEnvironmentStringsW@0 1001b0f0     kernel32:KERNEL32.dll
 0002:000000f4       __imp__FreeEnvironmentStringsW@4 1001b0f4     kernel32:KERNEL32.dll
 0002:000000f8       __imp__GetProcessHeap@0    1001b0f8     kernel32:KERNEL32.dll
 0002:000000fc       __imp__GetStringTypeW@16   1001b0fc     kernel32:KERNEL32.dll
 0002:00000100       __imp__SetStdHandle@8      1001b100     kernel32:KERNEL32.dll
 0002:00000104       __imp__FlushFileBuffers@4  1001b104     kernel32:KERNEL32.dll
 0002:00000108       __imp__WriteFile@20        1001b108     kernel32:KERNEL32.dll
 0002:0000010c       __imp__GetConsoleOutputCP@0 1001b10c     kernel32:KERNEL32.dll
 0002:00000110       __imp__CreateFileW@28      1001b110     kernel32:KERNEL32.dll
 0002:00000114       __imp__HeapSize@12         1001b114     kernel32:KERNEL32.dll
 0002:00000118       __imp__HeapReAlloc@16      1001b118     kernel32:KERNEL32.dll
 0002:0000011c       __imp__DecodePointer@4     1001b11c     kernel32:KERNEL32.dll
 0002:00000120       \177KERNEL32_NULL_THUNK_DATA 1001b120     kernel32:KERNEL32.dll
 0002:00000124       __imp__MessageBoxA@16      1001b124     user32:USER32.dll
 0002:00000128       \177USER32_NULL_THUNK_DATA 1001b128     user32:USER32.dll
 0002:0000012c       ___guard_check_icall_fptr  1001b12c     LIBCMT:guard_support.obj
 0002:00000130       ___castguard_check_failure_os_handled_fptr 1001b130     LIBCMT:guard_support.obj
 0002:00000134       ___xc_a                    1001b134     LIBCMT:initializers.obj
 0002:0000013c       ___xc_z                    1001b13c     LIBCMT:initializers.obj
 0002:00000140       ___xi_a                    1001b140     LIBCMT:initializers.obj
 0002:00000144       ___acrt_stdio_initializer  1001b144     libucrt:stdio_initializer.obj
 0002:00000148       ___acrt_multibyte_initializer 1001b148     libucrt:multibyte_initializer.obj
 0002:0000014c       ___acrt_fmode_initializer  1001b14c     libucrt:fmode_initializer.obj
 0002:00000150       ___acrt_tran_sse2_initializer 1001b150     libucrt:sse2_initializer.obj
 0002:00000154       ___xi_z                    1001b154     LIBCMT:initializers.obj
 0002:00000158       ___xp_a                    1001b158     LIBCMT:initializers.obj
 0002:0000015c       ___acrt_locale_terminator  1001b15c     libucrt:locale_initializer.obj
 0002:00000160       ___dcrt_console_output_terminator 1001b160     libucrt:console_output_initializer.obj
 0002:00000164       ___acrt_stdio_terminator   1001b164     libucrt:stdio_initializer.obj
 0002:00000168       ___xp_z                    1001b168     LIBCMT:initializers.obj
 0002:0000016c       ___xt_a                    1001b16c     LIBCMT:initializers.obj
 0002:00000170       ___xt_z                    1001b170     LIBCMT:initializers.obj
 0002:00000ee4       ??_C@_0BA@FDLNIKIG@patcher_x86?4dll@ 1001bee4     dllmain.obj
 0002:00000ef4       ??_C@_0BB@CKHJKIEB@_GetPatcherX86?$EA0@ 1001bef4     dllmain.obj
 0002:00001410       __real@3ff0000000000000    1001c410     events.obj
 0002:00001a40       __pDefaultRawDllMain       1001ca40     LIBCMT:dll_dllmain.obj
 0002:00001a40       __pRawDllMain              1001ca40     LIBCMT:dll_dllmain.obj
 0002:00001a44       __pDestructExceptionObject 1001ca44     libvcruntime:ehhelpers.obj
 0002:00001dd0       ??_C@_08EHJDFFNH@__based?$CI@ 1001cdd0     libvcruntime:undname.obj
 0002:00001ddc       ??_C@_07KOLFKCDI@__cdecl@  1001cddc     libvcruntime:undname.obj
 0002:00001de4       ??_C@_08GHMPAG@__pascal@   1001cde4     libvcruntime:undname.obj
 0002:00001df0       ??_C@_09IFJBGAPI@__stdcall@ 1001cdf0     libvcruntime:undname.obj
 0002:00001dfc       ??_C@_0L@NPHFGOKO@__thiscall@ 1001cdfc     libvcruntime:undname.obj
 0002:00001e08       ??_C@_0L@JMKHOMEK@__fastcall@ 1001ce08     libvcruntime:undname.obj
 0002:00001e14       ??_C@_0N@BCKKPABJ@__vectorcall@ 1001ce14     libvcruntime:undname.obj
 0002:00001e24       ??_C@_09HIJEGCPM@__clrcall@ 1001ce24     libvcruntime:undname.obj
 0002:00001e30       ??_C@_06GHPCKEAG@__eabi@   1001ce30     libvcruntime:undname.obj
 0002:00001e38       ??_C@_09IOPIDJLG@__swift_1@ 1001ce38     libvcruntime:undname.obj
 0002:00001e44       ??_C@_09KFNFGKHF@__swift_2@ 1001ce44     libvcruntime:undname.obj
 0002:00001e50       ??_C@_09LMMOFLDE@__swift_3@ 1001ce50     libvcruntime:undname.obj
 0002:00001e5c       ??_C@_07JOMMBBKO@__ptr64@  1001ce5c     libvcruntime:undname.obj
 0002:00001e64       ??_C@_0L@PILCLIHE@__restrict@ 1001ce64     libvcruntime:undname.obj
 0002:00001e70       ??_C@_0M@GFIIJFMG@__unaligned@ 1001ce70     libvcruntime:undname.obj
 0002:00001e7c       ??_C@_09DHDLOLLB@restrict?$CI@ 1001ce7c     libvcruntime:undname.obj
 0002:00001e86       ??_C@_00CNPNBAHC@@         1001ce86     libvcruntime:undname.obj
 0002:00001e88       ??_C@_04NIHEBCM@?5new@     1001ce88     libvcruntime:undname.obj
 0002:00001e90       ??_C@_07FPCDHGMM@?5delete@ 1001ce90     libvcruntime:undname.obj
 0002:00001e98       ??_C@_01NEMOKFLO@?$DN@     1001ce98     libvcruntime:undname.obj
 0002:00001e9c       ??_C@_02GPIOPFAK@?$DO?$DO@ 1001ce9c     libvcruntime:undname.obj
 0002:00001ea0       ??_C@_02FODMEDOG@?$DM?$DM@ 1001cea0     libvcruntime:undname.obj
 0002:00001ea4       ??_C@_01DCLJPIOD@?$CB@     1001cea4     libvcruntime:undname.obj
 0002:00001ea8       ??_C@_02EGOFBIJA@?$DN?$DN@ 1001cea8     libvcruntime:undname.obj
 0002:00001eac       ??_C@_02FDNJECIE@?$CB?$DN@ 1001ceac     libvcruntime:undname.obj
 0002:00001eb0       ??_C@_02GPECMEKF@?$FL?$FN@ 1001ceb0     libvcruntime:undname.obj
 0002:00001eb4       ??_C@_08LHJFAFGD@operator@ 1001ceb4     libvcruntime:undname.obj
 0002:00001ec0       ??_C@_02HBOOOICD@?9?$DO@   1001cec0     libvcruntime:undname.obj
 0002:00001ec4       ??_C@_01NBENCBCI@?$CK@     1001cec4     libvcruntime:undname.obj
 0002:00001ec8       ??_C@_02ECNGHCIF@?$CL?$CL@ 1001cec8     libvcruntime:undname.obj
 0002:00001ecc       ??_C@_02BAABKJLB@?9?9@     1001cecc     libvcruntime:undname.obj
 0002:00001ed0       ??_C@_01JOAMLHOP@?9@       1001ced0     libvcruntime:undname.obj
 0002:00001ed4       ??_C@_01MIFGBAGJ@?$CL@     1001ced4     libvcruntime:undname.obj
 0002:00001ed8       ??_C@_01HNPIGOCE@?$CG@     1001ced8     libvcruntime:undname.obj
 0002:00001edc       ??_C@_03MNHNFDLC@?9?$DO?$CK@ 1001cedc     libvcruntime:undname.obj
 0002:00001ee0       ??_C@_01KMDKNFGN@?1@       1001cee0     libvcruntime:undname.obj
 0002:00001ee4       ??_C@_01FGNFDNOH@?$CF@     1001cee4     libvcruntime:undname.obj
 0002:00001ee8       ??_C@_01MNNFJEPP@?$DM@     1001cee8     libvcruntime:undname.obj
 0002:00001eec       ??_C@_02EHCHHCKH@?$DM?$DN@ 1001ceec     libvcruntime:undname.obj
 0002:00001ef0       ??_C@_01PPODPGHN@?$DO@     1001cef0     libvcruntime:undname.obj
 0002:00001ef4       ??_C@_02EEKDKGMJ@?$DO?$DN@ 1001cef4     libvcruntime:undname.obj
 0002:00001ef8       ??_C@_01IHBHIGKO@?0@       1001cef8     libvcruntime:undname.obj
 0002:00001efc       ??_C@_02HCKGKOFO@?$CI?$CJ@ 1001cefc     libvcruntime:undname.obj
 0002:00001f00       ??_C@_01PJKLJHI@?$HO@      1001cf00     libvcruntime:undname.obj
 0002:00001f04       ??_C@_01JKBOJNNK@?$FO@     1001cf04     libvcruntime:undname.obj
 0002:00001f08       ??_C@_01DNKMNLPK@?$HM@     1001cf08     libvcruntime:undname.obj
 0002:00001f0c       ??_C@_02PPKAJPJL@?$CG?$CG@ 1001cf0c     libvcruntime:undname.obj
 0002:00001f10       ??_C@_02NONPIBCD@?$HM?$HM@ 1001cf10     libvcruntime:undname.obj
 0002:00001f14       ??_C@_02FPIMKNGF@?$CK?$DN@ 1001cf14     libvcruntime:undname.obj
 0002:00001f18       ??_C@_02FOEOMHFC@?$CL?$DN@ 1001cf18     libvcruntime:undname.obj
 0002:00001f1c       ??_C@_02FKMDLLOA@?9?$DN@   1001cf1c     libvcruntime:undname.obj
 0002:00001f20       ??_C@_02FJEHGPIO@?1?$DN@   1001cf20     libvcruntime:undname.obj
 0002:00001f24       ??_C@_02FENAOKFI@?$CF?$DN@ 1001cf24     libvcruntime:undname.obj
 0002:00001f28       ??_C@_03IKFCCPFF@?$DO?$DO?$DN@ 1001cf28     libvcruntime:undname.obj
 0002:00001f2c       ??_C@_03CDNPDDLA@?$DM?$DM?$DN@ 1001cf2c     libvcruntime:undname.obj
 0002:00001f30       ??_C@_02FGJGFEAB@?$CG?$DN@ 1001cf30     libvcruntime:undname.obj
 0002:00001f34       ??_C@_02DHLNPPGH@?$HM?$DN@ 1001cf34     libvcruntime:undname.obj
 0002:00001f38       ??_C@_02MHEGNOJ@?$FO?$DN@  1001cf38     libvcruntime:undname.obj
 0002:00001f3c       ??_C@_09IFPLHPGF@?$GAvftable?8@ 1001cf3c     libvcruntime:undname.obj
 0002:00001f48       ??_C@_09BLBHBJP@?$GAvbtable?8@ 1001cf48     libvcruntime:undname.obj
 0002:00001f54       ??_C@_07FEEIOKP@?$GAvcall?8@ 1001cf54     libvcruntime:undname.obj
 0002:00001f5c       ??_C@_08LLFFHHDJ@?$GAtypeof?8@ 1001cf5c     libvcruntime:undname.obj
 0002:00001f68       ??_C@_0BF@KDPPACIK@?$GAlocal?5static?5guard?8@ 1001cf68     libvcruntime:undname.obj
 0002:00001f80       ??_C@_08OBABFOLI@?$GAstring?8@ 1001cf80     libvcruntime:undname.obj
 0002:00001f8c       ??_C@_0BD@JDLKDPAB@?$GAvbase?5destructor?8@ 1001cf8c     libvcruntime:undname.obj
 0002:00001fa0       ??_C@_0BN@DEGPLNFK@?$GAvector?5deleting?5destructor?8@ 1001cfa0     libvcruntime:undname.obj
 0002:00001fc0       ??_C@_0BO@OBMKPJIG@?$GAdefault?5constructor?5closure?8@ 1001cfc0     libvcruntime:undname.obj
 0002:00001fe0       ??_C@_0BN@IMDCHIKM@?$GAscalar?5deleting?5destructor?8@ 1001cfe0     libvcruntime:undname.obj
 0002:00002000       ??_C@_0BO@PFGOCPJJ@?$GAvector?5constructor?5iterator?8@ 1001d000     libvcruntime:undname.obj
 0002:00002020       ??_C@_0BN@LFPFMEDL@?$GAvector?5destructor?5iterator?8@ 1001d020     libvcruntime:undname.obj
 0002:00002040       ??_C@_0CE@IKBNEHA@?$GAvector?5vbase?5constructor?5itera@ 1001d040     libvcruntime:undname.obj
 0002:00002064       ??_C@_0BL@NILFHHPC@?$GAvirtual?5displacement?5map?8@ 1001d064     libvcruntime:undname.obj
 0002:00002080       ??_C@_0CB@JONCMFFK@?$GAeh?5vector?5constructor?5iterator@ 1001d080     libvcruntime:undname.obj
 0002:000020a4       ??_C@_0CA@GCEOPDGL@?$GAeh?5vector?5destructor?5iterator?8@ 1001d0a4     libvcruntime:undname.obj
 0002:000020c4       ??_C@_0CH@OOJPLCPH@?$GAeh?5vector?5vbase?5constructor?5it@ 1001d0c4     libvcruntime:undname.obj
 0002:000020ec       ??_C@_0BL@LLKPOHJI@?$GAcopy?5constructor?5closure?8@ 1001d0ec     libvcruntime:undname.obj
 0002:00002108       ??_C@_0BA@KBCDOMBN@?$GAudt?5returning?8@ 1001d108     libvcruntime:undname.obj
 0002:00002118       ??_C@_03KLGMFNMG@?$GAEH@   1001d118     libvcruntime:undname.obj
 0002:0000211c       ??_C@_05KHLCHHI@?$GARTTI@  1001d11c     libvcruntime:undname.obj
 0002:00002124       ??_C@_0BA@KKLDJDLB@?$GAlocal?5vftable?8@ 1001d124     libvcruntime:undname.obj
 0002:00002134       ??_C@_0CE@IIHCMGGL@?$GAlocal?5vftable?5constructor?5clos@ 1001d134     libvcruntime:undname.obj
 0002:00002158       ??_C@_06FHBGPFGH@?5new?$FL?$FN@ 1001d158     libvcruntime:undname.obj
 0002:00002160       ??_C@_09LBNFPBCA@?5delete?$FL?$FN@ 1001d160     libvcruntime:undname.obj
 0002:0000216c       ??_C@_0P@HJKNJFNN@?$GAomni?5callsig?8@ 1001d16c     libvcruntime:undname.obj
 0002:0000217c       ??_C@_0BL@CNOONJFP@?$GAplacement?5delete?5closure?8@ 1001d17c     libvcruntime:undname.obj
 0002:00002198       ??_C@_0BN@CKNJLHMB@?$GAplacement?5delete?$FL?$FN?5closure?8@ 1001d198     libvcruntime:undname.obj
 0002:000021b8       ??_C@_0CG@CFDHKGGD@?$GAmanaged?5vector?5constructor?5ite@ 1001d1b8     libvcruntime:undname.obj
 0002:000021e0       ??_C@_0CF@IMGKMJNO@?$GAmanaged?5vector?5destructor?5iter@ 1001d1e0     libvcruntime:undname.obj
 0002:00002208       ??_C@_0CG@HLDDJMAG@?$GAeh?5vector?5copy?5constructor?5ite@ 1001d208     libvcruntime:undname.obj
 0002:00002230       ??_C@_0CM@FCBBDIGB@?$GAeh?5vector?5vbase?5copy?5construct@ 1001d230     libvcruntime:undname.obj
 0002:0000225c       ??_C@_0BL@CLIPGLGB@?$GAdynamic?5initializer?5for?5?8@ 1001d25c     libvcruntime:undname.obj
 0002:00002278       ??_C@_0CB@PDBIFEP@?$GAdynamic?5atexit?5destructor?5for?5@ 1001d278     libvcruntime:undname.obj
 0002:0000229c       ??_C@_0CD@CGAJBKEJ@?$GAvector?5copy?5constructor?5iterat@ 1001d29c     libvcruntime:undname.obj
 0002:000022c0       ??_C@_0CJ@GJELGAMM@?$GAvector?5vbase?5copy?5constructor?5@ 1001d2c0     libvcruntime:undname.obj
 0002:000022ec       ??_C@_0CL@FGIJHLCE@?$GAmanaged?5vector?5copy?5constructo@ 1001d2ec     libvcruntime:undname.obj
 0002:00002318       ??_C@_0BM@PMGGMLDN@?$GAlocal?5static?5thread?5guard?8@ 1001d318     libvcruntime:undname.obj
 0002:00002334       ??_C@_0N@BDNMDMOL@operator?5?$CC?$CC?5@ 1001d334     libvcruntime:undname.obj
 0002:00002344       ??_C@_0BC@GGEBGALA@operator?5co_await@ 1001d344     libvcruntime:undname.obj
 0002:00002358       ??_C@_0M@GAAIMMOH@operator?$DM?$DN?$DO@ 1001d358     libvcruntime:undname.obj
 0002:00002364       ??_C@_0BC@DAFEJGAK@?5Type?5Descriptor?8@ 1001d364     libvcruntime:undname.obj
 0002:00002378       ??_C@_0BM@LDKODKLH@?5Base?5Class?5Descriptor?5at?5?$CI@ 1001d378     libvcruntime:undname.obj
 0002:00002394       ??_C@_0BD@LGICGFMM@?5Base?5Class?5Array?8@ 1001d394     libvcruntime:undname.obj
 0002:000023a8       ??_C@_0BN@MECKDCOJ@?5Class?5Hierarchy?5Descriptor?8@ 1001d3a8     libvcruntime:undname.obj
 0002:000023c8       ??_C@_0BK@CFCOFLF@?5Complete?5Object?5Locator?8@ 1001d3c8     libvcruntime:undname.obj
 0002:000023e4       ??_C@_0BG@JNJLAMPM@?$GAanonymous?5namespace?8@ 1001d3e4     libvcruntime:undname.obj
 0002:00002408       ??_C@_1DM@KHCHBNEB@?$AAa?$AAp?$AAi?$AA?9?$AAm?$AAs?$AA?9?$AAw?$AAi?$AAn?$AA?9?$AAc?$AAo?$AAr?$AAe@ 1001d408     libvcruntime:winapi_downlevel.obj
 0002:00002444       ??_C@_1DK@LPPGFMPP@?$AAa?$AAp?$AAi?$AA?9?$AAm?$AAs?$AA?9?$AAw?$AAi?$AAn?$AA?9?$AAc?$AAo?$AAr?$AAe@ 1001d444     libvcruntime:winapi_downlevel.obj
 0002:00002480       ??_C@_1BC@GDMECMAK@?$AAk?$AAe?$AAr?$AAn?$AAe?$AAl?$AA3?$AA2@ 1001d480     libvcruntime:winapi_downlevel.obj
 0002:00002494       ??_C@_1BA@PFFKHIOG@?$AAa?$AAp?$AAi?$AA?9?$AAm?$AAs?$AA?9@ 1001d494     libvcruntime:winapi_downlevel.obj
 0002:000024ac       ??_C@_08KNHFBNJ@FlsAlloc@  1001d4ac     libvcruntime:winapi_downlevel.obj
 0002:000024c0       ??_C@_07PEJMOBNF@FlsFree@  1001d4c0     libvcruntime:winapi_downlevel.obj
 0002:000024d0       ??_C@_0M@GDNOONDI@FlsGetValue@ 1001d4d0     libvcruntime:winapi_downlevel.obj
 0002:000024e4       ??_C@_0M@JCPCPOEF@FlsSetValue@ 1001d4e4     libvcruntime:winapi_downlevel.obj
 0002:000024f8       ??_C@_0BM@HCFOFFN@InitializeCriticalSectionEx@ 1001d4f8     libvcruntime:winapi_downlevel.obj
 0002:00002518       ??_7exception@std@@6B@     1001d518     libvcruntime:frame.obj
 0002:00002520       ??_C@_0BC@EOODALEL@Unknown?5exception@ 1001d520     libvcruntime:frame.obj
 0002:00002538       ??_7bad_exception@std@@6B@ 1001d538     libvcruntime:frame.obj
 0002:00002540       ??_C@_0O@DPKOEFFH@bad?5exception@ 1001d540     libvcruntime:frame.obj
 0002:00002550       ?standard_lookup_table_spectre@__crt_stdio_output@@3V?$spectre_mitigated_lookup_table@Ustate_transition_pair@__crt_stdio_output@@$0IA@@1@B 1001d550     libucrt:output.obj
 0002:00002650       ??_C@_1O@CEDCILHN@?$AA?$CI?$AAn?$AAu?$AAl?$AAl?$AA?$CJ@ 1001d650     libucrt:output.obj
 0002:00002660       ??_C@_06OJHGLDPL@?$CInull?$CJ@ 1001d660     libucrt:output.obj
 0002:00002668       ___acrt_exception_action_table 1001d668     libucrt:exception_filter.obj
 0002:000026f8       ___acrt_signal_action_table_count 1001d6f8     libucrt:exception_filter.obj
[...]
 0002:000079c0       __sehtable$??$common_fsopen@D@@YAPAU_iobuf@@QBD0H@Z 100229c0     libucrt:fopen.obj
 0002:000079e0       __sehtable$_fread_s        100229e0     libucrt:fread.obj
 0002:00007a00       __sehtable$?common_fseek@@YAHV__crt_stdio_stream@@_JHAAV__crt_cached_ptd_host@@@Z 10022a00     libucrt:fseek.obj
 0002:00007a20       __sehtable$??$common_ftell@J@@YAJV__crt_stdio_stream@@AAV__crt_cached_ptd_host@@@Z 10022a20     libucrt:ftell.obj
 0002:00007a40       __sehtable$?_rewind_internal@@YAXQAU_iobuf@@AAV__crt_cached_ptd_host@@@Z 10022a40     libucrt:rewind.obj
 0002:00007a5c       __ehfuncinfo$?write_double_translated_ansi_nolock@@YA?AUwrite_result@?A0x17268360@@HQBDIAAV__crt_cached_ptd_host@@@Z 10022a5c     libucrt:write.obj
 0002:00007a5c       __ehfuncinfo$?try_cor_exit_process@@YAXI@Z 10022a5c     libucrt:exit.obj
 0002:00007a80       __unwindtable$?common_exit@@YAXHW4_crt_exit_cleanup_mode@@W4_crt_exit_return_mode@@@Z 10022a80     libucrt:exit.obj
 0002:00007a88       __ehfuncinfo$?common_exit@@YAXHW4_crt_exit_cleanup_mode@@W4_crt_exit_return_mode@@@Z 10022a88     libucrt:exit.obj
 0002:00007ab0       __sehtable$??R<lambda_6e4b09c48022b2350581041d5f6b0c4c>@@QBE@XZ 10022ab0     libucrt:exit.obj
 0002:00007ad0       __sehtable$??$?RV<lambda_03b1d95aef87969028cfba75ccab2455>@@AAV<lambda_6e4b09c48022b2350581041d5f6b0c4c>@@V<lambda_22bdf7517842c4b3e53723af5aa32b9e>@@@?$__crt_seh_guarded_call@X@@QAEX$$QAV<lambda_03b1d95aef87969028cfba75ccab2455>@@AAV<lambda_6e4b09c48022b2350581041d5f6b0c4c>@@$$QAV<lambda_22bdf7517842c4b3e53723af5aa32b9e>@@@Z 10022ad0     libucrt:exit.obj
 0002:00007aec       __unwindtable$___dcrt_uninitialize_environments_nolock 10022aec     libucrt:environment_initialization.obj
 0002:00007afc       __ehfuncinfo$___dcrt_uninitialize_environments_nolock 10022afc     libucrt:environment_initialization.obj
 0002:00007b20       __unwindtable$__execute_onexit_table 10022b20     libucrt:onexit.obj
 0002:00007b28       __ehfuncinfo$__execute_onexit_table 10022b28     libucrt:onexit.obj
 0002:00007b50       __sehtable$??$?RV<lambda_69a2805e680e0e292e8ba93315fe43a8>@@AAV<lambda_f03950bc5685219e0bcd2087efbe011e>@@V<lambda_03fcd07e894ec930e3f35da366ca99d6>@@@?$__crt_seh_guarded_call@H@@QAEH$$QAV<lambda_69a2805e680e0e292e8ba93315fe43a8>@@AAV<lambda_f03950bc5685219e0bcd2087efbe011e>@@$$QAV<lambda_03fcd07e894ec930e3f35da366ca99d6>@@@Z 10022b50     libucrt:onexit.obj
 0002:00007b70       __sehtable$_terminate      10022b70     libucrt:terminate.obj
 0002:00007b90       __sehtable$??$?RV<lambda_15ade71b0218206bbe3333a0c9b79046>@@AAV<lambda_da44e0f8b0f19ba52fefafb335991732>@@V<lambda_207f2d024fc103971653565357d6cd41>@@@?$__crt_seh_guarded_call@X@@QAEX$$QAV<lambda_15ade71b0218206bbe3333a0c9b79046>@@AAV<lambda_da44e0f8b0f19ba52fefafb335991732>@@$$QAV<lambda_207f2d024fc103971653565357d6cd41>@@@Z 10022b90     libucrt:per_thread_data.obj
 0002:00007bb0       __sehtable$??$?RV<lambda_a7e850c220f1c8d1e6efeecdedd162c6>@@AAV<lambda_46720907175c18b6c9d2717bc0d2d362>@@V<lambda_9048902d66e8d99359bc9897bbb930a8>@@@?$__crt_seh_guarded_call@X@@QAEX$$QAV<lambda_a7e850c220f1c8d1e6efeecdedd162c6>@@AAV<lambda_46720907175c18b6c9d2717bc0d2d362>@@$$QAV<lambda_9048902d66e8d99359bc9897bbb930a8>@@@Z 10022bb0     libucrt:per_thread_data.obj
 0002:00007bd0       __sehtable$??$?RV<lambda_38edbb1296d33220d7e4dd0ed76b244a>@@AAV<lambda_5ce1d447e08cb34b2473517608e21441>@@V<lambda_fb385d3da700c9147fc39e65dd577a8c>@@@?$__crt_seh_guarded_call@X@@QAEX$$QAV<lambda_38edbb1296d33220d7e4dd0ed76b244a>@@AAV<lambda_5ce1d447e08cb34b2473517608e21441>@@$$QAV<lambda_fb385d3da700c9147fc39e65dd577a8c>@@@Z 10022bd0     libucrt:per_thread_data.obj
 0002:00007bf0       __sehtable$??$?RV<lambda_6affb1475c98b40b75cdec977db92e3c>@@AAV<lambda_b8d4b9c228a6ecc3f80208dbb4b4a104>@@V<lambda_608742c3c92a14382c1684fc64f96c88>@@@?$__crt_seh_guarded_call@X@@QAEX$$QAV<lambda_6affb1475c98b40b75cdec977db92e3c>@@AAV<lambda_b8d4b9c228a6ecc3f80208dbb4b4a104>@@$$QAV<lambda_608742c3c92a14382c1684fc64f96c88>@@@Z 10022bf0     libucrt:per_thread_data.obj
 0002:00007c10       __sehtable$??$?RV<lambda_e5124f882df8998aaf41531e079ba474>@@AAV<lambda_3e16ef9562a7dcce91392c22ab16ea36>@@V<lambda_e25ca0880e6ef98be67edffd8c599615>@@@?$__crt_seh_guarded_call@X@@QAEX$$QAV<lambda_e5124f882df8998aaf41531e079ba474>@@AAV<lambda_3e16ef9562a7dcce91392c22ab16ea36>@@$$QAV<lambda_e25ca0880e6ef98be67edffd8c599615>@@@Z 10022c10     libucrt:wsetlocale.obj
 0002:00007c30       __sehtable$??$?RV<lambda_d422a76eb4c3bf3ad751449ab71a6ea4>@@AAV<lambda_c9ba49e555ba839a7b07aa3fbecb7617>@@V<lambda_9476263c8ee91a25d21c55370bdb50de>@@@?$__crt_seh_guarded_call@H@@QAEH$$QAV<lambda_d422a76eb4c3bf3ad751449ab71a6ea4>@@AAV<lambda_c9ba49e555ba839a7b07aa3fbecb7617>@@$$QAV<lambda_9476263c8ee91a25d21c55370bdb50de>@@@Z 10022c30     libucrt:close.obj
 0002:00007c50       __sehtable$?__acrt_stdio_allocate_stream@@YA?AV__crt_stdio_stream@@XZ 10022c50     libucrt:stream.obj
 0002:00007c70       __sehtable$??$?RV<lambda_2866be3712abc81a800a822484c830d8>@@AAV<lambda_39ca0ed439415581b5b15c265174cece>@@V<lambda_2b24c74d71094a6cd0cb82e44167d71b>@@@?$__crt_seh_guarded_call@X@@QAEX$$QAV<lambda_2866be3712abc81a800a822484c830d8>@@AAV<lambda_39ca0ed439415581b5b15c265174cece>@@$$QAV<lambda_2b24c74d71094a6cd0cb82e44167d71b>@@@Z 10022c70     libucrt:fflush.obj
 0002:00007c90       __sehtable$??$?RV<lambda_2cc53f568c5a2bb6f192f930a45d44ea>@@AAV<lambda_ab61a845afdef5b7c387490eaf3616ee>@@V<lambda_c2ffc0b7726aa6be21d5f0026187e748>@@@?$__crt_seh_guarded_call@X@@QAEX$$QAV<lambda_2cc53f568c5a2bb6f192f930a45d44ea>@@AAV<lambda_ab61a845afdef5b7c387490eaf3616ee>@@$$QAV<lambda_c2ffc0b7726aa6be21d5f0026187e748>@@@Z 10022c90     libucrt:fflush.obj
 0002:00007cb0       __sehtable$__read          10022cb0     libucrt:read.obj
 0002:00007cd0       __sehtable$??$common_lseek@J@@YAJHJHAAV__crt_cached_ptd_host@@@Z 10022cd0     libucrt:lseek.obj
 0002:00007cf0       __sehtable$??$common_lseek@_J@@YA_JH_JHAAV__crt_cached_ptd_host@@@Z 10022cf0     libucrt:lseek.obj
 0002:00007d10       __sehtable$___acrt_initialize_lowio 10022d10     libucrt:ioinit.obj
 0002:00007d30       __sehtable$?update_thread_multibyte_data_internal@@YAPAU__crt_multibyte_data@@QAU__acrt_ptd@@QAPAU1@@Z 10022d30     libucrt:mbctype.obj
 0002:00007d50       __sehtable$??$?RV<lambda_ceb1ee4838e85a9d631eb091e2fbe199>@@AAV<lambda_ae742caa10f662c28703da3d2ea5e57e>@@V<lambda_cd08b5d6af4937fe54fc07d0c9bf6b37>@@@?$__crt_seh_guarded_call@X@@QAEX$$QAV<lambda_ceb1ee4838e85a9d631eb091e2fbe199>@@AAV<lambda_ae742caa10f662c28703da3d2ea5e57e>@@$$QAV<lambda_cd08b5d6af4937fe54fc07d0c9bf6b37>@@@Z 10022d50     libucrt:mbctype.obj
 0002:00007d70       __sehtable$__query_new_handler 10022d70     libucrt:new_handler.obj
 0002:00007d90       __sehtable$_raise          10022d90     libucrt:signal.obj
 0002:00007db0       __sehtable$??$?RV<lambda_cbab9ec6f41b0180b23cc171c22676b0>@@AAV<lambda_44731a7d0e6d81c3e6aa82d741081786>@@V<lambda_4b292cb8dd18144e164572427af410ab>@@@?$__crt_seh_guarded_call@P6AXH@Z@@QAEP6AXH@Z$$QAV<lambda_cbab9ec6f41b0180b23cc171c22676b0>@@AAV<lambda_44731a7d0e6d81c3e6aa82d741081786>@@$$QAV<lambda_4b292cb8dd18144e164572427af410ab>@@@Z 10022db0     libucrt:signal.obj
 0002:00007dd0       __sehtable$___acrt_update_thread_locale_data 10022dd0     libucrt:locale_refcounting.obj
 0002:00007df0       __sehtable$__fcloseall     10022df0     libucrt:closeall.obj
 0002:00007e10       __sehtable$__alloc_osfhnd  10022e10     libucrt:osfinfo.obj
 0002:00007e30       __sehtable$___acrt_lowio_ensure_fh_exists 10022e30     libucrt:osfinfo.obj
 0002:00007e50       __sehtable$??$?RV<lambda_9e9de3de5fa147e2223d7db92bc10aa6>@@AAV<lambda_38ce7e780aa69e748d6df282ebc68efe>@@V<lambda_8ca6da459f0f6780f1cff60fdc3d00e5>@@@?$__crt_seh_guarded_call@H@@QAEH$$QAV<lambda_9e9de3de5fa147e2223d7db92bc10aa6>@@AAV<lambda_38ce7e780aa69e748d6df282ebc68efe>@@$$QAV<lambda_8ca6da459f0f6780f1cff60fdc3d00e5>@@@Z 10022e50     libucrt:commit.obj
 0002:00007e70       __sehtable$__write_internal 10022e70     libucrt:write.obj
 0002:00007e90       __sehtable$??$common_sopen_dispatch@D@@YAHQBDHHHQAHH@Z 10022e90     libucrt:open.obj
 0002:00007eb0       __sehtable$___set_fpsr_sse2 10022eb0     libucrt:fpctrl.obj
 0002:00007ed0       __sehtable$__IsNonwritableInCurrentImage 10022ed0     LIBCMT:pesect.obj
 0002:00007ef0       .edata                     10022ef0     emerald3_3.exp
 0002:00007f18       rgpv                       10022f18     emerald3_3.exp
 0002:00007f2c       rgszName                   10022f2c     emerald3_3.exp
 0002:00007f40       rgwOrd                     10022f40     emerald3_3.exp
 0002:00007f4a       szName                     10022f4a     emerald3_3.exp
 0002:00007f59       $N00001                    10022f59     emerald3_3.exp
 0002:00007f72       $N00002                    10022f72     emerald3_3.exp
 0002:00007f87       $N00003                    10022f87     emerald3_3.exp
 0002:00007f99       $N00004                    10022f99     emerald3_3.exp
 0002:00007fa6       $N00005                    10022fa6     emerald3_3.exp
 0002:00008170       .idata$6                   10023170     kernel32:KERNEL32.dll
 0002:0000818c       .idata$6                   1002318c     user32:USER32.dll
 0003:00000454       ?firsttime@?1??LoadConfigs@@YGXPAUTEvent@@@Z@4HA 10024454     config.obj
 0003:00000458       ?FirstTime@?4??DllMain@@9@12@4HA 10024458     dllmain.obj
 0003:00000490       ?first_time@?1??Emerald@@YGXPAUTEvent@@@Z@4HA 10024490     emerald.obj
 0003:00000494       ?ErmV@@3PAHA               10024494     events.obj
 0003:00000498       ?ErmF@@3PAHA               10024498     events.obj
 0003:0000049c       ?first_time_init@?1??ReallocProhibitionTables@@YGXPAUTEvent@@@Z@4HA 1002449c     random.obj
 0003:00000530       ?__vcrt_flsindex@@3KA      10024530     libvcruntime:per_thread_data.obj
 0003:00000560       ?__acrt_flsindex@@3KA      10024560     libucrt:per_thread_data.obj
 0003:00000564       ?errno_no_memory@@3HA      10024564     libucrt:errno.obj
 0003:00000568       ?doserrno_no_memory@@3KA   10024568     libucrt:errno.obj
 0003:00000a38       __mbctypes                 10024a38     libucrt:mbctype.obj
 0003:00000b40       __mbcasemaps               10024b40     libucrt:mbctype.obj
 0003:00000c40       ?__rgctypeflag@@3PADA      10024c40     libucrt:mbctype.obj
 0003:00000c48       ?__rgcode_page_info@@3PAUcode_page_info@@A 10024c48     libucrt:mbctype.obj
 0003:00000da0       ?__dcrt_lowio_console_output_handle@@3PAXA 10024da0     libucrt:initcon.obj
 0003:00000db0       ?__DAZ_ENABLED@?1??__set_fpsr_sse2@@9@9 10024db0     libucrt:fpctrl.obj
 0003:00000e20       ?tmp@?1??ParseTuple@@YAHPAD0QAH@Z@4PADA 10024e20     config.obj
 0003:00008e20       ?buf@?1??LoadArtifactConfig@@YAXH@Z@4PADA 1002ce20     config.obj
 0003:00018e20       ?fname@?1??LoadArtifactConfig@@YAXH@Z@4PADA 1003ce20     config.obj
 0003:00019240       ?EventParams@@3PAHA        1003d240     dllmain.obj
 0003:00019244       ?WriteAtCode@@3P6GXHPAX0@ZA 1003d244     dllmain.obj
 0003:00019248       ?Hook@@3P6GXPAXHH0@ZA      1003d248     dllmain.obj
 0003:0001924c       ?KillThisProcess@@3P6GXXZA 1003d24c     dllmain.obj
 0003:00019250       ?FatalError@@3P6GXPAD@ZA   1003d250     dllmain.obj
 0003:00019254       ?RegisterHandler@@3P6GXP6GXPAUTEvent@@@ZPAD@ZA 1003d254     dllmain.obj
 0003:00019258       ?FireEvent@@3P6GXPADPAXH@ZA 1003d258     dllmain.obj
 0003:0001925c       ?LoadTxt@@3P6GPAUTTxtFile@@PAD@ZA 1003d25c     dllmain.obj
 0003:00019260       ?ForceTxtUnload@@3P6GXPAD@ZA 1003d260     dllmain.obj
 0003:00019264       ?ExecErmCmd@@3P6GXPAD@ZA   1003d264     dllmain.obj
 0003:00019268       ?ReloadErm@@3P6GXXZA       1003d268     dllmain.obj
 0003:0001926c       ?ExtractErm@@3P6GXXZA      1003d26c     dllmain.obj
 0003:00019270       ?FireErmEvent@@3P6GXH@ZA   1003d270     dllmain.obj
 0003:00019274       ?ClearIniCache@@3P6GXXZA   1003d274     dllmain.obj
 0003:00019278       ?ReadStrFromIni@@3P6GHPAD000@ZA 1003d278     dllmain.obj
 0003:0001927c       ?WriteStrToIni@@3P6GHPAD000@ZA 1003d27c     dllmain.obj
 0003:00019280       ?NameColor@@3P6GXHPAD@ZA   1003d280     dllmain.obj
 0003:00019284       ?WriteSavegameSection@@3P6GXHPAXPAD@ZA 1003d284     dllmain.obj
 0003:00019288       ?ReadSavegameSection@@3P6GHHPAXPAD@ZA 1003d288     dllmain.obj
 0003:0001928c       ?SaveEventParams@@3P6GXXZA 1003d28c     dllmain.obj
 0003:00019290       ?RestoreEventParams@@3P6GXXZA 1003d290     dllmain.obj
 0003:00019298       ?EventParams@@3PAHA        1003d298     emerald.obj
 0003:0001929c       ?WriteAtCode@@3P6GXHPAX0@ZA 1003d29c     emerald.obj
 0003:000192a0       ?Hook@@3P6GXPAXHH0@ZA      1003d2a0     emerald.obj
 0003:000192a4       ?KillThisProcess@@3P6GXXZA 1003d2a4     emerald.obj
 0003:000192a8       ?FatalError@@3P6GXPAD@ZA   1003d2a8     emerald.obj
 0003:000192ac       ?RegisterHandler@@3P6GXP6GXPAUTEvent@@@ZPAD@ZA 1003d2ac     emerald.obj
 0003:000192b0       ?FireEvent@@3P6GXPADPAXH@ZA 1003d2b0     emerald.obj
 0003:000192b4       ?LoadTxt@@3P6GPAUTTxtFile@@PAD@ZA 1003d2b4     emerald.obj
 0003:000192b8       ?ForceTxtUnload@@3P6GXPAD@ZA 1003d2b8     emerald.obj
 0003:000192bc       ?ExecErmCmd@@3P6GXPAD@ZA   1003d2bc     emerald.obj
 0003:000192c0       ?ReloadErm@@3P6GXXZA       1003d2c0     emerald.obj
 0003:000192c4       ?ExtractErm@@3P6GXXZA      1003d2c4     emerald.obj
 0003:000192c8       ?FireErmEvent@@3P6GXH@ZA   1003d2c8     emerald.obj
 0003:000192cc       ?ClearIniCache@@3P6GXXZA   1003d2cc     emerald.obj
 0003:000192d0       ?ReadStrFromIni@@3P6GHPAD000@ZA 1003d2d0     emerald.obj
 0003:000192d4       ?WriteStrToIni@@3P6GHPAD000@ZA 1003d2d4     emerald.obj
 0003:000192d8       ?NameColor@@3P6GXHPAD@ZA   1003d2d8     emerald.obj
 0003:000192dc       ?WriteSavegameSection@@3P6GXHPAXPAD@ZA 1003d2dc     emerald.obj
 0003:000192e0       ?ReadSavegameSection@@3P6GHHPAXPAD@ZA 1003d2e0     emerald.obj
 0003:000192e4       ?SaveEventParams@@3P6GXXZA 1003d2e4     emerald.obj
 0003:000192e8       ?RestoreEventParams@@3P6GXXZA 1003d2e8     emerald.obj
 0003:000192ec       ?EventParams@@3PAHA        1003d2ec     events.obj
 0003:000192f0       ?WriteAtCode@@3P6GXHPAX0@ZA 1003d2f0     events.obj
 0003:000192f4       ?Hook@@3P6GXPAXHH0@ZA      1003d2f4     events.obj
 0003:000192f8       ?KillThisProcess@@3P6GXXZA 1003d2f8     events.obj
 0003:000192fc       ?FatalError@@3P6GXPAD@ZA   1003d2fc     events.obj
 0003:00019300       ?RegisterHandler@@3P6GXP6GXPAUTEvent@@@ZPAD@ZA 1003d300     events.obj
 0003:00019304       ?FireEvent@@3P6GXPADPAXH@ZA 1003d304     events.obj
 0003:00019308       ?LoadTxt@@3P6GPAUTTxtFile@@PAD@ZA 1003d308     events.obj
 0003:0001930c       ?ForceTxtUnload@@3P6GXPAD@ZA 1003d30c     events.obj
 0003:00019310       ?ExecErmCmd@@3P6GXPAD@ZA   1003d310     events.obj
 0003:00019314       ?ReloadErm@@3P6GXXZA       1003d314     events.obj
 0003:00019318       ?ExtractErm@@3P6GXXZA      1003d318     events.obj
 0003:0001931c       ?FireErmEvent@@3P6GXH@ZA   1003d31c     events.obj
 0003:00019320       ?ClearIniCache@@3P6GXXZA   1003d320     events.obj
 0003:00019324       ?ReadStrFromIni@@3P6GHPAD000@ZA 1003d324     events.obj
 0003:00019328       ?WriteStrToIni@@3P6GHPAD000@ZA 1003d328     events.obj
 0003:0001932c       ?NameColor@@3P6GXHPAD@ZA   1003d32c     events.obj
 0003:00019330       ?WriteSavegameSection@@3P6GXHPAXPAD@ZA 1003d330     events.obj
 0003:00019334       ?ReadSavegameSection@@3P6GHHPAXPAD@ZA 1003d334     events.obj
 0003:00019338       ?SaveEventParams@@3P6GXXZA 1003d338     events.obj
 0003:0001933c       ?RestoreEventParams@@3P6GXXZA 1003d33c     events.obj
 0003:00570f64       ?base@?1??ReallocProhibitionTables@@YGXPAUTEvent@@@Z@4HA 10594f64     random.obj
 0003:00570f68       _GS_ExceptionRecord        10594f68     LIBCMT:gs_report.obj
 0003:00570fb8       _GS_ContextRecord          10594fb8     LIBCMT:gs_report.obj
 0003:00571284       ?__proc_attached@@3HA      10595284     LIBCMT:dll_dllmain.obj
 0003:005712a0       ?is_initialized_as_dll@@3_NA 105952a0     LIBCMT:utility.obj
 0003:005712a1       ?module_local_atexit_table_initialized@@3_NA 105952a1     LIBCMT:utility.obj
 0003:005712a4       ?module_local_atexit_table@@3U_onexit_table_t@@A 105952a4     LIBCMT:utility.obj
 0003:005712b0       ?module_local_at_quick_exit_table@@3U_onexit_table_t@@A 105952b0     LIBCMT:utility.obj
 0003:005712f4       ?heap@@3V_HeapManager@@A   105952f4     libvcruntime:undname.obj
 0003:00571308       ?__vcrt_startup_thread_ptd@@3U__vcrt_ptd@@A 10595308     libvcruntime:per_thread_data.obj
 0003:00571330       ___vcrt_lock_table         10595330     libvcruntime:locks.obj
 0003:00571348       ___vcrt_locks_initialized  10595348     libvcruntime:locks.obj
 0003:0057134c       ?module_handles@@3PAPAUHINSTANCE__@@A 1059534c     libvcruntime:winapi_downlevel.obj
 0003:00571358       ?function_pointers@@3PAPAXA 10595358     libvcruntime:winapi_downlevel.obj
 0003:00571370       ?c_termination_complete@@3JA 10595370     libucrt:exit.obj
 0003:00571374       ?thread_local_exit_callback_func@@3P6GXPAXK0@ZA 10595374     libucrt:exit.obj
 0003:00571380       ?program_name@?1???$common_configure_argv@D@@YAHW4_crt_argv_mode@@@Z@4PADA 10595380     libucrt:argv_parsing.obj
 0003:005714b0       ?__acrt_invalid_parameter_handler@@3V?$dual_state_global@P6AXPB_W00II@Z@__crt_state_management@@A 105954b0     libucrt:invalid_parameter.obj
 0003:005716cc       ?internal_state@?1??_mbtowc_internal@@9@4U_Mbstatet@@A 105956cc     libucrt:mbtowc.obj
 0003:005716d4       ?enable_percent_n@@3IA     105956d4     libucrt:printf_count_output.obj
 0003:005716e0       ?module_handles@@3PAPAUHINSTANCE__@@A 105956e0     libucrt:winapi_thunks.obj
 0003:00571730       ?encoded_function_pointers@@3PAPAXA 10595730     libucrt:winapi_thunks.obj
 0003:005717b8       ?__acrt_lock_table@@3PAU_RTL_CRITICAL_SECTION@@A 105957b8     libucrt:locks.obj
 0003:00571908       ?__acrt_locks_initialized@@3IA 10595908     libucrt:locks.obj
 0003:00571918       ?fSystemSet@@3HA           10595918     libucrt:mbctype.obj
 0003:0057191c       ?initialized@?1??__acrt_initialize_multibyte@@9@4_NA 1059591c     libucrt:mbctype.obj
 0003:0057193c       ?__acrt_new_handler@@3V?$dual_state_global@P6AHI@Z@__crt_state_management@@A 1059593c     libucrt:new_handler.obj
 0003:00571940       ?ctrlc_action@@3V?$dual_state_global@P6AXH@Z@__crt_state_management@@A 10595940     libucrt:signal.obj
 0003:00571944       ?ctrlbreak_action@@3V?$dual_state_global@P6AXH@Z@__crt_state_management@@A 10595944     libucrt:signal.obj
 0003:00571948       ?abort_action@@3V?$dual_state_global@P6AXH@Z@__crt_state_management@@A 10595948     libucrt:signal.obj
 0003:0057194c       ?term_action@@3V?$dual_state_global@P6AXH@Z@__crt_state_management@@A 1059594c     libucrt:signal.obj
 0003:00571950       ?user_matherr@@3V?$dual_state_global@P6AHPAU_exception@@@Z@__crt_state_management@@A 10595950     libucrt:matherr.obj
 0003:00571960       ?__acrt_global_new_mode@@3V?$dual_state_global@J@__crt_state_management@@A 10595960     libucrt:new_mode.obj
 0003:00571964       ?__acrt_app_type@@3W4_crt_app_type@@A 10595964     libucrt:report_runtime_error.obj
 0003:0057196c       ?internal_pst@?1??__mbrtoc32_utf8@__crt_mbstring@@YAIPA_UPBDIPAU_Mbstatet@@AAV__crt_cached_ptd_host@@@Z@4U3@A 1059596c     libucrt:mbrtoc32.obj
 0003:0057197c       __pmatherr_set             1059597c     libucrt:libm_error.obj
 0004:00000060       $R000000                   10596060     * linker generated manifest res *

 Exports

  ordinal    name

        1    ?no_save@@3UGAMEDATA2@@A (struct GAMEDATA2 no_save)
        2    ?save@@3UGAMEDATA@@A (struct GAMEDATA save)
        3    _CastArtifactSpell
               exported name: CastArtifactSpell
        4    _ConfigureArt
               exported name: ConfigureArt
        5    _ExecErmSequence
               exported name: ExecErmSequence
